bun test v1.3.10 (30e609e0)

apps/cli/tests/deploy.test.ts:
ℹ monorepo detected (root: /home/tylerbuell/Documents/AIProjects/reactive-agents-ts)
ℹ app path: apps/cli/tests/.test-deploy-output
  skip ../../../../.dockerignore (already exists)
✔ create Dockerfile
✔ create docker-compose.yml
✔ create raxd.config.ts
✔ create .env.production.example
ℹ monorepo detected (root: /home/tylerbuell/Documents/AIProjects/reactive-agents-ts)
ℹ app path: apps/cli/tests/.test-deploy-output
  skip ../../../../.dockerignore (already exists)
✔ create Dockerfile
✔ create docker-compose.yml
✔ create raxd.config.ts
✔ create .env.production.example
ℹ monorepo detected (root: /home/tylerbuell/Documents/AIProjects/reactive-agents-ts)
ℹ app path: apps/cli/tests/.test-deploy-output
  skip ../../../../.dockerignore (already exists)
  skip Dockerfile (already exists)
  skip docker-compose.yml (already exists)
  skip raxd.config.ts (already exists)
  skip .env.production.example (already exists)
ℹ monorepo detected (root: /home/tylerbuell/Documents/AIProjects/reactive-agents-ts)
ℹ app path: apps/cli/tests/.test-deploy-output
  skip ../../../../.dockerignore (already exists)
✔ create Dockerfile
✔ create docker-compose.yml
✔ create raxd.config.ts
✔ create .env.production.example
⚠ No .env.production found.
ℹ Copy .env.production.example → .env.production and add your API keys.
⚠ No .env.production found.
ℹ Copy .env.production.example → .env.production and add your API keys.
⚠ No .env.production found.
ℹ Copy .env.production.example → .env.production and add your API keys.

apps/cli/tests/run-command.test.ts:
✓ Provider: test | Model: test-model | API key: (not required)
→ [phase:execution] Starting...
ℹ️ Reactive Intelligence — Anonymous entropy data helps improve the framework. Disable with .withReactiveIntelligence({ telemetry: false }) (https://docs.reactiveagents.dev/telemetry)
  📊 [metric:tokens_used] 3 tokens
  📊 [metric:cost_usd] 0 usd
✓ [completion] Task completed in 0.1s with 3 tokens

═══ Logs (2) ═══
  01:01:38.355 INFO  Execution started {"taskId":"01KQTTF9MAEB7GKTWWQSGRZZDX","agentId":"cli-test-agent-1777942898163"}
  01:01:38.401 INFO  Execution completed {"taskId":"01KQTTF9MAEB7GKTWWQSGRZZDX","success":true,"tokensUsed":3,"cost":0,"duration":60}

═══ Spans (11) ═══
  ✓ execution.run (90.2ms) [3cbe73d6…]
    ✓ execution.phase.bootstrap (6.9ms) [3cbe73d6…]
      ✓ phase.bootstrap.metrics (0.1ms) [3cbe73d6…]
    ✓ execution.phase.strategy-select (3.9ms) [3cbe73d6…]
      ✓ phase.strategy-select.metrics (0.0ms) [3cbe73d6…]
    ✓ execution.phase.think (22.0ms) [3cbe73d6…]
      ✓ phase.think.metrics (0.0ms) [3cbe73d6…]
    ✓ execution.phase.complete (5.8ms) [3cbe73d6…]
      ✓ execution.phase.memory-flush (34.4ms) [3cbe73d6…]
        ✓ phase.complete.metrics (0.0ms) [3cbe73d6…]
    ✓ phase.memory-flush.metrics (0.0ms) [3cbe73d6…]

═══ Metrics Summary ═══
╭ Agent Execution Summary ──────────────────────╮
│ Status:   Success   Duration: 60ms   Steps: 2 │
│ Model:    test-model   (test)   Tokens: 3     │
╰───────────────────────────────────────────────╯

📊 Execution Timeline
├─ ✅  [bootstrap]            6ms
├─ ✅  [strategy-select]      3ms
├─ ✅  [think]               19ms (2 steps, 28% of time)
├─ ✅  [memory-flush]        34ms
└─ ✅  [complete]             5ms

apps/cli/tests/cli-contracts.test.ts:
    ⏭️  Set RUN_SLOW_TESTS=1 to test container CLI image availability

  Installed CLIs:
    ✅ docker: Docker version 29.4.2, build 055a478 (need >= 20.0.0)
    ✅ docker compose: Docker Compose version v2.39.4-desktop.1 (need >= 2.0.0)
    ✅ flyctl: flyctl version 0.4.19 (need >= 0.1.0)
    ✅ gcloud: Google Cloud SDK 566.0.0 (need >= 380.0.0)

  Missing CLIs (tests skipped):
    ⏭️  railway — railway adapter
    ⏭️  render — render adapter
    ⏭️  doctl — digitalocean adapter


packages/eval/tests/benchmarks.test.ts:
✓ Provider: test | Model: test-model | API key: (not required)
→ [phase:execution] Starting...
  📊 [metric:tokens_used] 9 tokens
  📊 [metric:cost_usd] 0 usd
✓ [completion] Task completed in 0.1s with 9 tokens

═══ Logs (2) ═══
  01:02:00.889 INFO  Execution started {"taskId":"01KQTTFZNE0EDEN8XT1RFTW73A","agentId":"bench-agent-1777942920822"}
  01:02:00.940 INFO  Execution completed {"taskId":"01KQTTFZNE0EDEN8XT1RFTW73A","success":true,"tokensUsed":9,"cost":0,"duration":52}

═══ Spans (11) ═══
  ✓ execution.run (69.8ms) [cdc7b682…]
    ✓ execution.phase.bootstrap (5.0ms) [cdc7b682…]
      ✓ phase.bootstrap.metrics (0.0ms) [cdc7b682…]
    ✓ execution.phase.strategy-select (21.1ms) [cdc7b682…]
      ✓ phase.strategy-select.metrics (0.0ms) [cdc7b682…]
    ✓ execution.phase.think (16.1ms) [cdc7b682…]
      ✓ phase.think.metrics (0.0ms) [cdc7b682…]
    ✓ execution.phase.complete (7.4ms) [cdc7b682…]
      ✓ execution.phase.memory-flush (23.7ms) [cdc7b682…]
        ✓ phase.complete.metrics (0.0ms) [cdc7b682…]
    ✓ phase.memory-flush.metrics (0.0ms) [cdc7b682…]

═══ Metrics Summary ═══
╭ Agent Execution Summary ──────────────────────╮
│ Status:   Success   Duration: 52ms   Steps: 2 │
│ Model:    test-model   (test)   Tokens: 9     │
╰───────────────────────────────────────────────╯

📊 Execution Timeline
├─ ✅  [bootstrap]            4ms
├─ ✅  [strategy-select]      1ms
├─ ✅  [think]               16ms (2 steps, 33% of time)
├─ ✅  [memory-flush]        21ms
└─ ✅  [complete]             5ms
⚠ withMemory("1") is deprecated. Use .withMemory() instead.
✓ Provider: test | Model: test-model | API key: (not required)
→ [phase:execution] Starting...
→ [phase:reactive:kernel] Starting...
  [iter:0:thought]
→ [phase:think] Starting...
✓ [phase:think] 0.0s
  📊 [metric:entropy] 0.15 composite
✓ [phase:reactive:kernel] 0.0s
✓ [completion] Reactive strategy terminated: final_answer
  📊 [metric:tokens_used] 182 tokens
  📊 [metric:cost_usd] 0 usd
✓ [completion] Task completed in 0.4s with 182 tokens

═══ Logs (2) ═══
  01:02:01.055 INFO  Execution started {"taskId":"01KQTTFZTQP215HWHAB1H3PEE6","agentId":"bench-full-1777942920962"}
  01:02:01.416 INFO  Execution completed {"taskId":"01KQTTFZTQP215HWHAB1H3PEE6","success":true,"tokensUsed":182,"cost":0,"duration":359}

═══ Spans (17) ═══
  ✓ execution.run (372.2ms) [eb6a87b0…]
    ✓ execution.phase.bootstrap (22.0ms) [eb6a87b0…]
      ✓ phase.bootstrap.metrics (0.0ms) [eb6a87b0…]
    ✓ execution.phase.guardrail (5.3ms) [eb6a87b0…]
      ✓ phase.guardrail.metrics (0.0ms) [eb6a87b0…]
    ✓ execution.phase.cost-route (1.3ms) [eb6a87b0…]
      ✓ phase.cost-route.metrics (0.0ms) [eb6a87b0…]
    ✓ execution.phase.strategy-select (1.1ms) [eb6a87b0…]
      ✓ phase.strategy-select.metrics (0.0ms) [eb6a87b0…]
    ✓ execution.phase.think (12.0ms) [eb6a87b0…]
      ✓ phase.think.metrics (0.0ms) [eb6a87b0…]
    ✓ execution.phase.verify (8.5ms) [eb6a87b0…]
      ✓ phase.verify.metrics (0.0ms) [eb6a87b0…]
    ✓ execution.phase.cost-track (1.8ms) [eb6a87b0…]
      ✓ phase.cost-track.metrics (0.0ms) [eb6a87b0…]
    ✓ execution.phase.complete (3.1ms) [eb6a87b0…]
      ✓ phase.complete.metrics (0.0ms) [eb6a87b0…]

═══ Metrics Summary ═══
╭ Agent Execution Summary ───────────────────────╮
│ Status:   Success   Duration: 359ms   Steps: 1 │
│ Model:    test-model   (test)   Tokens: 182    │
╰────────────────────────────────────────────────╯

📊 Execution Timeline
├─ ✅  [bootstrap]           20ms
├─ ✅  [guardrail]            5ms
├─ ✅  [cost-route]           1ms
├─ ✅  [strategy-select]      1ms
├─ ✅  [think]               12ms (1 steps, 23% of time)
├─ ✅  [verify]               8ms
├─ ✅  [cost-track]           1ms
└─ ✅  [complete]             3ms

🧠 Reasoning Signal
├─ Grade: B   Signal: flat   Mean: 0.150   Delta: 0.000
├─ Model stalled — entropy didn't decrease across iterations
├─  iter  0 ███░░░░░░░░░░░░░░░░░ 0.150 →
├─  iter  1 ███░░░░░░░░░░░░░░░░░ 0.150 →
└─  iter  2 ███░░░░░░░░░░░░░░░░░ 0.150 →

packages/llm-provider/tests/num-ctx-wiring.test.ts:
[reactive-agents] Capability fallback fired for ollama/private-model:custom: using conservative defaults (recommendedNumCtx=2048, toolCallDialect="none"). Local models with 2048 num_ctx commonly fail to call tools because the system prompt + tool schema overflows the context window. Either: (a) add private-model:custom to STATIC_CAPABILITIES in @reactive-agents/llm-provider/capability.ts, (b) override at request-time via { numCtx: 8192 } on agent.run options, or (c) wait for builder probe-on-first-use (Phase 1 Sprint 2 S2.4).

packages/llm-provider/tests/ollama-tools.test.ts:
[reactive-agents] Capability fallback fired for ollama/qwen3.5-thinking-test: using conservative defaults (recommendedNumCtx=2048, toolCallDialect="none"). Local models with 2048 num_ctx commonly fail to call tools because the system prompt + tool schema overflows the context window. Either: (a) add qwen3.5-thinking-test to STATIC_CAPABILITIES in @reactive-agents/llm-provider/capability.ts, (b) override at request-time via { numCtx: 8192 } on agent.run options, or (c) wait for builder probe-on-first-use (Phase 1 Sprint 2 S2.4).

packages/memory/tests/m10-memory-system.test.ts:
[RECALL MISS] Query "concise response length 100 words" returned 0 results (0.1ms)
Recall accuracy test results: {
  totalPreferences: 3,
  recalled: 2,
  recallAccuracy: "66.7%",
  baselineAccuracy: "0%",
  accuracyLift: "66.7pp",
  broadSearchTotal: 3,
  searchMethod: "fts5-keyword",
  diagnostic: [
    {
      query: "concise response length 100 words",
      found: "NO",
      resultCount: 0,
    }, {
      query: "technical level intermediate",
      found: "YES",
      resultCount: 1,
    }, {
      query: "bullet points lists",
      found: "YES",
      resultCount: 1,
    }
  ],
}
Memory overhead metrics: {
  entriesLogged: 100,
  totalLogTimeMs: "7.19",
  avgLogTimePerEntryMs: "0.07",
  retrievalTimeMs: "2.30",
  dbSizeKb: "4.00",
  estimatedBytesPerEntry: "41",
}
Recall strategy comparison: {
  keyTermAccuracy: "100.0%",
  nlAccuracy: "0.0%",
  improvementDelta: "100.0pp",
  finding: "Key-term search significantly more effective",
}

packages/observability/tests/observability-service.test.ts:
timestamp=2026-05-05T01:02:03.067Z level=WARN fiber=#5067 message="[observability] MetricsCollectorTag not provided in Layer — creating a fresh collector. ExecutionEngine writes and ObservabilityService reads will diverge. Wire MetricsCollectorTag in the shared Layer to suppress this warning."
timestamp=2026-05-05T01:02:03.068Z level=WARN fiber=#5068 message="[observability] MetricsCollectorTag not provided in Layer — creating a fresh collector. ExecutionEngine writes and ObservabilityService reads will diverge. Wire MetricsCollectorTag in the shared Layer to suppress this warning."
timestamp=2026-05-05T01:02:03.073Z level=WARN fiber=#5069 message="[observability] MetricsCollectorTag not provided in Layer — creating a fresh collector. ExecutionEngine writes and ObservabilityService reads will diverge. Wire MetricsCollectorTag in the shared Layer to suppress this warning."
timestamp=2026-05-05T01:02:03.075Z level=WARN fiber=#5070 message="[observability] MetricsCollectorTag not provided in Layer — creating a fresh collector. ExecutionEngine writes and ObservabilityService reads will diverge. Wire MetricsCollectorTag in the shared Layer to suppress this warning."
timestamp=2026-05-05T01:02:03.076Z level=WARN fiber=#5071 message="[observability] MetricsCollectorTag not provided in Layer — creating a fresh collector. ExecutionEngine writes and ObservabilityService reads will diverge. Wire MetricsCollectorTag in the shared Layer to suppress this warning."
timestamp=2026-05-05T01:02:03.077Z level=WARN fiber=#5072 message="[observability] MetricsCollectorTag not provided in Layer — creating a fresh collector. ExecutionEngine writes and ObservabilityService reads will diverge. Wire MetricsCollectorTag in the shared Layer to suppress this warning."
timestamp=2026-05-05T01:02:03.079Z level=WARN fiber=#5073 message="[observability] MetricsCollectorTag not provided in Layer — creating a fresh collector. ExecutionEngine writes and ObservabilityService reads will diverge. Wire MetricsCollectorTag in the shared Layer to suppress this warning."

packages/observability/tests/live-streaming.test.ts:
timestamp=2026-05-05T01:02:03.145Z level=WARN fiber=#5120 message="[observability] MetricsCollectorTag not provided in Layer — creating a fresh collector. ExecutionEngine writes and ObservabilityService reads will diverge. Wire MetricsCollectorTag in the shared Layer to suppress this warning."
timestamp=2026-05-05T01:02:03.145Z level=WARN fiber=#5121 message="[observability] MetricsCollectorTag not provided in Layer — creating a fresh collector. ExecutionEngine writes and ObservabilityService reads will diverge. Wire MetricsCollectorTag in the shared Layer to suppress this warning."
timestamp=2026-05-05T01:02:03.145Z level=WARN fiber=#5122 message="[observability] MetricsCollectorTag not provided in Layer — creating a fresh collector. ExecutionEngine writes and ObservabilityService reads will diverge. Wire MetricsCollectorTag in the shared Layer to suppress this warning."

packages/observability/tests/exporters.test.ts:
timestamp=2026-05-05T01:02:03.159Z level=WARN fiber=#5123 message="[observability] MetricsCollectorTag not provided in Layer — creating a fresh collector. ExecutionEngine writes and ObservabilityService reads will diverge. Wire MetricsCollectorTag in the shared Layer to suppress this warning."
timestamp=2026-05-05T01:02:03.165Z level=WARN fiber=#5125 message="[observability] MetricsCollectorTag not provided in Layer — creating a fresh collector. ExecutionEngine writes and ObservabilityService reads will diverge. Wire MetricsCollectorTag in the shared Layer to suppress this warning."
timestamp=2026-05-05T01:02:03.165Z level=WARN fiber=#5126 message="[observability] MetricsCollectorTag not provided in Layer — creating a fresh collector. ExecutionEngine writes and ObservabilityService reads will diverge. Wire MetricsCollectorTag in the shared Layer to suppress this warning."

packages/reactive-agents/tests/umbrella-integration.test.ts:
✓ Provider: test | Model: test-model | API key: (not required)
✓ Provider: test | Model: test-model | API key: (not required)
✓ Provider: test | Model: test-model | API key: (not required)
→ [phase:execution] Starting...
  📊 [metric:tokens_used] 10 tokens
  📊 [metric:cost_usd] 0 usd
✓ [completion] Task completed in 0.2s with 10 tokens

═══ Logs (2) ═══
  01:02:04.625 INFO  Execution started {"taskId":"01KQTTG39JVSG6C8T957RD3W4V","agentId":"run-test-1777942924509"}
  01:02:04.721 INFO  Execution completed {"taskId":"01KQTTG39JVSG6C8T957RD3W4V","success":true,"tokensUsed":10,"cost":0,"duration":115}

═══ Spans (11) ═══
  ✓ execution.run (181.5ms) [a0f156d6…]
    ✓ execution.phase.bootstrap (46.6ms) [a0f156d6…]
      ✓ phase.bootstrap.metrics (0.0ms) [a0f156d6…]
    ✓ execution.phase.strategy-select (2.7ms) [a0f156d6…]
      ✓ phase.strategy-select.metrics (0.0ms) [a0f156d6…]
    ✓ execution.phase.think (18.5ms) [a0f156d6…]
      ✓ phase.think.metrics (0.0ms) [a0f156d6…]
    ✓ execution.phase.complete (25.1ms) [a0f156d6…]
      ✓ execution.phase.memory-flush (56.1ms) [a0f156d6…]
        ✓ phase.complete.metrics (0.0ms) [a0f156d6…]
    ✓ phase.memory-flush.metrics (0.0ms) [a0f156d6…]

═══ Metrics Summary ═══
╭ Agent Execution Summary ───────────────────────╮
│ Status:   Success   Duration: 115ms   Steps: 2 │
│ Model:    test-model   (test)   Tokens: 10     │
╰────────────────────────────────────────────────╯

📊 Execution Timeline
├─ ✅  [bootstrap]           31ms
├─ ✅  [strategy-select]      3ms
├─ ✅  [think]               18ms (2 steps, 14% of time)
├─ ✅  [memory-flush]        54ms
└─ ✅  [complete]            25ms
✓ Provider: test | Model: test-model | API key: (not required)
→ [phase:execution] Starting...
→ [phase:reactive:kernel] Starting...
  [iter:0:thought]
→ [phase:think] Starting...
✓ [phase:think] 0.0s
  📊 [metric:entropy] 0.15 composite
✓ [phase:reactive:kernel] 0.0s
✓ [completion] Reactive strategy terminated: final_answer
  📊 [metric:tokens_used] 106 tokens
  📊 [metric:cost_usd] 0 usd
✓ [completion] Task completed in 0.2s with 106 tokens

═══ Logs (2) ═══
  01:02:04.890 INFO  Execution started {"taskId":"01KQTTG3JGKC5KDSQR661EFYKN","agentId":"reasoning-run-1777942924812"}
  01:02:05.043 INFO  Execution completed {"taskId":"01KQTTG3JGKC5KDSQR661EFYKN","success":true,"tokensUsed":106,"cost":0,"duration":155}

═══ Spans (9) ═══
  ✓ execution.run (163.0ms) [39b5fdec…]
    ✓ execution.phase.bootstrap (15.7ms) [39b5fdec…]
      ✓ phase.bootstrap.metrics (0.0ms) [39b5fdec…]
    ✓ execution.phase.strategy-select (2.3ms) [39b5fdec…]
      ✓ phase.strategy-select.metrics (0.0ms) [39b5fdec…]
    ✓ execution.phase.think (16.9ms) [39b5fdec…]
      ✓ phase.think.metrics (0.0ms) [39b5fdec…]
    ✓ execution.phase.complete (6.6ms) [39b5fdec…]
      ✓ phase.complete.metrics (0.0ms) [39b5fdec…]

═══ Metrics Summary ═══
╭ Agent Execution Summary ───────────────────────╮
│ Status:   Success   Duration: 155ms   Steps: 1 │
│ Model:    test-model   (test)   Tokens: 106    │
╰────────────────────────────────────────────────╯

📊 Execution Timeline
├─ ✅  [bootstrap]           15ms
├─ ✅  [strategy-select]      2ms
├─ ✅  [think]               17ms (1 steps, 45% of time)
└─ ✅  [complete]             3ms

🧠 Reasoning Signal
├─ Grade: B   Signal: flat   Mean: 0.150   Delta: 0.000
├─ Model stalled — entropy didn't decrease across iterations
├─  iter  0 ███░░░░░░░░░░░░░░░░░ 0.150 →
└─  iter  1 ███░░░░░░░░░░░░░░░░░ 0.150 →
✓ Provider: test | Model: test-model | API key: (not required)
→ [phase:execution] Starting...
  📊 [metric:tokens_used] 7 tokens
  📊 [metric:cost_usd] 0 usd
✓ [completion] Task completed in 0.1s with 7 tokens

═══ Logs (2) ═══
  01:02:05.182 INFO  Execution started {"taskId":"01KQTTG3VPEJ7CT35CW2DASWMW","agentId":"match-test-1777942925067"}
  01:02:05.284 INFO  Execution completed {"taskId":"01KQTTG3VPEJ7CT35CW2DASWMW","success":true,"tokensUsed":7,"cost":0,"duration":103}

═══ Spans (11) ═══
  ✓ execution.run (150.4ms) [d673442d…]
    ✓ execution.phase.bootstrap (4.2ms) [d673442d…]
      ✓ phase.bootstrap.metrics (0.0ms) [d673442d…]
    ✓ execution.phase.strategy-select (59.8ms) [d673442d…]
      ✓ phase.strategy-select.metrics (0.0ms) [d673442d…]
    ✓ execution.phase.think (29.4ms) [d673442d…]
      ✓ phase.think.metrics (0.0ms) [d673442d…]
    ✓ execution.phase.complete (5.6ms) [d673442d…]
      ✓ execution.phase.memory-flush (19.4ms) [d673442d…]
        ✓ phase.complete.metrics (0.0ms) [d673442d…]
    ✓ phase.memory-flush.metrics (0.0ms) [d673442d…]

═══ Metrics Summary ═══
╭ Agent Execution Summary ───────────────────────╮
│ Status:   Success   Duration: 103ms   Steps: 2 │
│ Model:    test-model   (test)   Tokens: 7      │
╰────────────────────────────────────────────────╯

📊 Execution Timeline
├─ ✅  [bootstrap]            4ms
├─ ✅  [strategy-select]     59ms
├─ ✅  [think]               29ms (2 steps, 26% of time)
├─ ✅  [memory-flush]        19ms
└─ ✅  [complete]             2ms
→ [phase:execution] Starting...
  📊 [metric:tokens_used] 7 tokens
  📊 [metric:cost_usd] 0 usd
✓ [completion] Task completed in 0.0s with 7 tokens

═══ Logs (4) ═══
  01:02:05.182 INFO  Execution started {"taskId":"01KQTTG3VPEJ7CT35CW2DASWMW","agentId":"match-test-1777942925067"}
  01:02:05.284 INFO  Execution completed {"taskId":"01KQTTG3VPEJ7CT35CW2DASWMW","success":true,"tokensUsed":7,"cost":0,"duration":103}
  01:02:05.336 INFO  Execution started {"taskId":"01KQTTG40QH7TB6F4Y17G57Z6E","agentId":"match-test-1777942925067"}
  01:02:05.356 INFO  Execution completed {"taskId":"01KQTTG40QH7TB6F4Y17G57Z6E","success":true,"tokensUsed":7,"cost":0,"duration":21}

═══ Spans (20) ═══
  ✓ execution.run (150.4ms) [d673442d…]
    ✓ execution.phase.bootstrap (4.2ms) [d673442d…]
      ✓ phase.bootstrap.metrics (0.0ms) [d673442d…]
    ✓ execution.phase.strategy-select (59.8ms) [d673442d…]
      ✓ phase.strategy-select.metrics (0.0ms) [d673442d…]
    ✓ execution.phase.think (29.4ms) [d673442d…]
      ✓ phase.think.metrics (0.0ms) [d673442d…]
    ✓ execution.phase.complete (5.6ms) [d673442d…]
      ✓ execution.phase.memory-flush (19.4ms) [d673442d…]
        ✓ phase.complete.metrics (0.0ms) [d673442d…]
    ✓ phase.memory-flush.metrics (0.0ms) [d673442d…]
  ✓ execution.run (23.1ms) [cfff5f2c…]
    ✓ execution.phase.bootstrap (9.4ms) [cfff5f2c…]
      ✓ phase.bootstrap.metrics (0.0ms) [cfff5f2c…]
    ✓ execution.phase.strategy-select (2.8ms) [cfff5f2c…]
      ✓ phase.strategy-select.metrics (0.0ms) [cfff5f2c…]
    ✓ execution.phase.think (3.3ms) [cfff5f2c…]
      ✓ phase.think.metrics (0.0ms) [cfff5f2c…]
    ✓ execution.phase.complete (3.5ms) [cfff5f2c…]
  ✓ phase.complete.metrics (0.0ms) [cfff5f2c…]

═══ Metrics Summary ═══
╭ Agent Execution Summary ───────────────────────╮
│ Status:   Success   Duration: 103ms   Steps: 2 │
│ Model:    test-model   (test)   Tokens: 7      │
╰────────────────────────────────────────────────╯

📊 Execution Timeline
├─ ✅  [bootstrap]           13ms
├─ ✅  [strategy-select]     61ms
├─ ✅  [think]               32ms (2 steps, 24% of time)
├─ ✅  [memory-flush]        19ms
└─ ✅  [complete]             5ms
✓ Provider: test | Model: test-model | API key: (not required)
→ [phase:execution] Starting...
→ [phase:reactive:kernel] Starting...
  [iter:0:thought]
→ [phase:think] Starting...
✓ [phase:think] 0.0s
  📊 [metric:entropy] 0.15 composite
✓ [phase:reactive:kernel] 0.0s
✓ [completion] Reactive strategy terminated: end_turn
  📊 [metric:tokens_used] 173 tokens
  📊 [metric:cost_usd] 0 usd
✓ [completion] Task completed in 0.2s with 173 tokens

═══ Logs (2) ═══
  01:02:05.473 INFO  Execution started {"taskId":"01KQTTG44QHP4W62AFSFTZKF2A","agentId":"full-chain-1777942925380"}
  01:02:05.646 INFO  Execution completed {"taskId":"01KQTTG44QHP4W62AFSFTZKF2A","success":true,"tokensUsed":173,"cost":0,"duration":172}

═══ Spans (11) ═══
  ✓ execution.run (180.4ms) [8ddabbdb…]
    ✓ execution.phase.bootstrap (62.7ms) [8ddabbdb…]
      ✓ phase.bootstrap.metrics (0.0ms) [8ddabbdb…]
    ✓ execution.phase.guardrail (2.7ms) [8ddabbdb…]
      ✓ phase.guardrail.metrics (0.0ms) [8ddabbdb…]
    ✓ execution.phase.strategy-select (2.9ms) [8ddabbdb…]
      ✓ phase.strategy-select.metrics (0.0ms) [8ddabbdb…]
    ✓ execution.phase.think (13.4ms) [8ddabbdb…]
      ✓ phase.think.metrics (0.0ms) [8ddabbdb…]
    ✓ execution.phase.complete (1.2ms) [8ddabbdb…]
      ✓ phase.complete.metrics (0.0ms) [8ddabbdb…]

═══ Metrics Summary ═══
╭ Agent Execution Summary ───────────────────────╮
│ Status:   Success   Duration: 172ms   Steps: 1 │
│ Model:    test-model   (test)   Tokens: 173    │
╰────────────────────────────────────────────────╯

📊 Execution Timeline
├─ ✅  [bootstrap]           62ms
├─ ✅  [guardrail]            2ms
├─ ✅  [strategy-select]      1ms
├─ ✅  [think]               11ms (1 steps, 14% of time)
└─ ✅  [complete]             1ms

🧠 Reasoning Signal
├─ Grade: B   Signal: flat   Mean: 0.150   Delta: 0.000
├─ Model stalled — entropy didn't decrease across iterations
├─  iter  0 ███░░░░░░░░░░░░░░░░░ 0.150 →
├─  iter  1 ███░░░░░░░░░░░░░░░░░ 0.150 →
└─  iter  2 ███░░░░░░░░░░░░░░░░░ 0.150 →
✓ Provider: test | Model: test-model | API key: (not required)
✓ Provider: test | Model: test-model | API key: (not required)
✓ Provider: test | Model: test-model | API key: (not required)
→ [phase:execution] Starting...
  📊 [metric:tokens_used] 11 tokens
  📊 [metric:cost_usd] 0 usd
✓ [completion] Task completed in 0.1s with 11 tokens

═══ Logs (2) ═══
  01:02:05.913 INFO  Execution started {"taskId":"01KQTTG4J7GA167WJTZ6E5T87W","agentId":"stream-test-1777942925823"}
  01:02:05.994 INFO  Execution completed {"taskId":"01KQTTG4J7GA167WJTZ6E5T87W","success":true,"tokensUsed":11,"cost":0,"duration":81}

═══ Spans (11) ═══
  ✓ execution.run (112.1ms) [0b3dc9cb…]
    ✓ execution.phase.bootstrap (44.0ms) [0b3dc9cb…]
      ✓ phase.bootstrap.metrics (0.0ms) [0b3dc9cb…]
    ✓ execution.phase.strategy-select (6.2ms) [0b3dc9cb…]
      ✓ phase.strategy-select.metrics (0.0ms) [0b3dc9cb…]
    ✓ execution.phase.think (18.9ms) [0b3dc9cb…]
      ✓ phase.think.metrics (0.0ms) [0b3dc9cb…]
    ✓ execution.phase.complete (2.2ms) [0b3dc9cb…]
      ✓ execution.phase.memory-flush (32.3ms) [0b3dc9cb…]
        ✓ phase.complete.metrics (0.0ms) [0b3dc9cb…]
    ✓ phase.memory-flush.metrics (0.0ms) [0b3dc9cb…]

═══ Metrics Summary ═══
╭ Agent Execution Summary ──────────────────────╮
│ Status:   Success   Duration: 81ms   Steps: 2 │
│ Model:    test-model   (test)   Tokens: 11    │
╰───────────────────────────────────────────────╯

📊 Execution Timeline
├─ ✅  [bootstrap]           43ms
├─ ✅  [strategy-select]      5ms
├─ ✅  [think]               19ms (2 steps, 18% of time)
├─ ✅  [memory-flush]        32ms
└─ ✅  [complete]             2ms
✓ Provider: test | Model: test-model | API key: (not required)
→ [phase:execution] Starting...
  📊 [metric:tokens_used] 10 tokens
  📊 [metric:cost_usd] 0 usd
✓ [completion] Task completed in 0.1s with 10 tokens

═══ Logs (2) ═══
  01:02:06.112 INFO  Execution started {"taskId":"01KQTTG4RQC2BJFEVEKZH0XKA0","agentId":"stream-output-1777942926033"}
  01:02:06.179 INFO  Execution completed {"taskId":"01KQTTG4RQC2BJFEVEKZH0XKA0","success":true,"tokensUsed":10,"cost":0,"duration":67}

═══ Spans (11) ═══
  ✓ execution.run (76.3ms) [ff2c0295…]
    ✓ execution.phase.bootstrap (36.4ms) [ff2c0295…]
      ✓ phase.bootstrap.metrics (0.0ms) [ff2c0295…]
    ✓ execution.phase.strategy-select (5.0ms) [ff2c0295…]
      ✓ phase.strategy-select.metrics (0.0ms) [ff2c0295…]
    ✓ execution.phase.think (18.5ms) [ff2c0295…]
      ✓ phase.think.metrics (0.0ms) [ff2c0295…]
    ✓ execution.phase.complete (2.6ms) [ff2c0295…]
      ✓ execution.phase.memory-flush (4.4ms) [ff2c0295…]
        ✓ phase.complete.metrics (0.0ms) [ff2c0295…]
    ✓ phase.memory-flush.metrics (0.0ms) [ff2c0295…]

═══ Metrics Summary ═══
╭ Agent Execution Summary ──────────────────────╮
│ Status:   Success   Duration: 67ms   Steps: 2 │
│ Model:    test-model   (test)   Tokens: 10    │
╰───────────────────────────────────────────────╯

📊 Execution Timeline
├─ ✅  [bootstrap]           35ms
├─ ✅  [strategy-select]      2ms
├─ ✅  [think]               18ms (2 steps, 29% of time)
├─ ✅  [memory-flush]         4ms
└─ ✅  [complete]             2ms
✓ Provider: test | Model: test-model | API key: (not required)
→ [phase:execution] Starting...
→ [phase:reactive:kernel] Starting...
  [iter:0:thought]
→ [phase:think] Starting...
✓ [phase:think] 0.0s
  📊 [metric:entropy] 0.15 composite
✓ [phase:reactive:kernel] 0.0s
✓ [completion] Reactive strategy terminated: final_answer
  📊 [metric:tokens_used] 107 tokens
  📊 [metric:cost_usd] 0 usd
✓ [completion] Task completed in 0.1s with 107 tokens

═══ Logs (2) ═══
  01:02:06.272 INFO  Execution started {"taskId":"01KQTTG4XMQ1PNQ2NK0CFDTCKM","agentId":"stream-reasoning-1777942926200"}
  01:02:06.395 INFO  Execution completed {"taskId":"01KQTTG4XMQ1PNQ2NK0CFDTCKM","success":true,"tokensUsed":107,"cost":0,"duration":123}

═══ Spans (9) ═══
  ✓ execution.run (130.1ms) [7b954fce…]
    ✓ execution.phase.bootstrap (23.8ms) [7b954fce…]
      ✓ phase.bootstrap.metrics (0.0ms) [7b954fce…]
    ✓ execution.phase.strategy-select (2.4ms) [7b954fce…]
      ✓ phase.strategy-select.metrics (0.0ms) [7b954fce…]
    ✓ execution.phase.think (18.4ms) [7b954fce…]
      ✓ phase.think.metrics (0.0ms) [7b954fce…]
    ✓ execution.phase.complete (2.4ms) [7b954fce…]
      ✓ phase.complete.metrics (0.0ms) [7b954fce…]

═══ Metrics Summary ═══
╭ Agent Execution Summary ───────────────────────╮
│ Status:   Success   Duration: 123ms   Steps: 1 │
│ Model:    test-model   (test)   Tokens: 107    │
╰────────────────────────────────────────────────╯

📊 Execution Timeline
├─ ✅  [bootstrap]           23ms
├─ ✅  [strategy-select]      2ms
├─ ✅  [think]               18ms (1 steps, 40% of time)
└─ ✅  [complete]             2ms

🧠 Reasoning Signal
├─ Grade: B   Signal: flat   Mean: 0.150   Delta: 0.000
├─ Model stalled — entropy didn't decrease across iterations
├─  iter  0 ███░░░░░░░░░░░░░░░░░ 0.150 →
└─  iter  1 ███░░░░░░░░░░░░░░░░░ 0.150 →
✓ Provider: test | Model: test-model | API key: (not required)

packages/reasoning/tests/m6-skill-system.test.ts:
Learning transfer rate: 100.0%
Success criterion: ≥2/3 tasks activate calculator skill after learning phase
Skill lifecycle metrics: {
  skillName: "calculator-skill",
  activationCount: 1,
  refinementCount: 1,
  averageActivationIteration: 1,
  toolUsageByTask: {
    "learn-phase": 2,
    "apply-phase-1": 1,
    "apply-phase-2": 2,
  },
  transferSuccessful: false,
}
Transfer rate measured: 100.0% (2/2 follow-up tasks activated skill)
Lifecycle works: true, RI hooks fired: true, Learning transfers: true

=== M6 SKILL SYSTEM VALIDATION REPORT ===
{
  "testDate": "2026-05-05T01:02:06.608Z",
  "scenario": "Calculator skill learning transfer across 3-task suite",
  "findings": {
    "skillLifecycle": "✓ WORKS — activate → refine pattern confirmed",
    "riHooksFiring": "✓ FIRE — onSkillActivated, onSkillRefined callbacks wired",
    "learningTransfer": "✓ TRANSFERS — 100% of follow-up tasks (2/2) reuse skill",
    "transferMechanism": "Hook-based skill activation via EventBus subscriptions"
  },
  "successCriteria": {
    "lifecycleComplete": true,
    "riHooksActive": true,
    "transferRate": 1,
    "minTransferRequired": 0.6
  },
  "recommendations": [
    "Skill lifecycle is intact: activation triggers, refinement persists",
    "RI hook wiring (builder.ts:2703-2731) successfully captures skill events",
    "Learning transfer verified: model reuses skills in subsequent tasks",
    "Consider persistence mechanism for cross-session skill evolution (Phase 1.1)"
  ]
}

packages/reasoning/tests/m5-context-curation.test.ts:
Baseline (compression OFF): {
  contextSize: 7904,
  tokens: 1974,
  latencyMs: 0.9703289999997651,
}
Conservative compression: {
  contextSize: 8374,
  tokens: 2092,
  latencyMs: 0.1493080000000191,
}
Balanced compression: {
  tokens: 1185,
}
Aggressive compression: {
  tokens: 642,
}
Stash storage (compression OFF): {
  originalBytes: 49520,
  stashedBytes: 49800,
  compressionEnabled: true,
  note: "With compression=ON, full content stored in scratchpad for curator to render",
}
Curator abstract compression: {
  fullSize: 8365,
  limitedSize: 3290,
  ratio: 0.606694560669456,
}
Multi-iteration compression results: [
  {
    originalContextSize: 3149,
    compressedContextSize: 3290,
    compressionRatio: -4.477611940298498,
    originalTokens: 788,
    compressedTokens: 823,
    tokenSavingsPercent: -4.441624365482233,
    compressionLatencyMs: 0,
    qualityDelta: 0,
  }, {
    originalContextSize: 4505,
    compressedContextSize: 3290,
    compressionRatio: 26.970033296337405,
    originalTokens: 1127,
    compressedTokens: 823,
    tokenSavingsPercent: 26.974267968056786,
    compressionLatencyMs: 0,
    qualityDelta: 0,
  }, {
    originalContextSize: 6539,
    compressedContextSize: 3290,
    compressionRatio: 49.686496406178314,
    originalTokens: 1635,
    compressedTokens: 823,
    tokenSavingsPercent: 49.66360856269113,
    compressionLatencyMs: 0,
    qualityDelta: 0,
  }
]
GREEN phase compression metrics: {
  originalContextSize: 6539,
  compressedContextSize: 4015,
  compressionRatio: 38.5991741856553,
  originalTokens: 1635,
  compressedTokens: 1004,
  tokenSavingsPercent: 38.59327217125382,
  compressionLatencyMs: 0.1565180000034161,
  qualityDelta: 0,
  stashCompressionRatio: 0,
  curatorAbstractRatio: 38.5991741856553,
}
Aggressiveness levels: {
  conservative: 1367,
  balanced: 823,
  aggressive: 460,
  balancedReduction: 39.79517190929042,
  aggressiveReduction: 44.106925880923455,
}
Multi-tier compression: {
  local: {
    tokens: 2877,
    toolResultMax: 2000,
  },
  mid: {
    tokens: 1912,
    toolResultMax: 1200,
  },
  large: {
    tokens: 1435,
    toolResultMax: 800,
  },
  frontier: {
    tokens: 1185,
    toolResultMax: 600,
  },
}

packages/runtime/tests/runtime.test.ts:
→ [phase:execution] Starting...
  📊 [metric:tokens_used] 9 tokens
  📊 [metric:cost_usd] 0 usd
✓ [completion] Task completed in 0.1s with 9 tokens

packages/runtime/tests/smoke-tool-pipeline.test.ts:
✓ Provider: test | Model: test-model | API key: (not required)
→ [phase:execution] Starting...
  📊 [metric:tokens_used] 2 tokens
  📊 [metric:cost_usd] 0 usd
✓ [completion] Task completed in 0.1s with 2 tokens

═══ Logs (2) ═══
  01:02:06.859 INFO  Execution started {"taskId":"01KQTTG5G54W781YM9CM78SB50","agentId":"tool-pipeline-1777942926774"}
  01:02:06.899 INFO  Execution completed {"taskId":"01KQTTG5G54W781YM9CM78SB50","success":true,"tokensUsed":2,"cost":0,"duration":41}

═══ Spans (11) ═══
  ✓ execution.run (51.9ms) [6c516559…]
    ✓ execution.phase.bootstrap (22.5ms) [6c516559…]
      ✓ phase.bootstrap.metrics (0.0ms) [6c516559…]
    ✓ execution.phase.strategy-select (1.1ms) [6c516559…]
      ✓ phase.strategy-select.metrics (0.0ms) [6c516559…]
    ✓ execution.phase.think (13.7ms) [6c516559…]
      ✓ phase.think.metrics (0.0ms) [6c516559…]
    ✓ execution.phase.complete (1.9ms) [6c516559…]
      ✓ execution.phase.memory-flush (5.5ms) [6c516559…]
        ✓ phase.complete.metrics (0.0ms) [6c516559…]
    ✓ phase.memory-flush.metrics (0.0ms) [6c516559…]

═══ Metrics Summary ═══
╭ Agent Execution Summary ──────────────────────╮
│ Status:   Success   Duration: 41ms   Steps: 2 │
│ Model:    test-model   (test)   Tokens: 2     │
╰───────────────────────────────────────────────╯

📊 Execution Timeline
├─ ✅  [bootstrap]           22ms
├─ ✅  [strategy-select]      1ms
├─ ✅  [think]               13ms (2 steps, 31% of time)
├─ ✅  [memory-flush]         5ms
└─ ✅  [complete]             2ms
✓ Provider: test | Model: test-model | API key: (not required)
→ [phase:execution] Starting...
  📊 [metric:tokens_used] 2 tokens
  📊 [metric:cost_usd] 0 usd
✓ [completion] Task completed in 0.0s with 2 tokens

═══ Logs (2) ═══
  01:02:06.969 INFO  Execution started {"taskId":"01KQTTG5KKXCF3YM9NM0MKNX1G","agentId":"tool-not-found-1777942926912"}
  01:02:06.991 INFO  Execution completed {"taskId":"01KQTTG5KKXCF3YM9NM0MKNX1G","success":true,"tokensUsed":2,"cost":0,"duration":22}

═══ Spans (11) ═══
  ✓ execution.run (28.0ms) [5db6889a…]
    ✓ execution.phase.bootstrap (4.9ms) [5db6889a…]
      ✓ phase.bootstrap.metrics (0.0ms) [5db6889a…]
    ✓ execution.phase.strategy-select (1.1ms) [5db6889a…]
      ✓ phase.strategy-select.metrics (0.0ms) [5db6889a…]
    ✓ execution.phase.think (12.2ms) [5db6889a…]
      ✓ phase.think.metrics (0.0ms) [5db6889a…]
    ✓ execution.phase.complete (2.1ms) [5db6889a…]
      ✓ execution.phase.memory-flush (7.6ms) [5db6889a…]
        ✓ phase.complete.metrics (0.0ms) [5db6889a…]
    ✓ phase.memory-flush.metrics (0.0ms) [5db6889a…]

═══ Metrics Summary ═══
╭ Agent Execution Summary ──────────────────────╮
│ Status:   Success   Duration: 22ms   Steps: 2 │
│ Model:    test-model   (test)   Tokens: 2     │
╰───────────────────────────────────────────────╯

📊 Execution Timeline
├─ ✅  [bootstrap]            5ms
├─ ✅  [strategy-select]      1ms
├─ ✅  [think]               12ms (2 steps, 45% of time)
├─ ✅  [memory-flush]         7ms
└─ ✅  [complete]             2ms
✓ Provider: test | Model: test-model | API key: (not required)
→ [phase:execution] Starting...
  📊 [metric:tokens_used] 2 tokens
  📊 [metric:cost_usd] 0 usd
✓ [completion] Task completed in 0.0s with 2 tokens

═══ Logs (2) ═══
  01:02:07.062 INFO  Execution started {"taskId":"01KQTTG5PF9N2Z4V407A351YAK","agentId":"multi-tool-1777942926998"}
  01:02:07.088 INFO  Execution completed {"taskId":"01KQTTG5PF9N2Z4V407A351YAK","success":true,"tokensUsed":2,"cost":0,"duration":27}

═══ Spans (9) ═══
  ✓ execution.run (31.1ms) [41d15873…]
    ✓ execution.phase.bootstrap (7.7ms) [41d15873…]
      ✓ phase.bootstrap.metrics (0.0ms) [41d15873…]
    ✓ execution.phase.strategy-select (1.3ms) [41d15873…]
      ✓ phase.strategy-select.metrics (0.0ms) [41d15873…]
    ✓ execution.phase.think (13.8ms) [41d15873…]
      ✓ phase.think.metrics (0.0ms) [41d15873…]
    ✓ execution.phase.complete (1.9ms) [41d15873…]
  ✓ phase.complete.metrics (0.0ms) [41d15873…]

═══ Metrics Summary ═══
╭ Agent Execution Summary ──────────────────────╮
│ Status:   Success   Duration: 27ms   Steps: 2 │
│ Model:    test-model   (test)   Tokens: 2     │
╰───────────────────────────────────────────────╯

📊 Execution Timeline
├─ ✅  [bootstrap]            2ms
├─ ✅  [strategy-select]      1ms
├─ ✅  [think]               13ms (2 steps, 76% of time)
└─ ✅  [complete]             2ms

packages/runtime/tests/self-improvement.test.ts:
⚠ withMemory("2") is deprecated. Use .withMemory({ tier: "enhanced" }) instead.

packages/runtime/tests/semantic-extraction.test.ts:
→ [phase:execution] Starting...
  📊 [metric:tokens_used] 300 tokens
  📊 [metric:cost_usd] 0.002 usd
✓ [completion] Task completed in 0.0s with 300 tokens
→ [phase:execution] Starting...
  📊 [metric:tokens_used] 150 tokens
  📊 [metric:cost_usd] 0.001 usd
✓ [completion] Task completed in 0.0s with 150 tokens
→ [phase:execution] Starting...
  📊 [metric:tokens_used] 150 tokens
  📊 [metric:cost_usd] 0.001 usd
✓ [completion] Task completed in 0.0s with 150 tokens
→ [phase:execution] Starting...
  📊 [metric:tokens_used] 300 tokens
  📊 [metric:cost_usd] 0.002 usd
✓ [completion] Task completed in 0.0s with 300 tokens
→ [phase:execution] Starting...
  📊 [metric:tokens_used] 300 tokens
  📊 [metric:cost_usd] 0.002 usd
✓ [completion] Task completed in 0.0s with 300 tokens
→ [phase:execution] Starting...
  📊 [metric:tokens_used] 300 tokens
  📊 [metric:cost_usd] 0.002 usd
✓ [completion] Task completed in 0.0s with 300 tokens

packages/runtime/tests/kill-switch-enforcement.test.ts:
→ [phase:execution] Starting...
✗ [error] Kill switch triggered for agent agent-ks: Emergency stop
→ [phase:execution] Starting...
✗ [error] Agent agent-ks stopping gracefully
→ [phase:execution] Starting...
  📊 [metric:tokens_used] 30 tokens
  📊 [metric:cost_usd] 0.001 usd
✓ [completion] Task completed in 0.0s with 30 tokens
→ [phase:execution] Starting...
  📊 [metric:tokens_used] 30 tokens
  📊 [metric:cost_usd] 0.001 usd
✓ [completion] Task completed in 0.0s with 30 tokens
→ [phase:execution] Starting...
✗ [error] Kill switch triggered for agent agent-ks: System shutdown

packages/runtime/tests/builder-profile-resolution.test.ts:
✓ Provider: test | Model: cogito:14b | API key: (not required)
✓ Provider: test | Model: claude-opus-4-20250514 | API key: (not required)
✓ Provider: test | Model: cogito:14b | API key: (not required)

packages/runtime/tests/debrief.test.ts:
✓ Provider: test | Model: test-model | API key: (not required)
→ [phase:execution] Starting...
→ [phase:reactive:kernel] Starting...
  [iter:0:thought]
→ [phase:think] Starting...
✓ [phase:think] 0.0s
  📊 [metric:entropy] 0.15 composite
✓ [phase:reactive:kernel] 0.0s
✓ [completion] Reactive strategy terminated: final_answer
  📊 [metric:tokens_used] 100 tokens
  📊 [metric:cost_usd] 0 usd
✓ [completion] Task completed in 0.1s with 100 tokens

═══ Logs (2) ═══
  01:02:07.534 INFO  Execution started {"taskId":"01KQTTG65E44QFG42TQ87HNBGA","agentId":"debrief-event-test-1777942927473"}
  01:02:07.633 INFO  Execution completed {"taskId":"01KQTTG65E44QFG42TQ87HNBGA","success":true,"tokensUsed":100,"cost":0,"duration":99}

═══ Spans (9) ═══
  ✓ execution.run (101.3ms) [250a1004…]
    ✓ execution.phase.bootstrap (2.1ms) [250a1004…]
      ✓ phase.bootstrap.metrics (0.0ms) [250a1004…]
    ✓ execution.phase.strategy-select (1.1ms) [250a1004…]
      ✓ phase.strategy-select.metrics (0.0ms) [250a1004…]
    ✓ execution.phase.think (12.7ms) [250a1004…]
      ✓ phase.think.metrics (0.0ms) [250a1004…]
    ✓ execution.phase.complete (1.4ms) [250a1004…]
      ✓ phase.complete.metrics (0.0ms) [250a1004…]

═══ Metrics Summary ═══
╭ Agent Execution Summary ──────────────────────╮
│ Status:   Success   Duration: 99ms   Steps: 1 │
│ Model:    test-model   (test)   Tokens: 100   │
╰───────────────────────────────────────────────╯

📊 Execution Timeline
├─ ✅  [bootstrap]            3ms
├─ ✅  [strategy-select]      1ms
├─ ✅  [think]               12ms (1 steps, 72% of time)
└─ ✅  [complete]             1ms

🧠 Reasoning Signal
├─ Grade: B   Signal: flat   Mean: 0.150   Delta: 0.000
├─ Model stalled — entropy didn't decrease across iterations
├─  iter  0 ███░░░░░░░░░░░░░░░░░ 0.150 →
└─  iter  1 ███░░░░░░░░░░░░░░░░░ 0.150 →

packages/runtime/tests/memory-tier.test.ts:
✓ Provider: test | Model: test-model | API key: (not required)
✓ Provider: test | Model: test-model | API key: (not required)
✓ Provider: test | Model: test-model | API key: (not required)
✓ Provider: test | Model: test-model | API key: (not required)

packages/runtime/tests/custom-tool-registration.test.ts:
✓ Provider: test | Model: test-model | API key: (not required)
→ [phase:execution] Starting...
  📊 [metric:tokens_used] 3 tokens
  📊 [metric:cost_usd] 0 usd
✓ [completion] Task completed in 0.1s with 3 tokens

═══ Logs (2) ═══
  01:02:08.018 INFO  Execution started {"taskId":"01KQTTG6M9WNA8V3A7BX5026EP","agentId":"custom-tool-agent-1777942927945"}
  01:02:08.060 INFO  Execution completed {"taskId":"01KQTTG6M9WNA8V3A7BX5026EP","success":true,"tokensUsed":3,"cost":0,"duration":43}

═══ Spans (11) ═══
  ✓ execution.run (51.6ms) [cbfefbbe…]
    ✓ execution.phase.bootstrap (15.3ms) [cbfefbbe…]
      ✓ phase.bootstrap.metrics (0.0ms) [cbfefbbe…]
    ✓ execution.phase.strategy-select (2.0ms) [cbfefbbe…]
      ✓ phase.strategy-select.metrics (0.1ms) [cbfefbbe…]
    ✓ execution.phase.think (20.2ms) [cbfefbbe…]
      ✓ phase.think.metrics (0.0ms) [cbfefbbe…]
    ✓ execution.phase.complete (2.9ms) [cbfefbbe…]
      ✓ execution.phase.memory-flush (11.7ms) [cbfefbbe…]
        ✓ phase.complete.metrics (0.0ms) [cbfefbbe…]
    ✓ phase.memory-flush.metrics (0.0ms) [cbfefbbe…]

═══ Metrics Summary ═══
╭ Agent Execution Summary ──────────────────────╮
│ Status:   Success   Duration: 43ms   Steps: 2 │
│ Model:    test-model   (test)   Tokens: 3     │
╰───────────────────────────────────────────────╯

📊 Execution Timeline
├─ ✅  [bootstrap]           14ms
├─ ✅  [strategy-select]      2ms
├─ ✅  [think]               20ms (2 steps, 40% of time)
├─ ✅  [memory-flush]        11ms
└─ ✅  [complete]             2ms
✓ Provider: test | Model: test-model | API key: (not required)
→ [phase:execution] Starting...
  📊 [metric:tokens_used] 2 tokens
  📊 [metric:cost_usd] 0 usd
✓ [completion] Task completed in 0.0s with 2 tokens

═══ Logs (2) ═══
  01:02:08.148 INFO  Execution started {"taskId":"01KQTTG6RDKRNJ3CGP6KS6Y21X","agentId":"filtered-agent-1777942928071"}
  01:02:08.182 INFO  Execution completed {"taskId":"01KQTTG6RDKRNJ3CGP6KS6Y21X","success":true,"tokensUsed":2,"cost":0,"duration":35}

═══ Spans (11) ═══
  ✓ execution.run (40.9ms) [55bb201c…]
    ✓ execution.phase.bootstrap (9.3ms) [55bb201c…]
      ✓ phase.bootstrap.metrics (0.0ms) [55bb201c…]
    ✓ execution.phase.strategy-select (1.3ms) [55bb201c…]
      ✓ phase.strategy-select.metrics (0.0ms) [55bb201c…]
    ✓ execution.phase.think (13.9ms) [55bb201c…]
      ✓ phase.think.metrics (0.0ms) [55bb201c…]
    ✓ execution.phase.complete (1.8ms) [55bb201c…]
      ✓ execution.phase.memory-flush (7.6ms) [55bb201c…]
        ✓ phase.complete.metrics (0.0ms) [55bb201c…]
    ✓ phase.memory-flush.metrics (0.0ms) [55bb201c…]

═══ Metrics Summary ═══
╭ Agent Execution Summary ──────────────────────╮
│ Status:   Success   Duration: 35ms   Steps: 2 │
│ Model:    test-model   (test)   Tokens: 2     │
╰───────────────────────────────────────────────╯

📊 Execution Timeline
├─ ✅  [bootstrap]            9ms
├─ ✅  [strategy-select]      1ms
├─ ✅  [think]               13ms (2 steps, 42% of time)
├─ ✅  [memory-flush]         7ms
└─ ✅  [complete]             1ms

packages/runtime/tests/builder-convenience.test.ts:
✓ Provider: test | Model: test-model | API key: (not required)
✓ Provider: test | Model: test-model | API key: (not required)
✓ Provider: test | Model: test-model | API key: (not required)
✓ Provider: test | Model: test-model | API key: (not required)
✓ Provider: test | Model: test-model | API key: (not required)

packages/runtime/tests/builder-contracts.test.ts:
→ [phase:execution] Starting...
→ [phase:execution] Starting...
  📊 [metric:tokens_used] 20 tokens
  📊 [metric:cost_usd] 0 usd
✓ [completion] Task completed in 0.0s with 20 tokens
→ [phase:execution] Starting...
✓ Provider: test | Model: test-model | API key: (not required)
→ [phase:execution] Starting...
  📊 [metric:tokens_used] 6 tokens
  📊 [metric:cost_usd] 0 usd
✓ [completion] Task completed in 0.0s with 6 tokens

═══ Logs (2) ═══
  01:02:08.704 INFO  Execution started {"taskId":"01KQTTG79FKYNAXX79CN1AFW7G","agentId":"agent-1777942928624"}
  01:02:08.730 INFO  Execution completed {"taskId":"01KQTTG79FKYNAXX79CN1AFW7G","success":true,"tokensUsed":6,"cost":0,"duration":28}

═══ Spans (11) ═══
  ✓ execution.run (33.6ms) [bd365de5…]
    ✓ execution.phase.bootstrap (4.3ms) [bd365de5…]
      ✓ phase.bootstrap.metrics (0.0ms) [bd365de5…]
    ✓ execution.phase.strategy-select (4.1ms) [bd365de5…]
      ✓ phase.strategy-select.metrics (0.1ms) [bd365de5…]
    ✓ execution.phase.think (15.0ms) [bd365de5…]
      ✓ phase.think.metrics (0.0ms) [bd365de5…]
    ✓ execution.phase.complete (2.2ms) [bd365de5…]
      ✓ execution.phase.memory-flush (5.4ms) [bd365de5…]
        ✓ phase.complete.metrics (0.0ms) [bd365de5…]
    ✓ phase.memory-flush.metrics (0.0ms) [bd365de5…]

═══ Metrics Summary ═══
╭ Agent Execution Summary ──────────────────────╮
│ Status:   Success   Duration: 28ms   Steps: 2 │
│ Model:    test-model   (test)   Tokens: 6     │
╰───────────────────────────────────────────────╯

📊 Execution Timeline
├─ ✅  [bootstrap]            4ms
├─ ✅  [strategy-select]      3ms
├─ ✅  [think]               14ms (2 steps, 51% of time)
├─ ✅  [memory-flush]         5ms
└─ ✅  [complete]             2ms
✓ Provider: test | Model: test-model | API key: (not required)
→ [phase:execution] Starting...
  📊 [metric:tokens_used] 6 tokens
  📊 [metric:cost_usd] 0 usd
✓ [completion] Task completed in 0.1s with 6 tokens

═══ Logs (2) ═══
  01:02:08.817 INFO  Execution started {"taskId":"01KQTTG7DAK8VVMY783XPARESW","agentId":"test-agent-1777942928752"}
  01:02:08.872 INFO  Execution completed {"taskId":"01KQTTG7DAK8VVMY783XPARESW","success":true,"tokensUsed":6,"cost":0,"duration":56}

═══ Spans (11) ═══
  ✓ execution.run (61.3ms) [45771e4a…]
    ✓ execution.phase.bootstrap (35.5ms) [45771e4a…]
      ✓ phase.bootstrap.metrics (0.0ms) [45771e4a…]
    ✓ execution.phase.strategy-select (1.9ms) [45771e4a…]
      ✓ phase.strategy-select.metrics (0.0ms) [45771e4a…]
    ✓ execution.phase.think (14.5ms) [45771e4a…]
      ✓ phase.think.metrics (0.0ms) [45771e4a…]
    ✓ execution.phase.complete (2.0ms) [45771e4a…]
      ✓ execution.phase.memory-flush (6.9ms) [45771e4a…]
        ✓ phase.complete.metrics (0.0ms) [45771e4a…]
    ✓ phase.memory-flush.metrics (0.0ms) [45771e4a…]

═══ Metrics Summary ═══
╭ Agent Execution Summary ──────────────────────╮
│ Status:   Success   Duration: 56ms   Steps: 2 │
│ Model:    test-model   (test)   Tokens: 6     │
╰───────────────────────────────────────────────╯

📊 Execution Timeline
├─ ✅  [bootstrap]           34ms
├─ ✅  [strategy-select]      2ms
├─ ✅  [think]               13ms (2 steps, 23% of time)
├─ ✅  [memory-flush]         7ms
└─ ✅  [complete]             2ms
✓ Provider: test | Model: test-model | API key: (not required)
✓ Provider: test | Model: test-model | API key: (not required)
→ [phase:execution] Starting...
→ [phase:reactive:kernel] Starting...
  [iter:0:thought]
→ [phase:think] Starting...
✓ [phase:think] 0.0s
  📊 [metric:entropy] 0.15 composite
✓ [phase:reactive:kernel] 0.0s
✓ [completion] Reactive strategy terminated: final_answer
  📊 [metric:tokens_used] 98 tokens
  📊 [metric:cost_usd] 0 usd
✓ [completion] Task completed in 0.1s with 98 tokens

═══ Logs (2) ═══
  01:02:09.025 INFO  Execution started {"taskId":"01KQTTG7KVQ83PPCKSM6N0G3X2","agentId":"agent-1777942928950"}
  01:02:09.129 INFO  Execution completed {"taskId":"01KQTTG7KVQ83PPCKSM6N0G3X2","success":true,"tokensUsed":98,"cost":0,"duration":104}

═══ Spans (9) ═══
  ✓ execution.run (106.8ms) [c62334ae…]
    ✓ execution.phase.bootstrap (15.1ms) [c62334ae…]
      ✓ phase.bootstrap.metrics (0.0ms) [c62334ae…]
    ✓ execution.phase.strategy-select (1.1ms) [c62334ae…]
      ✓ phase.strategy-select.metrics (0.0ms) [c62334ae…]
    ✓ execution.phase.think (9.2ms) [c62334ae…]
      ✓ phase.think.metrics (0.0ms) [c62334ae…]
    ✓ execution.phase.complete (2.9ms) [c62334ae…]
      ✓ phase.complete.metrics (0.0ms) [c62334ae…]

═══ Metrics Summary ═══
╭ Agent Execution Summary ───────────────────────╮
│ Status:   Success   Duration: 104ms   Steps: 1 │
│ Model:    test-model   (test)   Tokens: 98     │
╰────────────────────────────────────────────────╯

📊 Execution Timeline
├─ ✅  [bootstrap]           15ms
├─ ✅  [strategy-select]      1ms
├─ ✅  [think]                9ms (1 steps, 33% of time)
└─ ✅  [complete]             2ms

🧠 Reasoning Signal
├─ Grade: B   Signal: flat   Mean: 0.150   Delta: 0.000
├─ Model stalled — entropy didn't decrease across iterations
├─  iter  0 ███░░░░░░░░░░░░░░░░░ 0.150 →
└─  iter  1 ███░░░░░░░░░░░░░░░░░ 0.150 →
✓ Provider: test | Model: test-model | API key: (not required)
→ [phase:execution] Starting...
→ [phase:reactive:kernel] Starting...
  [iter:0:thought]
→ [phase:think] Starting...
✓ [phase:think] 0.0s
  📊 [metric:entropy] 0.15 composite
✓ [phase:reactive:kernel] 0.0s
✓ [completion] Reactive strategy terminated: final_answer
  📊 [metric:tokens_used] 98 tokens
  📊 [metric:cost_usd] 0 usd
✓ [completion] Task completed in 0.1s with 98 tokens

═══ Logs (2) ═══
  01:02:09.200 INFO  Execution started {"taskId":"01KQTTG7SAFWF4VH4KZHH2SPVS","agentId":"agent-1777942929137"}
  01:02:09.293 INFO  Execution completed {"taskId":"01KQTTG7SAFWF4VH4KZHH2SPVS","success":true,"tokensUsed":98,"cost":0,"duration":94}

═══ Spans (9) ═══
  ✓ execution.run (97.2ms) [a553257d…]
    ✓ execution.phase.bootstrap (1.5ms) [a553257d…]
      ✓ phase.bootstrap.metrics (0.0ms) [a553257d…]
    ✓ execution.phase.strategy-select (0.9ms) [a553257d…]
      ✓ phase.strategy-select.metrics (0.0ms) [a553257d…]
    ✓ execution.phase.think (20.2ms) [a553257d…]
      ✓ phase.think.metrics (0.0ms) [a553257d…]
    ✓ execution.phase.complete (1.1ms) [a553257d…]
      ✓ phase.complete.metrics (0.0ms) [a553257d…]

═══ Metrics Summary ═══
╭ Agent Execution Summary ──────────────────────╮
│ Status:   Success   Duration: 94ms   Steps: 1 │
│ Model:    test-model   (test)   Tokens: 98    │
╰───────────────────────────────────────────────╯

📊 Execution Timeline
├─ ✅  [bootstrap]            1ms
├─ ✅  [strategy-select]      1ms
├─ ✅  [think]               20ms (1 steps, 88% of time)
└─ ✅  [complete]             1ms

🧠 Reasoning Signal
├─ Grade: B   Signal: flat   Mean: 0.150   Delta: 0.000
├─ Model stalled — entropy didn't decrease across iterations
├─  iter  0 ███░░░░░░░░░░░░░░░░░ 0.150 →
└─  iter  1 ███░░░░░░░░░░░░░░░░░ 0.150 →

packages/runtime/tests/builder-tools.test.ts:
✓ Provider: test | Model: test-model | API key: (not required)
✓ Provider: test | Model: test-model | API key: (not required)
→ [phase:execution] Starting...
  📊 [metric:tokens_used] 11 tokens
  📊 [metric:cost_usd] 0 usd
✓ [completion] Task completed in 0.0s with 11 tokens

═══ Logs (2) ═══
  01:02:09.432 INFO  Execution started {"taskId":"01KQTTG80FMFH6ZTBH5A8J42R0","agentId":"tool-agent-1777942929361"}
  01:02:09.470 INFO  Execution completed {"taskId":"01KQTTG80FMFH6ZTBH5A8J42R0","success":true,"tokensUsed":11,"cost":0,"duration":40}

═══ Spans (11) ═══
  ✓ execution.run (49.7ms) [b593d2bc…]
    ✓ execution.phase.bootstrap (21.8ms) [b593d2bc…]
      ✓ phase.bootstrap.metrics (0.0ms) [b593d2bc…]
    ✓ execution.phase.strategy-select (1.1ms) [b593d2bc…]
      ✓ phase.strategy-select.metrics (0.0ms) [b593d2bc…]
    ✓ execution.phase.think (12.2ms) [b593d2bc…]
      ✓ phase.think.metrics (0.0ms) [b593d2bc…]
    ✓ execution.phase.complete (2.0ms) [b593d2bc…]
      ✓ execution.phase.memory-flush (7.7ms) [b593d2bc…]
        ✓ phase.complete.metrics (0.0ms) [b593d2bc…]
    ✓ phase.memory-flush.metrics (0.0ms) [b593d2bc…]

═══ Metrics Summary ═══
╭ Agent Execution Summary ──────────────────────╮
│ Status:   Success   Duration: 40ms   Steps: 2 │
│ Model:    test-model   (test)   Tokens: 11    │
╰───────────────────────────────────────────────╯

📊 Execution Timeline
├─ ✅  [bootstrap]           21ms
├─ ✅  [strategy-select]      1ms
├─ ✅  [think]               12ms (2 steps, 28% of time)
├─ ✅  [memory-flush]         7ms
└─ ✅  [complete]             2ms
✓ Provider: test | Model: test-model | API key: (not required)
→ [phase:execution] Starting...
→ [phase:reactive:kernel] Starting...
  [iter:0:thought]
→ [phase:think] Starting...
✓ [phase:think] 0.0s
  📊 [metric:entropy] 0.15 composite
✓ [phase:reactive:kernel] 0.0s
✓ [completion] Reactive strategy terminated: end_turn
  📊 [metric:tokens_used] 181 tokens
  📊 [metric:cost_usd] 0 usd
✓ [completion] Task completed in 0.1s with 181 tokens

═══ Logs (2) ═══
  01:02:09.539 INFO  Execution started {"taskId":"01KQTTG83Y5BNESA9MNKMDQ7K7","agentId":"full-pipeline-1777942929481"}
  01:02:09.626 INFO  Execution completed {"taskId":"01KQTTG83Y5BNESA9MNKMDQ7K7","success":true,"tokensUsed":181,"cost":0,"duration":87}

═══ Spans (9) ═══
  ✓ execution.run (88.5ms) [91a77f3e…]
    ✓ execution.phase.bootstrap (2.5ms) [91a77f3e…]
      ✓ phase.bootstrap.metrics (0.0ms) [91a77f3e…]
    ✓ execution.phase.strategy-select (4.7ms) [91a77f3e…]
      ✓ phase.strategy-select.metrics (0.0ms) [91a77f3e…]
    ✓ execution.phase.think (6.1ms) [91a77f3e…]
      ✓ phase.think.metrics (0.0ms) [91a77f3e…]
    ✓ execution.phase.complete (1.2ms) [91a77f3e…]
      ✓ phase.complete.metrics (0.0ms) [91a77f3e…]

═══ Metrics Summary ═══
╭ Agent Execution Summary ──────────────────────╮
│ Status:   Success   Duration: 87ms   Steps: 1 │
│ Model:    test-model   (test)   Tokens: 181   │
╰───────────────────────────────────────────────╯

📊 Execution Timeline
├─ ✅  [bootstrap]            2ms
├─ ✅  [strategy-select]      4ms
├─ ✅  [think]                6ms (1 steps, 44% of time)
└─ ✅  [complete]             1ms

🧠 Reasoning Signal
├─ Grade: B   Signal: flat   Mean: 0.150   Delta: 0.000
├─ Model stalled — entropy didn't decrease across iterations
├─  iter  0 ███░░░░░░░░░░░░░░░░░ 0.150 →
├─  iter  1 ███░░░░░░░░░░░░░░░░░ 0.150 →
└─  iter  2 ███░░░░░░░░░░░░░░░░░ 0.150 →

packages/runtime/tests/builder.test.ts:
✓ Provider: test | Model: test-model | API key: (not required)
✓ Provider: test | Model: test-model | API key: (not required)
→ [phase:execution] Starting...
  📊 [metric:tokens_used] 7 tokens
  📊 [metric:cost_usd] 0 usd
✓ [completion] Task completed in 0.0s with 7 tokens

═══ Logs (2) ═══
  01:02:09.771 INFO  Execution started {"taskId":"01KQTTG8B30KNAWNRDHHSM2JGX","agentId":"test-agent-1777942929702"}
  01:02:09.798 INFO  Execution completed {"taskId":"01KQTTG8B30KNAWNRDHHSM2JGX","success":true,"tokensUsed":7,"cost":0,"duration":27}

═══ Spans (9) ═══
  ✓ execution.run (31.4ms) [18b0055c…]
    ✓ execution.phase.bootstrap (8.5ms) [18b0055c…]
      ✓ phase.bootstrap.metrics (0.0ms) [18b0055c…]
    ✓ execution.phase.strategy-select (1.1ms) [18b0055c…]
      ✓ phase.strategy-select.metrics (0.0ms) [18b0055c…]
    ✓ execution.phase.think (13.6ms) [18b0055c…]
      ✓ phase.think.metrics (0.0ms) [18b0055c…]
    ✓ execution.phase.complete (2.2ms) [18b0055c…]
  ✓ phase.complete.metrics (0.0ms) [18b0055c…]

═══ Metrics Summary ═══
╭ Agent Execution Summary ──────────────────────╮
│ Status:   Success   Duration: 27ms   Steps: 2 │
│ Model:    test-model   (test)   Tokens: 7     │
╰───────────────────────────────────────────────╯

📊 Execution Timeline
├─ ✅  [bootstrap]            8ms
├─ ✅  [strategy-select]      1ms
├─ ✅  [think]               13ms (2 steps, 55% of time)
└─ ✅  [complete]             2ms
✓ Provider: test | Model: test-model | API key: (not required)
✓ Provider: test | Model: test-model | API key: (not required)
✓ Provider: test | Model: test-model | API key: (not required)
⚠ withMemory("1") is deprecated. Use .withMemory() instead.
✓ Provider: test | Model: test-model | API key: (not required)
⚠ withMemory("2") is deprecated. Use .withMemory({ tier: "enhanced" }) instead.
✓ Provider: test | Model: test-model | API key: (not required)
✓ Provider: test | Model: test-model | API key: (not required)
✓ Provider: test | Model: test-model | API key: (not required)
✓ Provider: test | Model: test-model | API key: (not required)
✓ Provider: test | Model: test-model | API key: (not required)
✓ Provider: test | Model: test-model | API key: (not required)
✓ Provider: test | Model: test-model | API key: (not required)
✓ Provider: test | Model: test-model | API key: (not required)
✓ Provider: test | Model: test-model | API key: (not required)
✓ Provider: test | Model: test-model | API key: (not required)
✓ Provider: test | Model: test-model | API key: (not required)
✓ Provider: test | Model: test-model | API key: (not required)

packages/runtime/tests/chat-routing-behavioral.test.ts:
✓ Provider: test | Model: test-model | API key: (not required)
✓ Provider: test | Model: test-model | API key: (not required)
✓ Provider: test | Model: test-model | API key: (not required)
✓ Provider: test | Model: test-model | API key: (not required)
✓ Provider: test | Model: test-model | API key: (not required)
✓ Provider: test | Model: test-model | API key: (not required)
✓ Provider: test | Model: test-model | API key: (not required)

packages/runtime/tests/error-handler-fires.test.ts:
✓ Provider: test | Model: test-model | API key: (not required)
→ [phase:execution] Starting...
✗ [error] Input guardrail check failed: prompt-injection: Prompt injection detected: Instruction override attempt
✓ Provider: test | Model: test-model | API key: (not required)
→ [phase:execution] Starting...
✗ [error] Input guardrail check failed: prompt-injection: Prompt injection detected: Instruction override attempt
✓ Provider: test | Model: test-model | API key: (not required)
→ [phase:execution] Starting...
✗ [error] Input guardrail check failed: prompt-injection: Prompt injection detected: Instruction override attempt
✓ Provider: test | Model: test-model | API key: (not required)
→ [phase:execution] Starting...
✗ [error] Input guardrail check failed: prompt-injection: Prompt injection detected: Instruction override attempt
✓ Provider: test | Model: test-model | API key: (not required)
→ [phase:execution] Starting...
✗ [error] Input guardrail check failed: prompt-injection: Prompt injection detected: Instruction override attempt
→ [phase:execution] Starting...
✗ [error] Input guardrail check failed: prompt-injection: Prompt injection detected: Instruction override attempt
→ [phase:execution] Starting...
✗ [error] Input guardrail check failed: prompt-injection: Prompt injection detected: Instruction override attempt

packages/runtime/tests/error-handler.test.ts:
✓ Provider: test | Model: test-model | API key: (not required)
→ [phase:execution] Starting...
  📊 [metric:tokens_used] 2 tokens
  📊 [metric:cost_usd] 0 usd
✓ [completion] Task completed in 0.0s with 2 tokens

═══ Logs (2) ═══
  01:02:12.323 INFO  Execution started {"taskId":"01KQTTGATW6EWC9DTHVHJ51AK1","agentId":"test-agent-1777942932253"}
  01:02:12.351 INFO  Execution completed {"taskId":"01KQTTGATW6EWC9DTHVHJ51AK1","success":true,"tokensUsed":2,"cost":0,"duration":28}

═══ Spans (11) ═══
  ✓ execution.run (32.8ms) [c1effb20…]
    ✓ execution.phase.bootstrap (8.7ms) [c1effb20…]
      ✓ phase.bootstrap.metrics (0.0ms) [c1effb20…]
    ✓ execution.phase.strategy-select (1.5ms) [c1effb20…]
      ✓ phase.strategy-select.metrics (0.0ms) [c1effb20…]
    ✓ execution.phase.think (14.0ms) [c1effb20…]
      ✓ phase.think.metrics (0.0ms) [c1effb20…]
    ✓ execution.phase.complete (1.9ms) [c1effb20…]
      ✓ execution.phase.memory-flush (3.8ms) [c1effb20…]
        ✓ phase.complete.metrics (0.0ms) [c1effb20…]
    ✓ phase.memory-flush.metrics (0.0ms) [c1effb20…]

═══ Metrics Summary ═══
╭ Agent Execution Summary ──────────────────────╮
│ Status:   Success   Duration: 28ms   Steps: 2 │
│ Model:    test-model   (test)   Tokens: 2     │
╰───────────────────────────────────────────────╯

📊 Execution Timeline
├─ ✅  [bootstrap]            2ms
├─ ✅  [strategy-select]      1ms
├─ ✅  [think]               14ms (2 steps, 63% of time)
├─ ✅  [memory-flush]         3ms
└─ ✅  [complete]             2ms
✓ Provider: test | Model: test-model | API key: (not required)
→ [phase:execution] Starting...
  📊 [metric:tokens_used] 5 tokens
  📊 [metric:cost_usd] 0 usd
✓ [completion] Task completed in 0.1s with 5 tokens

═══ Logs (2) ═══
  01:02:12.436 INFO  Execution started {"taskId":"01KQTTGAY8TT86FQ63KZCQJHPC","agentId":"test-agent-1777942932361"}
  01:02:12.485 INFO  Execution completed {"taskId":"01KQTTGAY8TT86FQ63KZCQJHPC","success":true,"tokensUsed":5,"cost":0,"duration":52}

═══ Spans (11) ═══
  ✓ execution.run (63.5ms) [c0e3dc0c…]
    ✓ execution.phase.bootstrap (5.4ms) [c0e3dc0c…]
      ✓ phase.bootstrap.metrics (0.0ms) [c0e3dc0c…]
    ✓ execution.phase.strategy-select (1.2ms) [c0e3dc0c…]
      ✓ phase.strategy-select.metrics (0.0ms) [c0e3dc0c…]
    ✓ execution.phase.think (25.6ms) [c0e3dc0c…]
      ✓ phase.think.metrics (0.0ms) [c0e3dc0c…]
    ✓ execution.phase.complete (3.5ms) [c0e3dc0c…]
      ✓ execution.phase.memory-flush (14.8ms) [c0e3dc0c…]
        ✓ phase.complete.metrics (0.0ms) [c0e3dc0c…]
    ✓ phase.memory-flush.metrics (0.0ms) [c0e3dc0c…]

═══ Metrics Summary ═══
╭ Agent Execution Summary ──────────────────────╮
│ Status:   Success   Duration: 52ms   Steps: 2 │
│ Model:    test-model   (test)   Tokens: 5     │
╰───────────────────────────────────────────────╯

📊 Execution Timeline
├─ ✅  [bootstrap]            4ms
├─ ✅  [strategy-select]      1ms
├─ ✅  [think]               25ms (2 steps, 53% of time)
├─ ✅  [memory-flush]        14ms
└─ ✅  [complete]             3ms
✓ Provider: test | Model: test-model | API key: (not required)
✓ Provider: test | Model: test-model | API key: (not required)
→ [phase:execution] Starting...
  📊 [metric:tokens_used] 4 tokens
  📊 [metric:cost_usd] 0 usd
✓ [completion] Task completed in 0.0s with 4 tokens

═══ Logs (2) ═══
  01:02:12.623 INFO  Execution started {"taskId":"01KQTTGB4AN6APPG6EB23JPTEQ","agentId":"test-agent-1777942932563"}
  01:02:12.655 INFO  Execution completed {"taskId":"01KQTTGB4AN6APPG6EB23JPTEQ","success":true,"tokensUsed":4,"cost":0,"duration":31}

═══ Spans (11) ═══
  ✓ execution.run (43.0ms) [3496e467…]
    ✓ execution.phase.bootstrap (12.6ms) [3496e467…]
      ✓ phase.bootstrap.metrics (0.0ms) [3496e467…]
    ✓ execution.phase.strategy-select (1.2ms) [3496e467…]
      ✓ phase.strategy-select.metrics (0.0ms) [3496e467…]
    ✓ execution.phase.think (13.6ms) [3496e467…]
      ✓ phase.think.metrics (0.0ms) [3496e467…]
    ✓ execution.phase.complete (2.3ms) [3496e467…]
      ✓ execution.phase.memory-flush (12.5ms) [3496e467…]
        ✓ phase.complete.metrics (0.0ms) [3496e467…]
    ✓ phase.memory-flush.metrics (0.0ms) [3496e467…]

═══ Metrics Summary ═══
╭ Agent Execution Summary ──────────────────────╮
│ Status:   Success   Duration: 31ms   Steps: 2 │
│ Model:    test-model   (test)   Tokens: 4     │
╰───────────────────────────────────────────────╯

📊 Execution Timeline
├─ ✅  [bootstrap]           12ms
├─ ✅  [strategy-select]      1ms
├─ ✅  [think]               13ms (2 steps, 37% of time)
├─ ✅  [memory-flush]         6ms
└─ ✅  [complete]             2ms
✓ Provider: test | Model: test-model | API key: (not required)

packages/runtime/tests/gateway-start.test.ts:
✓ Provider: test | Model: test-model | API key: (not required)
✓ Provider: test | Model: test-model | API key: (not required)
✓ Provider: test | Model: test-model | API key: (not required)
✓ Provider: test | Model: test-model | API key: (not required)
✓ Provider: test | Model: test-model | API key: (not required)
→ [phase:execution] Starting...
  📊 [metric:tokens_used] 5 tokens
  📊 [metric:cost_usd] 0 usd
✓ [completion] Task completed in 0.0s with 5 tokens

═══ Logs (4) ═══
  01:02:13.542 INFO  ◉ [gateway] started (interval=50ms) {}
  01:02:13.542 INFO  ◉ [gateway] heartbeat #1 → execute {"instruction":"ping"}
  01:02:13.544 INFO  Execution started {"taskId":"01KQTTGC17NHRGNJ7PD8MDG4V3","agentId":"gw-persist-mem-1777942933478"}
  01:02:13.572 INFO  Execution completed {"taskId":"01KQTTGC17NHRGNJ7PD8MDG4V3","success":true,"tokensUsed":5,"cost":0,"duration":29}

═══ Spans (11) ═══
  ✓ execution.run (32.8ms) [6170df3a…]
    ✓ execution.phase.bootstrap (7.6ms) [6170df3a…]
      ✓ phase.bootstrap.metrics (0.0ms) [6170df3a…]
    ✓ execution.phase.strategy-select (1.0ms) [6170df3a…]
      ✓ phase.strategy-select.metrics (0.0ms) [6170df3a…]
    ✓ execution.phase.think (13.7ms) [6170df3a…]
      ✓ phase.think.metrics (0.0ms) [6170df3a…]
    ✓ execution.phase.complete (5.3ms) [6170df3a…]
      ✓ execution.phase.memory-flush (8.3ms) [6170df3a…]
        ✓ phase.complete.metrics (0.0ms) [6170df3a…]
    ✓ phase.memory-flush.metrics (0.0ms) [6170df3a…]

═══ Metrics Summary ═══
╭ Agent Execution Summary ──────────────────────╮
│ Status:   Success   Duration: 29ms   Steps: 2 │
│ Model:    test-model   (test)   Tokens: 5     │
╰───────────────────────────────────────────────╯

📊 Execution Timeline
├─ ✅  [bootstrap]            2ms
├─ ✅  [strategy-select]      1ms
├─ ✅  [think]               13ms (2 steps, 46% of time)
├─ ✅  [memory-flush]         8ms
└─ ✅  [complete]             5ms

packages/runtime/tests/gateway-status.test.ts:
✓ Provider: test | Model: test-model | API key: (not required)
✓ Provider: test | Model: test-model | API key: (not required)
✓ Provider: test | Model: test-model | API key: (not required)

packages/runtime/tests/guardrails-enforcement.test.ts:
✓ Provider: test | Model: test-model | API key: (not required)
→ [phase:execution] Starting...
✗ [error] Input guardrail check failed: prompt-injection: Prompt injection detected: Instruction override attempt
✓ Provider: test | Model: test-model | API key: (not required)
→ [phase:execution] Starting...
  📊 [metric:tokens_used] 16 tokens
  📊 [metric:cost_usd] 0 usd
✓ [completion] Task completed in 0.0s with 16 tokens

═══ Logs (2) ═══
  01:02:14.137 INFO  Execution started {"taskId":"01KQTTGCKMAR489Z60CXJPW8EG","agentId":"test-agent-1777942934068"}
  01:02:14.165 INFO  Execution completed {"taskId":"01KQTTGCKMAR489Z60CXJPW8EG","success":true,"tokensUsed":16,"cost":0,"duration":29}

═══ Spans (13) ═══
  ✓ execution.run (39.1ms) [f2310c8d…]
    ✓ execution.phase.bootstrap (7.1ms) [f2310c8d…]
      ✓ phase.bootstrap.metrics (0.0ms) [f2310c8d…]
    ✓ execution.phase.guardrail (1.1ms) [f2310c8d…]
      ✓ phase.guardrail.metrics (0.0ms) [f2310c8d…]
    ✓ execution.phase.strategy-select (1.3ms) [f2310c8d…]
      ✓ phase.strategy-select.metrics (0.0ms) [f2310c8d…]
    ✓ execution.phase.think (13.6ms) [f2310c8d…]
      ✓ phase.think.metrics (0.0ms) [f2310c8d…]
    ✓ execution.phase.complete (3.5ms) [f2310c8d…]
      ✓ execution.phase.memory-flush (13.4ms) [f2310c8d…]
        ✓ phase.complete.metrics (0.0ms) [f2310c8d…]
    ✓ phase.memory-flush.metrics (0.0ms) [f2310c8d…]

═══ Metrics Summary ═══
╭ Agent Execution Summary ──────────────────────╮
│ Status:   Success   Duration: 29ms   Steps: 2 │
│ Model:    test-model   (test)   Tokens: 16    │
╰───────────────────────────────────────────────╯

📊 Execution Timeline
├─ ✅  [bootstrap]            2ms
├─ ✅  [guardrail]            1ms
├─ ✅  [strategy-select]      1ms
├─ ✅  [think]               13ms (2 steps, 40% of time)
├─ ✅  [memory-flush]        13ms
└─ ✅  [complete]             3ms
✓ Provider: test | Model: test-model | API key: (not required)
→ [phase:execution] Starting...
  📊 [metric:tokens_used] 11 tokens
  📊 [metric:cost_usd] 0 usd
✓ [completion] Task completed in 0.0s with 11 tokens

═══ Logs (2) ═══
  01:02:14.246 INFO  Execution started {"taskId":"01KQTTGCQ1VX82R90MWW6QX5NK","agentId":"test-agent-1777942934180"}
  01:02:14.286 INFO  Execution completed {"taskId":"01KQTTGCQ1VX82R90MWW6QX5NK","success":true,"tokensUsed":11,"cost":0,"duration":40}

═══ Spans (13) ═══
  ✓ execution.run (48.9ms) [c3ec1c93…]
    ✓ execution.phase.bootstrap (2.7ms) [c3ec1c93…]
      ✓ phase.bootstrap.metrics (0.0ms) [c3ec1c93…]
    ✓ execution.phase.guardrail (1.2ms) [c3ec1c93…]
      ✓ phase.guardrail.metrics (0.0ms) [c3ec1c93…]
    ✓ execution.phase.strategy-select (1.4ms) [c3ec1c93…]
      ✓ phase.strategy-select.metrics (0.0ms) [c3ec1c93…]
    ✓ execution.phase.think (13.4ms) [c3ec1c93…]
      ✓ phase.think.metrics (0.0ms) [c3ec1c93…]
    ✓ execution.phase.complete (1.9ms) [c3ec1c93…]
      ✓ execution.phase.memory-flush (10.3ms) [c3ec1c93…]
        ✓ phase.complete.metrics (0.0ms) [c3ec1c93…]
    ✓ phase.memory-flush.metrics (0.0ms) [c3ec1c93…]

═══ Metrics Summary ═══
╭ Agent Execution Summary ──────────────────────╮
│ Status:   Success   Duration: 40ms   Steps: 2 │
│ Model:    test-model   (test)   Tokens: 11    │
╰───────────────────────────────────────────────╯

📊 Execution Timeline
├─ ✅  [bootstrap]            2ms
├─ ✅  [guardrail]            1ms
├─ ✅  [strategy-select]      1ms
├─ ✅  [think]               13ms (2 steps, 45% of time)
├─ ✅  [memory-flush]        10ms
└─ ✅  [complete]             2ms
✓ Provider: test | Model: test-model | API key: (not required)
→ [phase:execution] Starting...
✗ [error] Input guardrail check failed: prompt-injection: Prompt injection detected: DAN jailbreak attempt
✓ Provider: test | Model: test-model | API key: (not required)
→ [phase:execution] Starting...
✗ [error] Input guardrail check failed: prompt-injection: Prompt injection detected: Instruction override attempt

packages/runtime/tests/health-check.test.ts:
✓ Provider: test | Model: test-model | API key: (not required)
✓ Provider: test | Model: test-model | API key: (not required)
✓ Provider: test | Model: test-model | API key: (not required)

packages/runtime/tests/integration.test.ts:
→ [phase:execution] Starting...
→ [phase:reactive:kernel] Starting...
  [iter:0:thought]
→ [phase:think] Starting...
✓ [phase:think] 0.0s
✓ [phase:reactive:kernel] 0.0s
✓ [completion] Reactive strategy terminated: end_turn
  📊 [metric:tokens_used] 109 tokens
  📊 [metric:cost_usd] 0 usd
✓ [completion] Task completed in 0.0s with 109 tokens

═══ Logs (8) ═══
  01:02:14.971 INFO  Execution started {"taskId":"task-integration-001","agentId":"full-agent"}
  01:02:14.975 INFO  ◉ [bootstrap]  2 semantic lines, 0 episodic | 4ms
  01:02:14.986 INFO  ◉ [strategy]   reactive | tools: web-search, crypto-price, http-get, file-read, file-write, code-execute, git-cli, gh-cli, gws-cli
  01:02:15.003 INFO  ◉ [think]      1 steps | 109 tok | 0.0s
  01:02:15.006 INFO  ◉ [verify]     score=0.70 passed=true recommendation=accept | failed layers: nli
  01:02:15.009 INFO  Execution audit trail {"taskId":"task-integration-001","agentId":"full-agent","iterations":1,"tokensUsed":109,"cost":0,"strategy":"reactive","duration":38,"phase":"audit"}
  01:02:15.010 INFO  Execution completed {"taskId":"task-integration-001","success":true,"tokensUsed":109,"cost":0,"duration":39}
  01:02:15.010 INFO  ◉ [complete]   ✓ task-integration-001 | 109 tok | $0.0000 | 0.0s

═══ Spans (19) ═══
  ✓ execution.run (40.3ms) [f0291b39…]
    ✓ execution.phase.bootstrap (2.1ms) [f0291b39…]
      ✓ phase.bootstrap.metrics (0.0ms) [f0291b39…]
    ✓ execution.phase.guardrail (4.5ms) [f0291b39…]
      ✓ phase.guardrail.metrics (0.0ms) [f0291b39…]
    ✓ execution.phase.cost-route (3.8ms) [f0291b39…]
      ✓ phase.cost-route.metrics (0.0ms) [f0291b39…]
    ✓ execution.phase.strategy-select (2.1ms) [f0291b39…]
      ✓ phase.strategy-select.metrics (0.0ms) [f0291b39…]
    ✓ execution.phase.think (16.6ms) [f0291b39…]
      ✓ phase.think.metrics (0.0ms) [f0291b39…]
    ✓ execution.phase.verify (2.6ms) [f0291b39…]
      ✓ phase.verify.metrics (0.0ms) [f0291b39…]
    ✓ execution.phase.cost-track (2.2ms) [f0291b39…]
      ✓ phase.cost-track.metrics (0.0ms) [f0291b39…]
    ✓ execution.phase.audit (0.9ms) [f0291b39…]
      ✓ phase.audit.metrics (0.0ms) [f0291b39…]
    ✓ execution.phase.complete (0.9ms) [f0291b39…]
      ✓ phase.complete.metrics (0.0ms) [f0291b39…]

═══ Metrics Summary ═══
╭ Agent Execution Summary ──────────────────────╮
│ Status:   Success   Duration: 39ms   Steps: 1 │
│ Model:    test-model   (test)   Tokens: 109   │
╰───────────────────────────────────────────────╯

📊 Execution Timeline
├─ ✅  [bootstrap]            2ms
├─ ✅  [guardrail]            1ms
├─ ✅  [cost-route]           3ms
├─ ✅  [strategy-select]      2ms
├─ ✅  [think]               15ms (1 steps, 54% of time)
├─ ✅  [verify]               2ms
├─ ✅  [cost-track]           2ms
├─ ✅  [audit]                1ms
└─ ✅  [complete]             1ms
⚠ withMemory("1") is deprecated. Use .withMemory() instead.
✓ Provider: test | Model: test-model | API key: (not required)
✓ Provider: test | Model: test-model | API key: (not required)
→ [phase:execution] Starting...
→ [phase:reactive:kernel] Starting...
  [iter:0:thought]
→ [phase:think] Starting...
✓ [phase:think] 0.0s
  📊 [metric:entropy] 0.15 composite
✓ [phase:reactive:kernel] 0.0s
✓ [completion] Reactive strategy terminated: final_answer
  📊 [metric:tokens_used] 185 tokens
  📊 [metric:cost_usd] 0 usd
✓ [completion] Task completed in 0.1s with 185 tokens

═══ Logs (3) ═══
  01:02:15.213 INFO  Execution started {"taskId":"01KQTTGDMYSR8772ATMCPFHHRP","agentId":"e2e-agent-1777942935120"}
  01:02:15.328 INFO  Execution audit trail {"taskId":"01KQTTGDMYSR8772ATMCPFHHRP","agentId":"e2e-agent-1777942935120","iterations":1,"tokensUsed":185,"cost":0,"strategy":"reactive","duration":116,"phase":"audit"}
  01:02:15.334 INFO  Execution completed {"taskId":"01KQTTGDMYSR8772ATMCPFHHRP","success":true,"tokensUsed":185,"cost":0,"duration":122}

═══ Spans (19) ═══
  ✓ execution.run (142.2ms) [60fbb174…]
    ✓ execution.phase.bootstrap (4.7ms) [60fbb174…]
      ✓ phase.bootstrap.metrics (0.0ms) [60fbb174…]
    ✓ execution.phase.guardrail (1.1ms) [60fbb174…]
      ✓ phase.guardrail.metrics (0.0ms) [60fbb174…]
    ✓ execution.phase.cost-route (8.4ms) [60fbb174…]
      ✓ phase.cost-route.metrics (0.0ms) [60fbb174…]
    ✓ execution.phase.strategy-select (7.4ms) [60fbb174…]
      ✓ phase.strategy-select.metrics (0.0ms) [60fbb174…]
    ✓ execution.phase.think (9.9ms) [60fbb174…]
      ✓ phase.think.metrics (0.0ms) [60fbb174…]
    ✓ execution.phase.verify (2.5ms) [60fbb174…]
      ✓ phase.verify.metrics (0.0ms) [60fbb174…]
    ✓ execution.phase.cost-track (1.2ms) [60fbb174…]
      ✓ phase.cost-track.metrics (0.0ms) [60fbb174…]
    ✓ execution.phase.audit (1.2ms) [60fbb174…]
      ✓ phase.audit.metrics (0.0ms) [60fbb174…]
    ✓ execution.phase.complete (4.6ms) [60fbb174…]
      ✓ phase.complete.metrics (0.0ms) [60fbb174…]

═══ Metrics Summary ═══
╭ Agent Execution Summary ───────────────────────╮
│ Status:   Success   Duration: 122ms   Steps: 1 │
│ Model:    test-model   (test)   Tokens: 185    │
╰────────────────────────────────────────────────╯

📊 Execution Timeline
├─ ✅  [bootstrap]            4ms
├─ ✅  [guardrail]            1ms
├─ ✅  [cost-route]           1ms
├─ ✅  [strategy-select]      7ms
├─ ✅  [think]               10ms (1 steps, 34% of time)
├─ ✅  [verify]               1ms
├─ ✅  [cost-track]           1ms
├─ ✅  [audit]                1ms
└─ ✅  [complete]             3ms

🧠 Reasoning Signal
├─ Grade: B   Signal: flat   Mean: 0.150   Delta: 0.000
├─ Model stalled — entropy didn't decrease across iterations
├─  iter  0 ███░░░░░░░░░░░░░░░░░ 0.150 →
├─  iter  1 ███░░░░░░░░░░░░░░░░░ 0.150 →
└─  iter  2 ███░░░░░░░░░░░░░░░░░ 0.150 →
✓ Provider: test | Model: test-model | API key: (not required)
→ [phase:execution] Starting...
  📊 [metric:tokens_used] 2 tokens
  📊 [metric:cost_usd] 0 usd
✓ [completion] Task completed in 0.1s with 2 tokens

═══ Logs (2) ═══
  01:02:15.441 INFO  Execution started {"taskId":"01KQTTGDWAV6CDYYGK4SFF1S19","agentId":"minimal-agent-1777942935364"}
  01:02:15.504 INFO  Execution completed {"taskId":"01KQTTGDWAV6CDYYGK4SFF1S19","success":true,"tokensUsed":2,"cost":0,"duration":64}

═══ Spans (11) ═══
  ✓ execution.run (69.9ms) [d19eadff…]
    ✓ execution.phase.bootstrap (10.9ms) [d19eadff…]
      ✓ phase.bootstrap.metrics (0.0ms) [d19eadff…]
    ✓ execution.phase.strategy-select (2.3ms) [d19eadff…]
      ✓ phase.strategy-select.metrics (0.0ms) [d19eadff…]
    ✓ execution.phase.think (41.7ms) [d19eadff…]
      ✓ phase.think.metrics (0.0ms) [d19eadff…]
    ✓ execution.phase.complete (7.2ms) [d19eadff…]
      ✓ execution.phase.memory-flush (11.8ms) [d19eadff…]
        ✓ phase.complete.metrics (0.0ms) [d19eadff…]
    ✓ phase.memory-flush.metrics (0.0ms) [d19eadff…]

═══ Metrics Summary ═══
╭ Agent Execution Summary ──────────────────────╮
│ Status:   Success   Duration: 64ms   Steps: 2 │
│ Model:    test-model   (test)   Tokens: 2     │
╰───────────────────────────────────────────────╯

📊 Execution Timeline
├─ ✅  [bootstrap]           10ms
├─ ✅  [strategy-select]      2ms
├─ ✅  [think]               39ms (2 steps, 56% of time)
├─ ✅  [memory-flush]        11ms
└─ ✅  [complete]             7ms
✓ Provider: test | Model: test-model | API key: (not required)
→ [phase:execution] Starting...
  📊 [metric:tokens_used] 3 tokens
  📊 [metric:cost_usd] 0 usd
✓ [completion] Task completed in 0.0s with 3 tokens

═══ Logs (2) ═══
  01:02:15.586 INFO  Execution started {"taskId":"01KQTTGE0RQNV4EMQ35Q6GM57X","agentId":"selective-agent-1777942935511"}
  01:02:15.623 INFO  Execution completed {"taskId":"01KQTTGE0RQNV4EMQ35Q6GM57X","success":true,"tokensUsed":3,"cost":0,"duration":40}

═══ Spans (13) ═══
  ✓ execution.run (44.2ms) [b628c5e0…]
    ✓ execution.phase.bootstrap (7.2ms) [b628c5e0…]
      ✓ phase.bootstrap.metrics (0.0ms) [b628c5e0…]
    ✓ execution.phase.guardrail (3.4ms) [b628c5e0…]
      ✓ phase.guardrail.metrics (0.0ms) [b628c5e0…]
    ✓ execution.phase.strategy-select (2.7ms) [b628c5e0…]
      ✓ phase.strategy-select.metrics (0.0ms) [b628c5e0…]
    ✓ execution.phase.think (16.2ms) [b628c5e0…]
      ✓ phase.think.metrics (0.0ms) [b628c5e0…]
    ✓ execution.phase.complete (5.3ms) [b628c5e0…]
      ✓ execution.phase.memory-flush (7.7ms) [b628c5e0…]
        ✓ phase.complete.metrics (0.0ms) [b628c5e0…]
    ✓ phase.memory-flush.metrics (0.0ms) [b628c5e0…]

═══ Metrics Summary ═══
╭ Agent Execution Summary ──────────────────────╮
│ Status:   Success   Duration: 40ms   Steps: 2 │
│ Model:    test-model   (test)   Tokens: 3     │
╰───────────────────────────────────────────────╯

📊 Execution Timeline
├─ ✅  [bootstrap]            5ms
├─ ✅  [guardrail]            1ms
├─ ✅  [strategy-select]      2ms
├─ ✅  [think]               16ms (2 steps, 44% of time)
├─ ✅  [memory-flush]         7ms
└─ ✅  [complete]             5ms

packages/runtime/tests/iteration-progress-events.test.ts:
✓ Provider: test | Model: test-model | API key: (not required)
→ [phase:execution] Starting...
→ [phase:reactive:kernel] Starting...
  [iter:0:thought]
→ [phase:think] Starting...
✓ [phase:think] 0.0s
  📊 [metric:entropy] 0.15 composite
✓ [phase:reactive:kernel] 0.0s
✓ [completion] Reactive strategy terminated: final_answer
  📊 [metric:tokens_used] 98 tokens
  📊 [metric:cost_usd] 0 usd
✓ [completion] Task completed in 0.1s with 98 tokens

═══ Logs (2) ═══
  01:02:15.710 INFO  Execution started {"taskId":"01KQTTGE4RZMEW0Z3T9M7N2E9Z","agentId":"agent-1777942935636"}
  01:02:15.811 INFO  Execution completed {"taskId":"01KQTTGE4RZMEW0Z3T9M7N2E9Z","success":true,"tokensUsed":98,"cost":0,"duration":102}

═══ Spans (9) ═══
  ✓ execution.run (106.3ms) [4f7a2dc6…]
    ✓ execution.phase.bootstrap (12.0ms) [4f7a2dc6…]
      ✓ phase.bootstrap.metrics (0.0ms) [4f7a2dc6…]
    ✓ execution.phase.strategy-select (1.1ms) [4f7a2dc6…]
      ✓ phase.strategy-select.metrics (0.0ms) [4f7a2dc6…]
    ✓ execution.phase.think (7.4ms) [4f7a2dc6…]
      ✓ phase.think.metrics (0.0ms) [4f7a2dc6…]
    ✓ execution.phase.complete (1.3ms) [4f7a2dc6…]
      ✓ phase.complete.metrics (0.0ms) [4f7a2dc6…]

═══ Metrics Summary ═══
╭ Agent Execution Summary ───────────────────────╮
│ Status:   Success   Duration: 102ms   Steps: 1 │
│ Model:    test-model   (test)   Tokens: 98     │
╰────────────────────────────────────────────────╯

📊 Execution Timeline
├─ ✅  [bootstrap]            2ms
├─ ✅  [strategy-select]      1ms
├─ ✅  [think]                7ms (1 steps, 65% of time)
└─ ✅  [complete]             1ms

🧠 Reasoning Signal
├─ Grade: B   Signal: flat   Mean: 0.150   Delta: 0.000
├─ Model stalled — entropy didn't decrease across iterations
├─  iter  0 ███░░░░░░░░░░░░░░░░░ 0.150 →
└─  iter  1 ███░░░░░░░░░░░░░░░░░ 0.150 →
✓ Provider: test | Model: test-model | API key: (not required)
→ [phase:execution] Starting...
→ [phase:reactive:kernel] Starting...
  [iter:0:thought]
→ [phase:think] Starting...
✓ [phase:think] 0.0s
  📊 [metric:entropy] 0.15 composite
✓ [phase:reactive:kernel] 0.0s
✓ [completion] Reactive strategy terminated: final_answer
  📊 [metric:tokens_used] 98 tokens
  📊 [metric:cost_usd] 0 usd
✓ [completion] Task completed in 0.1s with 98 tokens

═══ Logs (2) ═══
  01:02:15.901 INFO  Execution started {"taskId":"01KQTTGEAJJGNKBW5M999YS0NB","agentId":"agent-1777942935824"}
  01:02:16.028 INFO  Execution completed {"taskId":"01KQTTGEAJJGNKBW5M999YS0NB","success":true,"tokensUsed":98,"cost":0,"duration":128}

═══ Spans (9) ═══
  ✓ execution.run (129.8ms) [38916c9b…]
    ✓ execution.phase.bootstrap (6.9ms) [38916c9b…]
      ✓ phase.bootstrap.metrics (0.0ms) [38916c9b…]
    ✓ execution.phase.strategy-select (6.8ms) [38916c9b…]
      ✓ phase.strategy-select.metrics (0.0ms) [38916c9b…]
    ✓ execution.phase.think (32.9ms) [38916c9b…]
      ✓ phase.think.metrics (0.0ms) [38916c9b…]
    ✓ execution.phase.complete (5.4ms) [38916c9b…]
      ✓ phase.complete.metrics (0.0ms) [38916c9b…]

═══ Metrics Summary ═══
╭ Agent Execution Summary ───────────────────────╮
│ Status:   Success   Duration: 128ms   Steps: 1 │
│ Model:    test-model   (test)   Tokens: 98     │
╰────────────────────────────────────────────────╯

📊 Execution Timeline
├─ ✅  [bootstrap]            4ms
├─ ✅  [strategy-select]      6ms
├─ ✅  [think]               32ms (1 steps, 74% of time)
└─ ✅  [complete]             1ms

🧠 Reasoning Signal
├─ Grade: B   Signal: flat   Mean: 0.150   Delta: 0.000
├─ Model stalled — entropy didn't decrease across iterations
├─  iter  0 ███░░░░░░░░░░░░░░░░░ 0.150 →
└─  iter  1 ███░░░░░░░░░░░░░░░░░ 0.150 →
✓ Provider: test | Model: test-model | API key: (not required)
→ [phase:execution] Starting...
→ [phase:reactive:kernel] Starting...
  [iter:0:thought]
→ [phase:think] Starting...
✓ [phase:think] 0.0s
  📊 [metric:entropy] 0.15 composite
✓ [phase:reactive:kernel] 0.0s
✓ [completion] Reactive strategy terminated: final_answer
  📊 [metric:tokens_used] 98 tokens
  📊 [metric:cost_usd] 0 usd
✓ [completion] Task completed in 0.1s with 98 tokens

═══ Logs (2) ═══
  01:02:16.112 INFO  Execution started {"taskId":"01KQTTGEH4FMZ6ASJ2X0JRXAAA","agentId":"agent-1777942936039"}
  01:02:16.205 INFO  Execution completed {"taskId":"01KQTTGEH4FMZ6ASJ2X0JRXAAA","success":true,"tokensUsed":98,"cost":0,"duration":94}

═══ Spans (9) ═══
  ✓ execution.run (97.4ms) [04cbff77…]
    ✓ execution.phase.bootstrap (1.9ms) [04cbff77…]
      ✓ phase.bootstrap.metrics (0.0ms) [04cbff77…]
    ✓ execution.phase.strategy-select (1.7ms) [04cbff77…]
      ✓ phase.strategy-select.metrics (0.0ms) [04cbff77…]
    ✓ execution.phase.think (20.3ms) [04cbff77…]
      ✓ phase.think.metrics (0.0ms) [04cbff77…]
    ✓ execution.phase.complete (1.3ms) [04cbff77…]
      ✓ phase.complete.metrics (0.0ms) [04cbff77…]

═══ Metrics Summary ═══
╭ Agent Execution Summary ──────────────────────╮
│ Status:   Success   Duration: 94ms   Steps: 1 │
│ Model:    test-model   (test)   Tokens: 98    │
╰───────────────────────────────────────────────╯

📊 Execution Timeline
├─ ✅  [bootstrap]            2ms
├─ ✅  [strategy-select]      1ms
├─ ✅  [think]               20ms (1 steps, 84% of time)
└─ ✅  [complete]             1ms

🧠 Reasoning Signal
├─ Grade: B   Signal: flat   Mean: 0.150   Delta: 0.000
├─ Model stalled — entropy didn't decrease across iterations
├─  iter  0 ███░░░░░░░░░░░░░░░░░ 0.150 →
└─  iter  1 ███░░░░░░░░░░░░░░░░░ 0.150 →
✓ Provider: test | Model: test-model | API key: (not required)
→ [phase:execution] Starting...
→ [phase:reactive:kernel] Starting...
  [iter:0:thought]
→ [phase:think] Starting...
✓ [phase:think] 0.0s
  📊 [metric:entropy] 0.15 composite
✓ [phase:reactive:kernel] 0.0s
✓ [completion] Reactive strategy terminated: final_answer
  📊 [metric:tokens_used] 98 tokens
  📊 [metric:cost_usd] 0 usd
✓ [completion] Task completed in 0.1s with 98 tokens

═══ Logs (2) ═══
  01:02:16.272 INFO  Execution started {"taskId":"01KQTTGEPC7GF4PENB5AYJQS9E","agentId":"agent-1777942936215"}
  01:02:16.375 INFO  Execution completed {"taskId":"01KQTTGEPC7GF4PENB5AYJQS9E","success":true,"tokensUsed":98,"cost":0,"duration":103}

═══ Spans (9) ═══
  ✓ execution.run (107.1ms) [dd34d303…]
    ✓ execution.phase.bootstrap (3.1ms) [dd34d303…]
      ✓ phase.bootstrap.metrics (0.0ms) [dd34d303…]
    ✓ execution.phase.strategy-select (1.3ms) [dd34d303…]
      ✓ phase.strategy-select.metrics (0.0ms) [dd34d303…]
    ✓ execution.phase.think (25.9ms) [dd34d303…]
      ✓ phase.think.metrics (0.0ms) [dd34d303…]
    ✓ execution.phase.complete (1.2ms) [dd34d303…]
      ✓ phase.complete.metrics (0.0ms) [dd34d303…]

═══ Metrics Summary ═══
╭ Agent Execution Summary ───────────────────────╮
│ Status:   Success   Duration: 103ms   Steps: 1 │
│ Model:    test-model   (test)   Tokens: 98     │
╰────────────────────────────────────────────────╯

📊 Execution Timeline
├─ ✅  [bootstrap]            2ms
├─ ✅  [strategy-select]      1ms
├─ ✅  [think]               25ms (1 steps, 87% of time)
└─ ✅  [complete]             1ms

🧠 Reasoning Signal
├─ Grade: B   Signal: flat   Mean: 0.150   Delta: 0.000
├─ Model stalled — entropy didn't decrease across iterations
├─  iter  0 ███░░░░░░░░░░░░░░░░░ 0.150 →
└─  iter  1 ███░░░░░░░░░░░░░░░░░ 0.150 →
✓ Provider: test | Model: test-model | API key: (not required)
→ [phase:execution] Starting...
→ [phase:reactive:kernel] Starting...
  [iter:0:thought]
→ [phase:think] Starting...
✓ [phase:think] 0.0s
  📊 [metric:entropy] 0.15 composite
✓ [phase:reactive:kernel] 0.0s
✓ [completion] Reactive strategy terminated: final_answer
  📊 [metric:tokens_used] 98 tokens
  📊 [metric:cost_usd] 0 usd
✓ [completion] Task completed in 0.1s with 98 tokens

═══ Logs (2) ═══
  01:02:16.458 INFO  Execution started {"taskId":"01KQTTGEW4CZWT01ZCVC6M0Y2F","agentId":"agent-1777942936385"}
  01:02:16.565 INFO  Execution completed {"taskId":"01KQTTGEW4CZWT01ZCVC6M0Y2F","success":true,"tokensUsed":98,"cost":0,"duration":107}

═══ Spans (9) ═══
  ✓ execution.run (109.8ms) [1fa5f51e…]
    ✓ execution.phase.bootstrap (1.5ms) [1fa5f51e…]
      ✓ phase.bootstrap.metrics (0.0ms) [1fa5f51e…]
    ✓ execution.phase.strategy-select (3.0ms) [1fa5f51e…]
      ✓ phase.strategy-select.metrics (0.0ms) [1fa5f51e…]
    ✓ execution.phase.think (24.6ms) [1fa5f51e…]
      ✓ phase.think.metrics (0.0ms) [1fa5f51e…]
    ✓ execution.phase.complete (2.5ms) [1fa5f51e…]
      ✓ phase.complete.metrics (0.0ms) [1fa5f51e…]

═══ Metrics Summary ═══
╭ Agent Execution Summary ───────────────────────╮
│ Status:   Success   Duration: 107ms   Steps: 1 │
│ Model:    test-model   (test)   Tokens: 98     │
╰────────────────────────────────────────────────╯

📊 Execution Timeline
├─ ✅  [bootstrap]            1ms
├─ ✅  [strategy-select]      2ms
├─ ✅  [think]               24ms (1 steps, 87% of time)
└─ ✅  [complete]             1ms

🧠 Reasoning Signal
├─ Grade: B   Signal: flat   Mean: 0.150   Delta: 0.000
├─ Model stalled — entropy didn't decrease across iterations
├─  iter  0 ███░░░░░░░░░░░░░░░░░ 0.150 →
└─  iter  1 ███░░░░░░░░░░░░░░░░░ 0.150 →
✓ Provider: test | Model: test-model | API key: (not required)
→ [phase:execution] Starting...
→ [phase:reactive:kernel] Starting...
  [iter:0:thought]
→ [phase:think] Starting...
✓ [phase:think] 0.0s
  📊 [metric:entropy] 0.15 composite
✓ [phase:reactive:kernel] 0.0s
✓ [completion] Reactive strategy terminated: final_answer
  📊 [metric:tokens_used] 98 tokens
  📊 [metric:cost_usd] 0 usd
✓ [completion] Task completed in 0.1s with 98 tokens

═══ Logs (2) ═══
  01:02:16.637 INFO  Execution started {"taskId":"01KQTTGF1RVSX853V1Q68HFKV2","agentId":"agent-1777942936575"}
  01:02:16.748 INFO  Execution completed {"taskId":"01KQTTGF1RVSX853V1Q68HFKV2","success":true,"tokensUsed":98,"cost":0,"duration":111}

═══ Spans (9) ═══
  ✓ execution.run (112.5ms) [de17d8a7…]
    ✓ execution.phase.bootstrap (2.7ms) [de17d8a7…]
      ✓ phase.bootstrap.metrics (0.0ms) [de17d8a7…]
    ✓ execution.phase.strategy-select (5.9ms) [de17d8a7…]
      ✓ phase.strategy-select.metrics (0.0ms) [de17d8a7…]
    ✓ execution.phase.think (19.3ms) [de17d8a7…]
      ✓ phase.think.metrics (0.0ms) [de17d8a7…]
    ✓ execution.phase.complete (1.2ms) [de17d8a7…]
      ✓ phase.complete.metrics (0.0ms) [de17d8a7…]

═══ Metrics Summary ═══
╭ Agent Execution Summary ───────────────────────╮
│ Status:   Success   Duration: 111ms   Steps: 1 │
│ Model:    test-model   (test)   Tokens: 98     │
╰────────────────────────────────────────────────╯

📊 Execution Timeline
├─ ✅  [bootstrap]            2ms
├─ ✅  [strategy-select]      5ms
├─ ✅  [think]               19ms (1 steps, 69% of time)
└─ ✅  [complete]             1ms

🧠 Reasoning Signal
├─ Grade: B   Signal: flat   Mean: 0.150   Delta: 0.000
├─ Model stalled — entropy didn't decrease across iterations
├─  iter  0 ███░░░░░░░░░░░░░░░░░ 0.150 →
└─  iter  1 ███░░░░░░░░░░░░░░░░░ 0.150 →
✓ Provider: test | Model: test-model | API key: (not required)
→ [phase:execution] Starting...
→ [phase:reactive:kernel] Starting...
  [iter:0:thought]
→ [phase:think] Starting...
✓ [phase:think] 0.0s
  📊 [metric:entropy] 0.15 composite
✓ [phase:reactive:kernel] 0.0s
✓ [completion] Reactive strategy terminated: final_answer
  📊 [metric:tokens_used] 98 tokens
  📊 [metric:cost_usd] 0 usd
✓ [completion] Task completed in 0.1s with 98 tokens

═══ Logs (2) ═══
  01:02:16.811 INFO  Execution started {"taskId":"01KQTTGF76VHEG88CF3N9R54T4","agentId":"agent-1777942936754"}
  01:02:16.918 INFO  Execution completed {"taskId":"01KQTTGF76VHEG88CF3N9R54T4","success":true,"tokensUsed":98,"cost":0,"duration":108}

═══ Spans (9) ═══
  ✓ execution.run (109.2ms) [0d3999a5…]
    ✓ execution.phase.bootstrap (2.7ms) [0d3999a5…]
      ✓ phase.bootstrap.metrics (0.0ms) [0d3999a5…]
    ✓ execution.phase.strategy-select (1.1ms) [0d3999a5…]
      ✓ phase.strategy-select.metrics (0.0ms) [0d3999a5…]
    ✓ execution.phase.think (20.8ms) [0d3999a5…]
      ✓ phase.think.metrics (0.0ms) [0d3999a5…]
    ✓ execution.phase.complete (1.2ms) [0d3999a5…]
      ✓ phase.complete.metrics (0.0ms) [0d3999a5…]

═══ Metrics Summary ═══
╭ Agent Execution Summary ───────────────────────╮
│ Status:   Success   Duration: 108ms   Steps: 1 │
│ Model:    test-model   (test)   Tokens: 98     │
╰────────────────────────────────────────────────╯

📊 Execution Timeline
├─ ✅  [bootstrap]            2ms
├─ ✅  [strategy-select]      1ms
├─ ✅  [think]               20ms (1 steps, 84% of time)
└─ ✅  [complete]             1ms

🧠 Reasoning Signal
├─ Grade: B   Signal: flat   Mean: 0.150   Delta: 0.000
├─ Model stalled — entropy didn't decrease across iterations
├─  iter  0 ███░░░░░░░░░░░░░░░░░ 0.150 →
└─  iter  1 ███░░░░░░░░░░░░░░░░░ 0.150 →

packages/runtime/tests/observability-verbosity.test.ts:
✓ Provider: test | Model: test-model | API key: (not required)
✓ Provider: test | Model: test-model | API key: (not required)
✓ Provider: test | Model: test-model | API key: (not required)
✓ Provider: test | Model: test-model | API key: (not required)
→ [phase:execution] Starting...
  📊 [metric:tokens_used] 10 tokens
  📊 [metric:cost_usd] 0 usd
✓ [completion] Task completed in 0.0s with 10 tokens

═══ Logs (9) ═══
  01:02:17.147 INFO  Execution started {"taskId":"01KQTTGFHQYV97SANDGDTZWYGZ","agentId":"verbosity-test-1777942937093"}
  01:02:17.172 INFO  ◉ [bootstrap]  2 semantic lines, 0 episodic | 25ms
  01:02:17.173 INFO  ◉ [strategy]   reactive
  01:02:17.174 DEBUG   ┄ [llm]    test-model | 10 tok | end_turn | 0.0s
  01:02:17.174 DEBUG   ┄ [ctx]    2 msgs | ~10 tok used
  01:02:17.186 INFO    ┄ [1/10] [thought] The answer is correct.
  01:02:17.186 INFO    ✓ Iter 1: 10 tok, no tools — final-answer
  01:02:17.188 INFO  Execution completed {"taskId":"01KQTTGFHQYV97SANDGDTZWYGZ","success":true,"tokensUsed":10,"cost":0,"duration":41}
  01:02:17.188 INFO  ◉ [complete]   ✓ 01KQTTGFHQYV97SANDGDTZWYGZ | 10 tok | $0.0000 | 0.0s

═══ Spans (11) ═══
  ✓ execution.run (45.3ms) [0659a516…]
    ✓ execution.phase.bootstrap (24.1ms) [0659a516…]
      ✓ phase.bootstrap.metrics (0.0ms) [0659a516…]
    ✓ execution.phase.strategy-select (1.0ms) [0659a516…]
      ✓ phase.strategy-select.metrics (0.0ms) [0659a516…]
    ✓ execution.phase.think (12.6ms) [0659a516…]
      ✓ phase.think.metrics (0.0ms) [0659a516…]
    ✓ execution.phase.complete (1.7ms) [0659a516…]
      ✓ execution.phase.memory-flush (5.4ms) [0659a516…]
        ✓ phase.complete.metrics (0.0ms) [0659a516…]
    ✓ phase.memory-flush.metrics (0.0ms) [0659a516…]

═══ Metrics Summary ═══
╭ Agent Execution Summary ──────────────────────╮
│ Status:   Success   Duration: 41ms   Steps: 2 │
│ Model:    test-model   (test)   Tokens: 10    │
╰───────────────────────────────────────────────╯

📊 Execution Timeline
├─ ✅  [bootstrap]           15ms
├─ ✅  [strategy-select]      1ms
├─ ✅  [think]               12ms (2 steps, 36% of time)
├─ ✅  [memory-flush]         5ms
└─ ✅  [complete]             1ms
✓ Provider: test | Model: test-model | API key: (not required)
→ [phase:execution] Starting...
  📊 [metric:tokens_used] 10 tokens
  📊 [metric:cost_usd] 0 usd
✓ [completion] Task completed in 0.0s with 10 tokens

═══ Logs (2) ═══
  01:02:17.250 INFO  Execution started {"taskId":"01KQTTGFMXY0NBQRVM04D5FMAH","agentId":"verbosity-test-1777942937194"}
  01:02:17.272 INFO  Execution completed {"taskId":"01KQTTGFMXY0NBQRVM04D5FMAH","success":true,"tokensUsed":10,"cost":0,"duration":22}

═══ Spans (11) ═══
  ✓ execution.run (26.3ms) [2a089087…]
    ✓ execution.phase.bootstrap (2.2ms) [2a089087…]
      ✓ phase.bootstrap.metrics (0.0ms) [2a089087…]
    ✓ execution.phase.strategy-select (1.1ms) [2a089087…]
      ✓ phase.strategy-select.metrics (0.0ms) [2a089087…]
    ✓ execution.phase.think (13.2ms) [2a089087…]
      ✓ phase.think.metrics (0.0ms) [2a089087…]
    ✓ execution.phase.complete (2.3ms) [2a089087…]
      ✓ execution.phase.memory-flush (5.1ms) [2a089087…]
        ✓ phase.complete.metrics (0.0ms) [2a089087…]
    ✓ phase.memory-flush.metrics (0.0ms) [2a089087…]

═══ Metrics Summary ═══
╭ Agent Execution Summary ──────────────────────╮
│ Status:   Success   Duration: 22ms   Steps: 2 │
│ Model:    test-model   (test)   Tokens: 10    │
╰───────────────────────────────────────────────╯

📊 Execution Timeline
├─ ✅  [bootstrap]            2ms
├─ ✅  [strategy-select]      1ms
├─ ✅  [think]               13ms (2 steps, 58% of time)
├─ ✅  [memory-flush]         5ms
└─ ✅  [complete]             2ms
timestamp=2026-05-05T01:02:17.281Z level=WARN fiber=#56300 message="[observability] MetricsCollectorTag not provided in Layer — creating a fresh collector. ExecutionEngine writes and ObservabilityService reads will diverge. Wire MetricsCollectorTag in the shared Layer to suppress this warning."
timestamp=2026-05-05T01:02:17.281Z level=WARN fiber=#56301 message="[observability] MetricsCollectorTag not provided in Layer — creating a fresh collector. ExecutionEngine writes and ObservabilityService reads will diverge. Wire MetricsCollectorTag in the shared Layer to suppress this warning."
timestamp=2026-05-05T01:02:17.281Z level=WARN fiber=#56302 message="[observability] MetricsCollectorTag not provided in Layer — creating a fresh collector. ExecutionEngine writes and ObservabilityService reads will diverge. Wire MetricsCollectorTag in the shared Layer to suppress this warning."
timestamp=2026-05-05T01:02:17.282Z level=WARN fiber=#56303 message="[observability] MetricsCollectorTag not provided in Layer — creating a fresh collector. ExecutionEngine writes and ObservabilityService reads will diverge. Wire MetricsCollectorTag in the shared Layer to suppress this warning."
timestamp=2026-05-05T01:02:17.282Z level=WARN fiber=#56304 message="[observability] MetricsCollectorTag not provided in Layer — creating a fresh collector. ExecutionEngine writes and ObservabilityService reads will diverge. Wire MetricsCollectorTag in the shared Layer to suppress this warning."
  01:02:17.282 INFO  live-msg1
  01:02:17.282 WARN  live-msg2

packages/runtime/tests/persona.test.ts:
✓ Provider: test | Model: test-model | API key: (not required)
✓ Provider: test | Model: test-model | API key: (not required)
✓ Provider: test | Model: test-model | API key: (not required)

packages/runtime/tests/run-stream.test.ts:
✓ Provider: test | Model: test-model | API key: (not required)
→ [phase:execution] Starting...
  📊 [metric:tokens_used] 10 tokens
  📊 [metric:cost_usd] 0 usd
✓ [completion] Task completed in 0.0s with 10 tokens

═══ Logs (2) ═══
  01:02:17.509 INFO  Execution started {"taskId":"01KQTTGFX0ZJFQ6NG6HEKASAG9","agentId":"agent-1777942937451"}
  01:02:17.533 INFO  Execution completed {"taskId":"01KQTTGFX0ZJFQ6NG6HEKASAG9","success":true,"tokensUsed":10,"cost":0,"duration":25}

═══ Spans (9) ═══
  ✓ execution.run (28.0ms) [3d4fedea…]
    ✓ execution.phase.bootstrap (4.8ms) [3d4fedea…]
      ✓ phase.bootstrap.metrics (0.0ms) [3d4fedea…]
    ✓ execution.phase.strategy-select (1.2ms) [3d4fedea…]
      ✓ phase.strategy-select.metrics (0.0ms) [3d4fedea…]
    ✓ execution.phase.think (13.9ms) [3d4fedea…]
      ✓ phase.think.metrics (0.0ms) [3d4fedea…]
    ✓ execution.phase.complete (2.6ms) [3d4fedea…]
  ✓ phase.complete.metrics (0.0ms) [3d4fedea…]

═══ Metrics Summary ═══
╭ Agent Execution Summary ──────────────────────╮
│ Status:   Success   Duration: 25ms   Steps: 2 │
│ Model:    test-model   (test)   Tokens: 10    │
╰───────────────────────────────────────────────╯

📊 Execution Timeline
├─ ✅  [bootstrap]            4ms
├─ ✅  [strategy-select]      1ms
├─ ✅  [think]               13ms (2 steps, 65% of time)
└─ ✅  [complete]             2ms
✓ Provider: test | Model: test-model | API key: (not required)
→ [phase:execution] Starting...
  📊 [metric:tokens_used] 6 tokens
  📊 [metric:cost_usd] 0 usd
✓ [completion] Task completed in 0.0s with 6 tokens

═══ Logs (2) ═══
  01:02:17.610 INFO  Execution started {"taskId":"01KQTTGG05EGMBA709KNVB6NNF","agentId":"agent-1777942937553"}
  01:02:17.640 INFO  Execution completed {"taskId":"01KQTTGG05EGMBA709KNVB6NNF","success":true,"tokensUsed":6,"cost":0,"duration":30}

═══ Spans (11) ═══
  ✓ execution.run (35.6ms) [c698d549…]
    ✓ execution.phase.bootstrap (10.3ms) [c698d549…]
      ✓ phase.bootstrap.metrics (0.0ms) [c698d549…]
    ✓ execution.phase.strategy-select (1.8ms) [c698d549…]
      ✓ phase.strategy-select.metrics (0.0ms) [c698d549…]
    ✓ execution.phase.think (14.0ms) [c698d549…]
      ✓ phase.think.metrics (0.0ms) [c698d549…]
    ✓ execution.phase.complete (2.6ms) [c698d549…]
      ✓ execution.phase.memory-flush (6.8ms) [c698d549…]
        ✓ phase.complete.metrics (0.0ms) [c698d549…]
    ✓ phase.memory-flush.metrics (0.0ms) [c698d549…]

═══ Metrics Summary ═══
╭ Agent Execution Summary ──────────────────────╮
│ Status:   Success   Duration: 30ms   Steps: 2 │
│ Model:    test-model   (test)   Tokens: 6     │
╰───────────────────────────────────────────────╯

📊 Execution Timeline
├─ ✅  [bootstrap]           10ms
├─ ✅  [strategy-select]      1ms
├─ ✅  [think]               14ms (2 steps, 40% of time)
├─ ✅  [memory-flush]         7ms
└─ ✅  [complete]             2ms
✓ Provider: test | Model: test-model | API key: (not required)
→ [phase:execution] Starting...
  📊 [metric:tokens_used] 8 tokens
  📊 [metric:cost_usd] 0 usd
✓ [completion] Task completed in 0.0s with 8 tokens

═══ Logs (2) ═══
  01:02:17.706 INFO  Execution started {"taskId":"01KQTTGG344MGEP6Y165NDA2Y3","agentId":"agent-1777942937649"}
  01:02:17.741 INFO  Execution completed {"taskId":"01KQTTGG344MGEP6Y165NDA2Y3","success":true,"tokensUsed":8,"cost":0,"duration":36}

═══ Spans (11) ═══
  ✓ execution.run (45.9ms) [f50ba684…]
    ✓ execution.phase.bootstrap (17.2ms) [f50ba684…]
      ✓ phase.bootstrap.metrics (0.0ms) [f50ba684…]
    ✓ execution.phase.strategy-select (1.0ms) [f50ba684…]
      ✓ phase.strategy-select.metrics (0.0ms) [f50ba684…]
    ✓ execution.phase.think (14.2ms) [f50ba684…]
      ✓ phase.think.metrics (0.0ms) [f50ba684…]
    ✓ execution.phase.complete (1.9ms) [f50ba684…]
      ✓ execution.phase.memory-flush (11.3ms) [f50ba684…]
        ✓ phase.complete.metrics (0.0ms) [f50ba684…]
    ✓ phase.memory-flush.metrics (0.0ms) [f50ba684…]

═══ Metrics Summary ═══
╭ Agent Execution Summary ──────────────────────╮
│ Status:   Success   Duration: 36ms   Steps: 2 │
│ Model:    test-model   (test)   Tokens: 8     │
╰───────────────────────────────────────────────╯

📊 Execution Timeline
├─ ✅  [bootstrap]           17ms
├─ ✅  [strategy-select]      1ms
├─ ✅  [think]               14ms (2 steps, 32% of time)
├─ ✅  [memory-flush]        11ms
└─ ✅  [complete]             2ms
✓ Provider: test | Model: test-model | API key: (not required)
→ [phase:execution] Starting...
→ [phase:reactive:kernel] Starting...
  [iter:0:thought]
→ [phase:think] Starting...
✓ [phase:think] 0.0s
  📊 [metric:entropy] 0.15 composite
✓ [phase:reactive:kernel] 0.0s
✓ [completion] Reactive strategy terminated: final_answer
  📊 [metric:tokens_used] 98 tokens
  📊 [metric:cost_usd] 0 usd
✓ [completion] Task completed in 0.1s with 98 tokens

═══ Logs (2) ═══
  01:02:17.832 INFO  Execution started {"taskId":"01KQTTGG73N3SEH7JKNWEF8P6A","agentId":"agent-1777942937774"}
  01:02:17.927 INFO  Execution completed {"taskId":"01KQTTGG73N3SEH7JKNWEF8P6A","success":true,"tokensUsed":98,"cost":0,"duration":96}

═══ Spans (9) ═══
  ✓ execution.run (97.6ms) [f0e3c3f6…]
    ✓ execution.phase.bootstrap (2.2ms) [f0e3c3f6…]
      ✓ phase.bootstrap.metrics (0.0ms) [f0e3c3f6…]
    ✓ execution.phase.strategy-select (15.5ms) [f0e3c3f6…]
      ✓ phase.strategy-select.metrics (0.0ms) [f0e3c3f6…]
    ✓ execution.phase.think (6.7ms) [f0e3c3f6…]
      ✓ phase.think.metrics (0.0ms) [f0e3c3f6…]
    ✓ execution.phase.complete (0.9ms) [f0e3c3f6…]
      ✓ phase.complete.metrics (0.0ms) [f0e3c3f6…]

═══ Metrics Summary ═══
╭ Agent Execution Summary ──────────────────────╮
│ Status:   Success   Duration: 96ms   Steps: 1 │
│ Model:    test-model   (test)   Tokens: 98    │
╰───────────────────────────────────────────────╯

📊 Execution Timeline
├─ ✅  [bootstrap]            2ms
├─ ✅  [strategy-select]     15ms
├─ ✅  [think]                6ms (1 steps, 27% of time)
└─ ✅  [complete]             1ms

🧠 Reasoning Signal
├─ Grade: B   Signal: flat   Mean: 0.150   Delta: 0.000
├─ Model stalled — entropy didn't decrease across iterations
├─  iter  0 ███░░░░░░░░░░░░░░░░░ 0.150 →
└─  iter  1 ███░░░░░░░░░░░░░░░░░ 0.150 →
✓ Provider: test | Model: test-model | API key: (not required)
→ [phase:execution] Starting...
→ [phase:reactive:kernel] Starting...
  [iter:0:thought]
→ [phase:think] Starting...
✓ [phase:think] 0.0s
  📊 [metric:entropy] 0.15 composite
✓ [phase:reactive:kernel] 0.0s
✓ [completion] Reactive strategy terminated: final_answer
  📊 [metric:tokens_used] 96 tokens
  📊 [metric:cost_usd] 0 usd
✓ [completion] Task completed in 0.1s with 96 tokens

═══ Logs (2) ═══
  01:02:17.992 INFO  Execution started {"taskId":"01KQTTGGC2QJAMEJ04M8MNYEVF","agentId":"agent-1777942937932"}
  01:02:18.118 INFO  Execution completed {"taskId":"01KQTTGGC2QJAMEJ04M8MNYEVF","success":true,"tokensUsed":96,"cost":0,"duration":126}

═══ Spans (9) ═══
  ✓ execution.run (128.6ms) [dec0711a…]
    ✓ execution.phase.bootstrap (36.3ms) [dec0711a…]
      ✓ phase.bootstrap.metrics (0.0ms) [dec0711a…]
    ✓ execution.phase.strategy-select (1.4ms) [dec0711a…]
      ✓ phase.strategy-select.metrics (0.0ms) [dec0711a…]
    ✓ execution.phase.think (7.6ms) [dec0711a…]
      ✓ phase.think.metrics (0.0ms) [dec0711a…]
    ✓ execution.phase.complete (0.9ms) [dec0711a…]
      ✓ phase.complete.metrics (0.0ms) [dec0711a…]

═══ Metrics Summary ═══
╭ Agent Execution Summary ───────────────────────╮
│ Status:   Success   Duration: 126ms   Steps: 1 │
│ Model:    test-model   (test)   Tokens: 96     │
╰────────────────────────────────────────────────╯

📊 Execution Timeline
├─ ✅  [bootstrap]           21ms
├─ ✅  [strategy-select]      1ms
├─ ✅  [think]                7ms (1 steps, 24% of time)
└─ ✅  [complete]             1ms

🧠 Reasoning Signal
├─ Grade: B   Signal: flat   Mean: 0.150   Delta: 0.000
├─ Model stalled — entropy didn't decrease across iterations
├─  iter  0 ███░░░░░░░░░░░░░░░░░ 0.150 →
└─  iter  1 ███░░░░░░░░░░░░░░░░░ 0.150 →
✓ Provider: test | Model: test-model | API key: (not required)
→ [phase:execution] Starting...
→ [phase:execution] Starting...
  📊 [metric:tokens_used] 7 tokens
  📊 [metric:cost_usd] 0 usd
✓ [completion] Task completed in 0.1s with 7 tokens

═══ Logs (4) ═══
  01:02:18.190 INFO  Execution started {"taskId":"01KQTTGGJ78PJ5HVM3QC05473H","agentId":"agent-1777942938126"}
  01:02:18.190 INFO  Execution started {"taskId":"01KQTTGGJ7Q6V2C1XGQMQP7X8J","agentId":"agent-1777942938126"}
  01:02:18.243 INFO  Execution completed {"taskId":"01KQTTGGJ7Q6V2C1XGQMQP7X8J","success":true,"tokensUsed":7,"cost":0,"duration":53}
  01:02:18.250 INFO  Execution completed {"taskId":"01KQTTGGJ78PJ5HVM3QC05473H","success":true,"tokensUsed":7,"cost":0,"duration":60}

═══ Spans (19) ═══
  ✓ phase.complete.metrics (0.0ms) [e18ce22a…]
  ✓ execution.run (72.9ms) [e18ce22a…]
    ✓ execution.phase.bootstrap (53.0ms) [e18ce22a…]
      ✓ execution.phase.bootstrap (16.1ms) [e18ce22a…]
        ✓ phase.bootstrap.metrics (0.0ms) [e18ce22a…]
      ✓ execution.phase.strategy-select (17.5ms) [e18ce22a…]
        ✓ phase.strategy-select.metrics (0.0ms) [e18ce22a…]
      ✓ execution.phase.think (13.6ms) [e18ce22a…]
        ✓ phase.think.metrics (0.0ms) [e18ce22a…]
      ✓ execution.phase.complete (3.4ms) [e18ce22a…]
        ✓ execution.phase.memory-flush (23.1ms) [e18ce22a…]
          ✓ phase.complete.metrics (0.0ms) [e18ce22a…]
      ✓ phase.bootstrap.metrics (0.0ms) [e18ce22a…]
    ✓ execution.phase.strategy-select (1.0ms) [e18ce22a…]
      ✓ phase.strategy-select.metrics (0.0ms) [e18ce22a…]
    ✓ execution.phase.think (2.1ms) [e18ce22a…]
      ✓ phase.think.metrics (0.0ms) [e18ce22a…]
    ✓ execution.phase.complete (1.9ms) [e18ce22a…]
    ✓ phase.memory-flush.metrics (0.0ms) [e18ce22a…]

═══ Metrics Summary ═══
╭ Agent Execution Summary ──────────────────────╮
│ Status:   Success   Duration: 53ms   Steps: 2 │
│ Model:    test-model   (test)   Tokens: 7     │
╰───────────────────────────────────────────────╯

📊 Execution Timeline
├─ ✅  [bootstrap]           68ms
├─ ✅  [strategy-select]     18ms
├─ ✅  [think]               15ms (2 steps, 12% of time)
├─ ✅  [memory-flush]        23ms
└─ ✅  [complete]             5ms
  📊 [metric:tokens_used] 7 tokens
  📊 [metric:cost_usd] 0 usd
✓ [completion] Task completed in 0.1s with 7 tokens

═══ Logs (4) ═══
  01:02:18.190 INFO  Execution started {"taskId":"01KQTTGGJ78PJ5HVM3QC05473H","agentId":"agent-1777942938126"}
  01:02:18.190 INFO  Execution started {"taskId":"01KQTTGGJ7Q6V2C1XGQMQP7X8J","agentId":"agent-1777942938126"}
  01:02:18.243 INFO  Execution completed {"taskId":"01KQTTGGJ7Q6V2C1XGQMQP7X8J","success":true,"tokensUsed":7,"cost":0,"duration":53}
  01:02:18.250 INFO  Execution completed {"taskId":"01KQTTGGJ78PJ5HVM3QC05473H","success":true,"tokensUsed":7,"cost":0,"duration":60}

═══ Spans (20) ═══
  ✓ execution.run (75.5ms) [e18ce22a…]
    ✓ execution.run (72.9ms) [e18ce22a…]
      ✓ execution.phase.bootstrap (53.0ms) [e18ce22a…]
        ✓ execution.phase.bootstrap (16.1ms) [e18ce22a…]
          ✓ phase.bootstrap.metrics (0.0ms) [e18ce22a…]
        ✓ execution.phase.strategy-select (17.5ms) [e18ce22a…]
          ✓ phase.strategy-select.metrics (0.0ms) [e18ce22a…]
        ✓ execution.phase.think (13.6ms) [e18ce22a…]
          ✓ phase.think.metrics (0.0ms) [e18ce22a…]
        ✓ execution.phase.complete (3.4ms) [e18ce22a…]
          ✓ execution.phase.memory-flush (23.1ms) [e18ce22a…]
            ✓ phase.complete.metrics (0.0ms) [e18ce22a…]
        ✓ phase.bootstrap.metrics (0.0ms) [e18ce22a…]
      ✓ execution.phase.strategy-select (1.0ms) [e18ce22a…]
        ✓ phase.strategy-select.metrics (0.0ms) [e18ce22a…]
      ✓ execution.phase.think (2.1ms) [e18ce22a…]
        ✓ phase.think.metrics (0.0ms) [e18ce22a…]
      ✓ execution.phase.complete (1.9ms) [e18ce22a…]
      ✓ phase.memory-flush.metrics (0.0ms) [e18ce22a…]
  ✓ phase.complete.metrics (0.0ms) [e18ce22a…]

═══ Metrics Summary ═══
╭ Agent Execution Summary ──────────────────────╮
│ Status:   Success   Duration: 53ms   Steps: 2 │
│ Model:    test-model   (test)   Tokens: 7     │
╰───────────────────────────────────────────────╯

📊 Execution Timeline
├─ ✅  [bootstrap]           68ms
├─ ✅  [strategy-select]     18ms
├─ ✅  [think]               15ms (2 steps, 12% of time)
├─ ✅  [memory-flush]        23ms
└─ ✅  [complete]             5ms

packages/runtime/tests/session-store-wiring.test.ts:
✓ Provider: test | Model: test-model | API key: (not required)
✓ Provider: test | Model: test-model | API key: (not required)
✓ Provider: test | Model: test-model | API key: (not required)

packages/runtime/tests/smoke-builder-combinations.test.ts:
✓ Provider: test | Model: test-model | API key: (not required)
→ [phase:execution] Starting...
  📊 [metric:tokens_used] 2 tokens
  📊 [metric:cost_usd] 0 usd
✓ [completion] Task completed in 0.1s with 2 tokens

═══ Logs (2) ═══
  01:02:18.883 INFO  Execution started {"taskId":"01KQTTGH7ZPYP6XP53K9N5A7DZ","agentId":"minimal-1777942938817"}
  01:02:18.921 INFO  Execution completed {"taskId":"01KQTTGH7ZPYP6XP53K9N5A7DZ","success":true,"tokensUsed":2,"cost":0,"duration":38}

═══ Spans (11) ═══
  ✓ execution.run (70.9ms) [a69bb7d6…]
    ✓ execution.phase.bootstrap (19.2ms) [a69bb7d6…]
      ✓ phase.bootstrap.metrics (0.0ms) [a69bb7d6…]
    ✓ execution.phase.strategy-select (1.1ms) [a69bb7d6…]
      ✓ phase.strategy-select.metrics (0.0ms) [a69bb7d6…]
    ✓ execution.phase.think (12.6ms) [a69bb7d6…]
      ✓ phase.think.metrics (0.0ms) [a69bb7d6…]
    ✓ execution.phase.complete (1.5ms) [a69bb7d6…]
      ✓ execution.phase.memory-flush (18.4ms) [a69bb7d6…]
        ✓ phase.complete.metrics (0.0ms) [a69bb7d6…]
    ✓ phase.memory-flush.metrics (0.0ms) [a69bb7d6…]

═══ Metrics Summary ═══
╭ Agent Execution Summary ──────────────────────╮
│ Status:   Success   Duration: 38ms   Steps: 2 │
│ Model:    test-model   (test)   Tokens: 2     │
╰───────────────────────────────────────────────╯

📊 Execution Timeline
├─ ✅  [bootstrap]           19ms
├─ ✅  [strategy-select]      1ms
├─ ✅  [think]               12ms (2 steps, 24% of time)
├─ ✅  [memory-flush]        18ms
└─ ✅  [complete]             1ms
✓ Provider: test | Model: test-model | API key: (not required)
→ [phase:execution] Starting...
  📊 [metric:tokens_used] 2 tokens
  📊 [metric:cost_usd] 0 usd
✓ [completion] Task completed in 0.0s with 2 tokens

═══ Logs (2) ═══
  01:02:19.030 INFO  Execution started {"taskId":"01KQTTGHCCB3HQRT4Z0BKRP95A","agentId":"tools-only-1777942938958"}
  01:02:19.067 INFO  Execution completed {"taskId":"01KQTTGHCCB3HQRT4Z0BKRP95A","success":true,"tokensUsed":2,"cost":0,"duration":38}

═══ Spans (9) ═══
  ✓ execution.run (47.7ms) [876e292f…]
    ✓ execution.phase.bootstrap (16.4ms) [876e292f…]
      ✓ phase.bootstrap.metrics (0.0ms) [876e292f…]
    ✓ execution.phase.strategy-select (2.5ms) [876e292f…]
      ✓ phase.strategy-select.metrics (0.0ms) [876e292f…]
    ✓ execution.phase.think (13.7ms) [876e292f…]
      ✓ phase.think.metrics (0.0ms) [876e292f…]
    ✓ execution.phase.complete (3.3ms) [876e292f…]
  ✓ phase.complete.metrics (0.0ms) [876e292f…]

═══ Metrics Summary ═══
╭ Agent Execution Summary ──────────────────────╮
│ Status:   Success   Duration: 38ms   Steps: 2 │
│ Model:    test-model   (test)   Tokens: 2     │
╰───────────────────────────────────────────────╯

📊 Execution Timeline
├─ ✅  [bootstrap]           11ms
├─ ✅  [strategy-select]      2ms
├─ ✅  [think]               13ms (2 steps, 45% of time)
└─ ✅  [complete]             3ms
✓ Provider: test | Model: test-model | API key: (not required)
→ [phase:execution] Starting...
→ [phase:reactive:kernel] Starting...
  [iter:0:thought]
→ [phase:think] Starting...
✓ [phase:think] 0.0s
  📊 [metric:entropy] 0.15 composite
✓ [phase:reactive:kernel] 0.0s
✓ [completion] Reactive strategy terminated: final_answer
  📊 [metric:tokens_used] 100 tokens
  📊 [metric:cost_usd] 0 usd
✓ [completion] Task completed in 0.1s with 100 tokens

═══ Logs (2) ═══
  01:02:19.152 INFO  Execution started {"taskId":"01KQTTGHGAE7QS1E0E1PDBHNH6","agentId":"reasoning-only-1777942939081"}
  01:02:19.244 INFO  Execution completed {"taskId":"01KQTTGHGAE7QS1E0E1PDBHNH6","success":true,"tokensUsed":100,"cost":0,"duration":93}

═══ Spans (9) ═══
  ✓ execution.run (96.8ms) [5437de3b…]
    ✓ execution.phase.bootstrap (1.2ms) [5437de3b…]
      ✓ phase.bootstrap.metrics (0.0ms) [5437de3b…]
    ✓ execution.phase.strategy-select (1.0ms) [5437de3b…]
      ✓ phase.strategy-select.metrics (0.0ms) [5437de3b…]
    ✓ execution.phase.think (12.5ms) [5437de3b…]
      ✓ phase.think.metrics (0.0ms) [5437de3b…]
    ✓ execution.phase.complete (2.1ms) [5437de3b…]
      ✓ phase.complete.metrics (0.0ms) [5437de3b…]

═══ Metrics Summary ═══
╭ Agent Execution Summary ──────────────────────╮
│ Status:   Success   Duration: 93ms   Steps: 1 │
│ Model:    test-model   (test)   Tokens: 100   │
╰───────────────────────────────────────────────╯

📊 Execution Timeline
├─ ✅  [bootstrap]            1ms
├─ ✅  [strategy-select]      1ms
├─ ✅  [think]               12ms (1 steps, 79% of time)
└─ ✅  [complete]             2ms

🧠 Reasoning Signal
├─ Grade: B   Signal: flat   Mean: 0.150   Delta: 0.000
├─ Model stalled — entropy didn't decrease across iterations
├─  iter  0 ███░░░░░░░░░░░░░░░░░ 0.150 →
└─  iter  1 ███░░░░░░░░░░░░░░░░░ 0.150 →
✓ Provider: test | Model: test-model | API key: (not required)
→ [phase:execution] Starting...
→ [phase:reactive:kernel] Starting...
  [iter:0:thought]
→ [phase:think] Starting...
✓ [phase:think] 0.0s
  📊 [metric:entropy] 0.15 composite
✓ [phase:reactive:kernel] 0.0s
✓ [completion] Reactive strategy terminated: final_answer
  📊 [metric:tokens_used] 175 tokens
  📊 [metric:cost_usd] 0 usd
✓ [completion] Task completed in 0.1s with 175 tokens

═══ Logs (2) ═══
  01:02:19.328 INFO  Execution started {"taskId":"01KQTTGHNQ7550GS98CSF2Q828","agentId":"tools-reasoning-1777942939251"}
  01:02:19.437 INFO  Execution completed {"taskId":"01KQTTGHNQ7550GS98CSF2Q828","success":true,"tokensUsed":175,"cost":0,"duration":111}

═══ Spans (9) ═══
  ✓ execution.run (115.9ms) [1937f732…]
    ✓ execution.phase.bootstrap (3.0ms) [1937f732…]
      ✓ phase.bootstrap.metrics (0.0ms) [1937f732…]
    ✓ execution.phase.strategy-select (2.4ms) [1937f732…]
      ✓ phase.strategy-select.metrics (0.0ms) [1937f732…]
    ✓ execution.phase.think (10.5ms) [1937f732…]
      ✓ phase.think.metrics (0.0ms) [1937f732…]
    ✓ execution.phase.complete (1.4ms) [1937f732…]
      ✓ phase.complete.metrics (0.0ms) [1937f732…]

═══ Metrics Summary ═══
╭ Agent Execution Summary ───────────────────────╮
│ Status:   Success   Duration: 111ms   Steps: 1 │
│ Model:    test-model   (test)   Tokens: 175    │
╰────────────────────────────────────────────────╯

📊 Execution Timeline
├─ ✅  [bootstrap]            3ms
├─ ✅  [strategy-select]      2ms
├─ ✅  [think]               10ms (1 steps, 63% of time)
└─ ✅  [complete]             1ms

🧠 Reasoning Signal
├─ Grade: B   Signal: flat   Mean: 0.150   Delta: 0.000
├─ Model stalled — entropy didn't decrease across iterations
├─  iter  0 ███░░░░░░░░░░░░░░░░░ 0.150 →
├─  iter  1 ███░░░░░░░░░░░░░░░░░ 0.150 →
└─  iter  2 ███░░░░░░░░░░░░░░░░░ 0.150 →
⚠ withMemory("1") is deprecated. Use .withMemory() instead.
✓ Provider: test | Model: test-model | API key: (not required)
→ [phase:execution] Starting...
→ [phase:reactive:kernel] Starting...
  [iter:0:thought]
→ [phase:think] Starting...
✓ [phase:think] 0.0s
  📊 [metric:entropy] 0.15 composite
✓ [phase:reactive:kernel] 0.0s
✓ [completion] Reactive strategy terminated: final_answer
  📊 [metric:tokens_used] 174 tokens
  📊 [metric:cost_usd] 0 usd
✓ [completion] Task completed in 0.1s with 174 tokens

═══ Logs (3) ═══
  01:02:19.534 INFO  Execution started {"taskId":"01KQTTGHW6SMHE3ZA02R2VZVG6","agentId":"full-featured-1777942939459"}
  01:02:19.644 INFO  Execution audit trail {"taskId":"01KQTTGHW6SMHE3ZA02R2VZVG6","agentId":"full-featured-1777942939459","iterations":1,"tokensUsed":174,"cost":0,"strategy":"reactive","duration":111,"phase":"audit"}
  01:02:19.651 INFO  Execution completed {"taskId":"01KQTTGHW6SMHE3ZA02R2VZVG6","success":true,"tokensUsed":174,"cost":0,"duration":115}

═══ Spans (19) ═══
  ✓ execution.run (120.4ms) [db8c47e4…]
    ✓ execution.phase.bootstrap (9.9ms) [db8c47e4…]
      ✓ phase.bootstrap.metrics (0.0ms) [db8c47e4…]
    ✓ execution.phase.guardrail (3.8ms) [db8c47e4…]
      ✓ phase.guardrail.metrics (0.0ms) [db8c47e4…]
    ✓ execution.phase.cost-route (2.6ms) [db8c47e4…]
      ✓ phase.cost-route.metrics (0.0ms) [db8c47e4…]
    ✓ execution.phase.strategy-select (0.9ms) [db8c47e4…]
      ✓ phase.strategy-select.metrics (0.0ms) [db8c47e4…]
    ✓ execution.phase.think (12.9ms) [db8c47e4…]
      ✓ phase.think.metrics (0.0ms) [db8c47e4…]
    ✓ execution.phase.verify (1.3ms) [db8c47e4…]
      ✓ phase.verify.metrics (0.0ms) [db8c47e4…]
    ✓ execution.phase.cost-track (1.0ms) [db8c47e4…]
      ✓ phase.cost-track.metrics (0.0ms) [db8c47e4…]
    ✓ execution.phase.audit (1.1ms) [db8c47e4…]
      ✓ phase.audit.metrics (0.0ms) [db8c47e4…]
    ✓ execution.phase.complete (3.4ms) [db8c47e4…]
      ✓ phase.complete.metrics (0.0ms) [db8c47e4…]

═══ Metrics Summary ═══
╭ Agent Execution Summary ───────────────────────╮
│ Status:   Success   Duration: 115ms   Steps: 1 │
│ Model:    test-model   (test)   Tokens: 174    │
╰────────────────────────────────────────────────╯

📊 Execution Timeline
├─ ✅  [bootstrap]           10ms
├─ ✅  [guardrail]            3ms
├─ ✅  [cost-route]           2ms
├─ ✅  [strategy-select]      1ms
├─ ✅  [think]               12ms (1 steps, 36% of time)
├─ ✅  [verify]               1ms
├─ ✅  [cost-track]           1ms
├─ ✅  [audit]                1ms
└─ ✅  [complete]             2ms

🧠 Reasoning Signal
├─ Grade: B   Signal: flat   Mean: 0.150   Delta: 0.000
├─ Model stalled — entropy didn't decrease across iterations
├─  iter  0 ███░░░░░░░░░░░░░░░░░ 0.150 →
├─  iter  1 ███░░░░░░░░░░░░░░░░░ 0.150 →
└─  iter  2 ███░░░░░░░░░░░░░░░░░ 0.150 →
✓ Provider: test | Model: test-model | API key: (not required)
→ [phase:execution] Starting...
  📊 [metric:tokens_used] 2 tokens
  📊 [metric:cost_usd] 0 usd
✓ [completion] Task completed in 0.0s with 2 tokens

═══ Logs (2) ═══
  01:02:19.724 INFO  Execution started {"taskId":"01KQTTGJ2504FTJBYFGJHSPR1R","agentId":"system-prompt-1777942939656"}
  01:02:19.748 INFO  Execution completed {"taskId":"01KQTTGJ2504FTJBYFGJHSPR1R","success":true,"tokensUsed":2,"cost":0,"duration":23}

═══ Spans (9) ═══
  ✓ execution.run (27.4ms) [4e0c3ab6…]
    ✓ execution.phase.bootstrap (2.5ms) [4e0c3ab6…]
      ✓ phase.bootstrap.metrics (0.0ms) [4e0c3ab6…]
    ✓ execution.phase.strategy-select (1.2ms) [4e0c3ab6…]
      ✓ phase.strategy-select.metrics (0.0ms) [4e0c3ab6…]
    ✓ execution.phase.think (15.1ms) [4e0c3ab6…]
      ✓ phase.think.metrics (0.0ms) [4e0c3ab6…]
    ✓ execution.phase.complete (3.0ms) [4e0c3ab6…]
  ✓ phase.complete.metrics (0.0ms) [4e0c3ab6…]

═══ Metrics Summary ═══
╭ Agent Execution Summary ──────────────────────╮
│ Status:   Success   Duration: 23ms   Steps: 2 │
│ Model:    test-model   (test)   Tokens: 2     │
╰───────────────────────────────────────────────╯

📊 Execution Timeline
├─ ✅  [bootstrap]            2ms
├─ ✅  [strategy-select]      1ms
├─ ✅  [think]               15ms (2 steps, 73% of time)
└─ ✅  [complete]             3ms
✓ Provider: test | Model: test-model | API key: (not required)
→ [phase:execution] Starting...
  📊 [metric:tokens_used] 2 tokens
  📊 [metric:cost_usd] 0 usd
✓ [completion] Task completed in 0.0s with 2 tokens

═══ Logs (2) ═══
  01:02:19.830 INFO  Execution started {"taskId":"01KQTTGJ5JPW7FDRKPHVMM9SSZ","agentId":"max-iter-1777942939757"}
  01:02:19.851 INFO  Execution completed {"taskId":"01KQTTGJ5JPW7FDRKPHVMM9SSZ","success":true,"tokensUsed":2,"cost":0,"duration":21}

═══ Spans (11) ═══
  ✓ execution.run (32.9ms) [76ff7d45…]
    ✓ execution.phase.bootstrap (2.0ms) [76ff7d45…]
      ✓ phase.bootstrap.metrics (0.0ms) [76ff7d45…]
    ✓ execution.phase.strategy-select (0.9ms) [76ff7d45…]
      ✓ phase.strategy-select.metrics (0.0ms) [76ff7d45…]
    ✓ execution.phase.think (14.1ms) [76ff7d45…]
      ✓ phase.think.metrics (0.0ms) [76ff7d45…]
    ✓ execution.phase.complete (2.7ms) [76ff7d45…]
      ✓ execution.phase.memory-flush (12.6ms) [76ff7d45…]
        ✓ phase.complete.metrics (0.0ms) [76ff7d45…]
    ✓ phase.memory-flush.metrics (0.0ms) [76ff7d45…]

═══ Metrics Summary ═══
╭ Agent Execution Summary ──────────────────────╮
│ Status:   Success   Duration: 21ms   Steps: 2 │
│ Model:    test-model   (test)   Tokens: 2     │
╰───────────────────────────────────────────────╯

📊 Execution Timeline
├─ ✅  [bootstrap]            2ms
├─ ✅  [strategy-select]      1ms
├─ ✅  [think]               14ms (2 steps, 52% of time)
├─ ✅  [memory-flush]         8ms
└─ ✅  [complete]             2ms
✓ Provider: test | Model: test-model | API key: (not required)
→ [phase:execution] Starting...
→ [phase:reactive:kernel] Starting...
  [iter:0:thought]
→ [phase:think] Starting...
✓ [phase:think] 0.0s
  📊 [metric:entropy] 0.15 composite
✓ [phase:reactive:kernel] 0.0s
✓ [completion] Reactive strategy terminated: final_answer
  📊 [metric:tokens_used] 103 tokens
  📊 [metric:cost_usd] 0 usd
✓ [completion] Task completed in 0.1s with 103 tokens

═══ Logs (2) ═══
  01:02:19.941 INFO  Execution started {"taskId":"01KQTTGJ8R0SK2ZSQMM94CFPQE","agentId":"reasoning-options-1777942939865"}
  01:02:20.051 INFO  Execution completed {"taskId":"01KQTTGJ8R0SK2ZSQMM94CFPQE","success":true,"tokensUsed":103,"cost":0,"duration":111}

═══ Spans (9) ═══
  ✓ execution.run (115.5ms) [32e421c6…]
    ✓ execution.phase.bootstrap (19.6ms) [32e421c6…]
      ✓ phase.bootstrap.metrics (0.0ms) [32e421c6…]
    ✓ execution.phase.strategy-select (1.1ms) [32e421c6…]
      ✓ phase.strategy-select.metrics (0.0ms) [32e421c6…]
    ✓ execution.phase.think (14.0ms) [32e421c6…]
      ✓ phase.think.metrics (0.0ms) [32e421c6…]
    ✓ execution.phase.complete (2.9ms) [32e421c6…]
      ✓ phase.complete.metrics (0.0ms) [32e421c6…]

═══ Metrics Summary ═══
╭ Agent Execution Summary ───────────────────────╮
│ Status:   Success   Duration: 111ms   Steps: 1 │
│ Model:    test-model   (test)   Tokens: 103    │
╰────────────────────────────────────────────────╯

📊 Execution Timeline
├─ ✅  [bootstrap]           19ms
├─ ✅  [strategy-select]      1ms
├─ ✅  [think]               14ms (1 steps, 39% of time)
└─ ✅  [complete]             2ms

🧠 Reasoning Signal
├─ Grade: B   Signal: flat   Mean: 0.150   Delta: 0.000
├─ Model stalled — entropy didn't decrease across iterations
├─  iter  0 ███░░░░░░░░░░░░░░░░░ 0.150 →
└─  iter  1 ███░░░░░░░░░░░░░░░░░ 0.150 →

packages/runtime/tests/smoke-error-recovery.test.ts:
✓ Provider: test | Model: test-model | API key: (not required)
→ [phase:execution] Starting...
  📊 [metric:tokens_used] 0 tokens
  📊 [metric:cost_usd] 0 usd
✓ [completion] Task completed in 0.1s with 0 tokens

═══ Logs (2) ═══
  01:02:20.147 INFO  Execution started {"taskId":"01KQTTGJF9WH8TWPBBY7PGGCEM","agentId":"empty-input-1777942940061"}
  01:02:20.223 INFO  Execution completed {"taskId":"01KQTTGJF9WH8TWPBBY7PGGCEM","success":true,"tokensUsed":0,"cost":0,"duration":76}

═══ Spans (11) ═══
  ✓ execution.run (86.1ms) [361a3bba…]
    ✓ execution.phase.bootstrap (15.5ms) [361a3bba…]
      ✓ phase.bootstrap.metrics (0.0ms) [361a3bba…]
    ✓ execution.phase.strategy-select (0.9ms) [361a3bba…]
      ✓ phase.strategy-select.metrics (0.0ms) [361a3bba…]
    ✓ execution.phase.think (39.8ms) [361a3bba…]
      ✓ phase.think.metrics (0.0ms) [361a3bba…]
    ✓ execution.phase.complete (6.9ms) [361a3bba…]
      ✓ execution.phase.memory-flush (14.8ms) [361a3bba…]
        ✓ phase.complete.metrics (0.0ms) [361a3bba…]
    ✓ phase.memory-flush.metrics (0.0ms) [361a3bba…]

═══ Metrics Summary ═══
╭ Agent Execution Summary ──────────────────────╮
│ Status:   Success   Duration: 76ms   Steps: 2 │
│ Model:    test-model   (test)   Tokens: 600   │
╰───────────────────────────────────────────────╯

📊 Execution Timeline
├─ ✅  [bootstrap]           15ms
├─ ✅  [strategy-select]      1ms
├─ ✅  [think]               38ms (2 steps, 51% of time)
├─ ✅  [memory-flush]        14ms
└─ ✅  [complete]             7ms
✓ Provider: test | Model: test-model | API key: (not required)
→ [phase:execution] Starting...
  📊 [metric:tokens_used] 8 tokens
  📊 [metric:cost_usd] 0 usd
✓ [completion] Task completed in 0.1s with 8 tokens

═══ Logs (2) ═══
  01:02:20.340 INFO  Execution started {"taskId":"01KQTTGJM9EKPMW6QQYHY5GBTR","agentId":"structured-output-1777942940234"}
  01:02:20.390 INFO  Execution completed {"taskId":"01KQTTGJM9EKPMW6QQYHY5GBTR","success":true,"tokensUsed":8,"cost":0,"duration":50}

═══ Spans (11) ═══
  ✓ execution.run (81.2ms) [8e98c619…]
    ✓ execution.phase.bootstrap (15.3ms) [8e98c619…]
      ✓ phase.bootstrap.metrics (0.0ms) [8e98c619…]
    ✓ execution.phase.strategy-select (13.6ms) [8e98c619…]
      ✓ phase.strategy-select.metrics (0.0ms) [8e98c619…]
    ✓ execution.phase.think (15.9ms) [8e98c619…]
      ✓ phase.think.metrics (0.0ms) [8e98c619…]
    ✓ execution.phase.complete (2.3ms) [8e98c619…]
      ✓ execution.phase.memory-flush (32.1ms) [8e98c619…]
        ✓ phase.complete.metrics (0.0ms) [8e98c619…]
    ✓ phase.memory-flush.metrics (0.0ms) [8e98c619…]

═══ Metrics Summary ═══
╭ Agent Execution Summary ──────────────────────╮
│ Status:   Success   Duration: 50ms   Steps: 2 │
│ Model:    test-model   (test)   Tokens: 8     │
╰───────────────────────────────────────────────╯

📊 Execution Timeline
├─ ✅  [bootstrap]           15ms
├─ ✅  [strategy-select]     13ms
├─ ✅  [think]               16ms (2 steps, 24% of time)
├─ ✅  [memory-flush]        19ms
└─ ✅  [complete]             2ms
✓ Provider: test | Model: test-model | API key: (not required)
→ [phase:execution] Starting...
  📊 [metric:tokens_used] 2 tokens
  📊 [metric:cost_usd] 0 usd
✓ [completion] Task completed in 0.0s with 2 tokens

═══ Logs (2) ═══
  01:02:20.504 INFO  Execution started {"taskId":"01KQTTGJTJXWJDWVEQE1G07YAQ","agentId":"max-iter-test-1777942940423"}
  01:02:20.541 INFO  Execution completed {"taskId":"01KQTTGJTJXWJDWVEQE1G07YAQ","success":true,"tokensUsed":2,"cost":0,"duration":40}

═══ Spans (9) ═══
  ✓ execution.run (52.5ms) [69548983…]
    ✓ execution.phase.bootstrap (5.0ms) [69548983…]
      ✓ phase.bootstrap.metrics (0.0ms) [69548983…]
    ✓ execution.phase.strategy-select (6.8ms) [69548983…]
      ✓ phase.strategy-select.metrics (0.0ms) [69548983…]
    ✓ execution.phase.think (17.1ms) [69548983…]
      ✓ phase.think.metrics (0.0ms) [69548983…]
    ✓ execution.phase.complete (4.0ms) [69548983…]
  ✓ phase.complete.metrics (0.0ms) [69548983…]

═══ Metrics Summary ═══
╭ Agent Execution Summary ──────────────────────╮
│ Status:   Success   Duration: 40ms   Steps: 2 │
│ Model:    test-model   (test)   Tokens: 2     │
╰───────────────────────────────────────────────╯

📊 Execution Timeline
├─ ✅  [bootstrap]            5ms
├─ ✅  [strategy-select]      6ms
├─ ✅  [think]               17ms (2 steps, 53% of time)
└─ ✅  [complete]             4ms

packages/runtime/tests/smoke-guardrails.test.ts:
✓ Provider: test | Model: test-model | API key: (not required)
→ [phase:execution] Starting...
✗ [error] Input guardrail check failed: prompt-injection: Prompt injection detected: Instruction override attempt
✓ Provider: test | Model: test-model | API key: (not required)
→ [phase:execution] Starting...
  📊 [metric:tokens_used] 14 tokens
  📊 [metric:cost_usd] 0 usd
✓ [completion] Task completed in 0.0s with 14 tokens

═══ Logs (2) ═══
  01:02:20.735 INFO  Execution started {"taskId":"01KQTTGK1T09R8ET112YDS7YNA","agentId":"guardrail-clean-1777942940653"}
  01:02:20.754 INFO  Execution completed {"taskId":"01KQTTGK1T09R8ET112YDS7YNA","success":true,"tokensUsed":14,"cost":0,"duration":19}

═══ Spans (11) ═══
  ✓ execution.run (21.1ms) [0dadf13e…]
    ✓ execution.phase.bootstrap (1.6ms) [0dadf13e…]
      ✓ phase.bootstrap.metrics (0.0ms) [0dadf13e…]
    ✓ execution.phase.guardrail (1.8ms) [0dadf13e…]
      ✓ phase.guardrail.metrics (0.0ms) [0dadf13e…]
    ✓ execution.phase.strategy-select (0.8ms) [0dadf13e…]
      ✓ phase.strategy-select.metrics (0.0ms) [0dadf13e…]
    ✓ execution.phase.think (12.3ms) [0dadf13e…]
      ✓ phase.think.metrics (0.0ms) [0dadf13e…]
    ✓ execution.phase.complete (1.3ms) [0dadf13e…]
  ✓ phase.complete.metrics (0.0ms) [0dadf13e…]

═══ Metrics Summary ═══
╭ Agent Execution Summary ──────────────────────╮
│ Status:   Success   Duration: 19ms   Steps: 2 │
│ Model:    test-model   (test)   Tokens: 14    │
╰───────────────────────────────────────────────╯

📊 Execution Timeline
├─ ✅  [bootstrap]            1ms
├─ ✅  [guardrail]            1ms
├─ ✅  [strategy-select]      1ms
├─ ✅  [think]               12ms (2 steps, 77% of time)
└─ ✅  [complete]             1ms
✓ Provider: test | Model: test-model | API key: (not required)
→ [phase:execution] Starting...
→ [phase:reactive:kernel] Starting...
  [iter:0:thought]
→ [phase:think] Starting...
✓ [phase:think] 0.0s
  📊 [metric:entropy] 0.15 composite
✓ [phase:reactive:kernel] 0.0s
✓ [completion] Reactive strategy terminated: final_answer
  📊 [metric:tokens_used] 109 tokens
  📊 [metric:cost_usd] 0 usd
✓ [completion] Task completed in 0.1s with 109 tokens

═══ Logs (2) ═══
  01:02:20.830 INFO  Execution started {"taskId":"01KQTTGK4RFK9GSBJ6ATY41NWM","agentId":"guardrail-reasoning-1777942940759"}
  01:02:20.928 INFO  Execution completed {"taskId":"01KQTTGK4RFK9GSBJ6ATY41NWM","success":true,"tokensUsed":109,"cost":0,"duration":99}

═══ Spans (11) ═══
  ✓ execution.run (101.2ms) [b5bdf1ce…]
    ✓ execution.phase.bootstrap (8.0ms) [b5bdf1ce…]
      ✓ phase.bootstrap.metrics (0.0ms) [b5bdf1ce…]
    ✓ execution.phase.guardrail (1.0ms) [b5bdf1ce…]
      ✓ phase.guardrail.metrics (0.0ms) [b5bdf1ce…]
    ✓ execution.phase.strategy-select (0.8ms) [b5bdf1ce…]
      ✓ phase.strategy-select.metrics (0.0ms) [b5bdf1ce…]
    ✓ execution.phase.think (13.8ms) [b5bdf1ce…]
      ✓ phase.think.metrics (0.0ms) [b5bdf1ce…]
    ✓ execution.phase.complete (0.9ms) [b5bdf1ce…]
      ✓ phase.complete.metrics (0.0ms) [b5bdf1ce…]

═══ Metrics Summary ═══
╭ Agent Execution Summary ──────────────────────╮
│ Status:   Success   Duration: 99ms   Steps: 1 │
│ Model:    test-model   (test)   Tokens: 109   │
╰───────────────────────────────────────────────╯

📊 Execution Timeline
├─ ✅  [bootstrap]            8ms
├─ ✅  [guardrail]            1ms
├─ ✅  [strategy-select]      1ms
├─ ✅  [think]               14ms (1 steps, 58% of time)
└─ ✅  [complete]             1ms

🧠 Reasoning Signal
├─ Grade: B   Signal: flat   Mean: 0.150   Delta: 0.000
├─ Model stalled — entropy didn't decrease across iterations
├─  iter  0 ███░░░░░░░░░░░░░░░░░ 0.150 →
└─  iter  1 ███░░░░░░░░░░░░░░░░░ 0.150 →

packages/runtime/tests/smoke-memory.test.ts:
⚠ withMemory("1") is deprecated. Use .withMemory() instead.
✓ Provider: test | Model: test-model | API key: (not required)
→ [phase:execution] Starting...
  📊 [metric:tokens_used] 11 tokens
  📊 [metric:cost_usd] 0 usd
✓ [completion] Task completed in 0.0s with 11 tokens

═══ Logs (2) ═══
  01:02:21.005 INFO  Execution started {"taskId":"01KQTTGKA65MXBJRNPQV66K3BH","agentId":"memory-t1-1777942940935"}
  01:02:21.032 INFO  Execution completed {"taskId":"01KQTTGKA65MXBJRNPQV66K3BH","success":true,"tokensUsed":11,"cost":0,"duration":27}

═══ Spans (9) ═══
  ✓ execution.run (34.0ms) [a451fa31…]
    ✓ execution.phase.bootstrap (2.1ms) [a451fa31…]
      ✓ phase.bootstrap.metrics (0.0ms) [a451fa31…]
    ✓ execution.phase.strategy-select (1.2ms) [a451fa31…]
      ✓ phase.strategy-select.metrics (0.0ms) [a451fa31…]
    ✓ execution.phase.think (15.4ms) [a451fa31…]
      ✓ phase.think.metrics (0.0ms) [a451fa31…]
    ✓ execution.phase.complete (3.1ms) [a451fa31…]
  ✓ phase.complete.metrics (0.0ms) [a451fa31…]

═══ Metrics Summary ═══
╭ Agent Execution Summary ──────────────────────╮
│ Status:   Success   Duration: 27ms   Steps: 2 │
│ Model:    test-model   (test)   Tokens: 11    │
╰───────────────────────────────────────────────╯

📊 Execution Timeline
├─ ✅  [bootstrap]            2ms
├─ ✅  [strategy-select]      1ms
├─ ✅  [think]               15ms (2 steps, 70% of time)
└─ ✅  [complete]             4ms
⚠ withMemory("1") is deprecated. Use .withMemory() instead.
✓ Provider: test | Model: test-model | API key: (not required)
→ [phase:execution] Starting...
  📊 [metric:tokens_used] 8 tokens
  📊 [metric:cost_usd] 0 usd
✓ [completion] Task completed in 0.0s with 8 tokens

═══ Logs (2) ═══
  01:02:21.118 INFO  Execution started {"taskId":"01KQTTGKDQR9WKDEBBRM62YTET","agentId":"memory-multi-1777942941045"}
  01:02:21.155 INFO  Execution completed {"taskId":"01KQTTGKDQR9WKDEBBRM62YTET","success":true,"tokensUsed":8,"cost":0,"duration":38}

═══ Spans (11) ═══
  ✓ execution.run (46.8ms) [8e8b78c0…]
    ✓ execution.phase.bootstrap (10.3ms) [8e8b78c0…]
      ✓ phase.bootstrap.metrics (0.0ms) [8e8b78c0…]
    ✓ execution.phase.strategy-select (8.6ms) [8e8b78c0…]
      ✓ phase.strategy-select.metrics (0.0ms) [8e8b78c0…]
    ✓ execution.phase.think (14.3ms) [8e8b78c0…]
      ✓ phase.think.metrics (0.0ms) [8e8b78c0…]
    ✓ execution.phase.complete (3.5ms) [8e8b78c0…]
      ✓ execution.phase.memory-flush (11.4ms) [8e8b78c0…]
        ✓ phase.complete.metrics (0.0ms) [8e8b78c0…]
    ✓ phase.memory-flush.metrics (0.0ms) [8e8b78c0…]

═══ Metrics Summary ═══
╭ Agent Execution Summary ──────────────────────╮
│ Status:   Success   Duration: 38ms   Steps: 2 │
│ Model:    test-model   (test)   Tokens: 8     │
╰───────────────────────────────────────────────╯

📊 Execution Timeline
├─ ✅  [bootstrap]            5ms
├─ ✅  [strategy-select]      8ms
├─ ✅  [think]               14ms (2 steps, 34% of time)
├─ ✅  [memory-flush]        11ms
└─ ✅  [complete]             3ms
→ [phase:execution] Starting...
  📊 [metric:tokens_used] 8 tokens
  📊 [metric:cost_usd] 0 usd
✓ [completion] Task completed in 0.0s with 8 tokens

═══ Logs (4) ═══
  01:02:21.118 INFO  Execution started {"taskId":"01KQTTGKDQR9WKDEBBRM62YTET","agentId":"memory-multi-1777942941045"}
  01:02:21.155 INFO  Execution completed {"taskId":"01KQTTGKDQR9WKDEBBRM62YTET","success":true,"tokensUsed":8,"cost":0,"duration":38}
  01:02:21.166 INFO  Execution started {"taskId":"01KQTTGKFDGSBG39H0FW7ZFA88","agentId":"memory-multi-1777942941045"}
  01:02:21.180 INFO  Execution completed {"taskId":"01KQTTGKFDGSBG39H0FW7ZFA88","success":true,"tokensUsed":8,"cost":0,"duration":15}

═══ Spans (22) ═══
  ✓ execution.run (46.8ms) [8e8b78c0…]
    ✓ execution.phase.bootstrap (10.3ms) [8e8b78c0…]
      ✓ phase.bootstrap.metrics (0.0ms) [8e8b78c0…]
    ✓ execution.phase.strategy-select (8.6ms) [8e8b78c0…]
      ✓ phase.strategy-select.metrics (0.0ms) [8e8b78c0…]
    ✓ execution.phase.think (14.3ms) [8e8b78c0…]
      ✓ phase.think.metrics (0.0ms) [8e8b78c0…]
    ✓ execution.phase.complete (3.5ms) [8e8b78c0…]
      ✓ execution.phase.memory-flush (11.4ms) [8e8b78c0…]
        ✓ phase.complete.metrics (0.0ms) [8e8b78c0…]
    ✓ phase.memory-flush.metrics (0.0ms) [8e8b78c0…]
  ✓ execution.run (18.1ms) [2c4a1b1d…]
    ✓ execution.phase.bootstrap (3.6ms) [2c4a1b1d…]
      ✓ phase.bootstrap.metrics (0.0ms) [2c4a1b1d…]
    ✓ execution.phase.strategy-select (2.4ms) [2c4a1b1d…]
      ✓ phase.strategy-select.metrics (0.0ms) [2c4a1b1d…]
    ✓ execution.phase.think (3.2ms) [2c4a1b1d…]
      ✓ phase.think.metrics (0.0ms) [2c4a1b1d…]
    ✓ execution.phase.complete (4.3ms) [2c4a1b1d…]
      ✓ execution.phase.memory-flush (6.8ms) [2c4a1b1d…]
        ✓ phase.complete.metrics (0.0ms) [2c4a1b1d…]
    ✓ phase.memory-flush.metrics (0.0ms) [2c4a1b1d…]

═══ Metrics Summary ═══
╭ Agent Execution Summary ──────────────────────╮
│ Status:   Success   Duration: 38ms   Steps: 2 │
│ Model:    test-model   (test)   Tokens: 8     │
╰───────────────────────────────────────────────╯

📊 Execution Timeline
├─ ✅  [bootstrap]            7ms
├─ ✅  [strategy-select]     10ms
├─ ✅  [think]               16ms (2 steps, 28% of time)
├─ ✅  [memory-flush]        17ms
└─ ✅  [complete]             7ms
⚠ withMemory("1") is deprecated. Use .withMemory() instead.
✓ Provider: test | Model: test-model | API key: (not required)
→ [phase:execution] Starting...
→ [phase:reactive:kernel] Starting...
  [iter:0:thought]
→ [phase:think] Starting...
✓ [phase:think] 0.0s
  📊 [metric:entropy] 0.15 composite
✓ [phase:reactive:kernel] 0.0s
✓ [completion] Reactive strategy terminated: final_answer
  📊 [metric:tokens_used] 108 tokens
  📊 [metric:cost_usd] 0 usd
✓ [completion] Task completed in 0.1s with 108 tokens

═══ Logs (2) ═══
  01:02:21.249 INFO  Execution started {"taskId":"01KQTTGKHXAPQP77V7T5GB6K3J","agentId":"memory-reasoning-1777942941185"}
  01:02:21.343 INFO  Execution completed {"taskId":"01KQTTGKHXAPQP77V7T5GB6K3J","success":true,"tokensUsed":108,"cost":0,"duration":93}

═══ Spans (9) ═══
  ✓ execution.run (95.5ms) [5001f372…]
    ✓ execution.phase.bootstrap (3.5ms) [5001f372…]
      ✓ phase.bootstrap.metrics (0.0ms) [5001f372…]
    ✓ execution.phase.strategy-select (5.3ms) [5001f372…]
      ✓ phase.strategy-select.metrics (0.0ms) [5001f372…]
    ✓ execution.phase.think (5.3ms) [5001f372…]
      ✓ phase.think.metrics (0.0ms) [5001f372…]
    ✓ execution.phase.complete (1.6ms) [5001f372…]
      ✓ phase.complete.metrics (0.0ms) [5001f372…]

═══ Metrics Summary ═══
╭ Agent Execution Summary ──────────────────────╮
│ Status:   Success   Duration: 93ms   Steps: 1 │
│ Model:    test-model   (test)   Tokens: 108   │
╰───────────────────────────────────────────────╯

📊 Execution Timeline
├─ ✅  [bootstrap]            3ms
├─ ✅  [strategy-select]      5ms
├─ ✅  [think]                5ms (1 steps, 36% of time)
└─ ✅  [complete]             1ms

🧠 Reasoning Signal
├─ Grade: B   Signal: flat   Mean: 0.150   Delta: 0.000
├─ Model stalled — entropy didn't decrease across iterations
├─  iter  0 ███░░░░░░░░░░░░░░░░░ 0.150 →
└─  iter  1 ███░░░░░░░░░░░░░░░░░ 0.150 →

packages/runtime/tests/stream-cancellation.test.ts:
✓ Provider: test | Model: test-model | API key: (not required)
✓ Provider: test | Model: test-model | API key: (not required)
✓ Provider: test | Model: test-model | API key: (not required)
→ [phase:execution] Starting...
  📊 [metric:tokens_used] 3 tokens
  📊 [metric:cost_usd] 0 usd
✓ [completion] Task completed in 0.0s with 3 tokens

═══ Logs (2) ═══
  01:02:21.525 INFO  Execution started {"taskId":"01KQTTGKTG69FHC2NFJ4FQY0BJ","agentId":"test-agent-1777942941461"}
  01:02:21.550 INFO  Execution completed {"taskId":"01KQTTGKTG69FHC2NFJ4FQY0BJ","success":true,"tokensUsed":3,"cost":0,"duration":26}

═══ Spans (11) ═══
  ✓ execution.run (29.0ms) [63e93ca3…]
    ✓ execution.phase.bootstrap (3.0ms) [63e93ca3…]
      ✓ phase.bootstrap.metrics (0.0ms) [63e93ca3…]
    ✓ execution.phase.strategy-select (1.3ms) [63e93ca3…]
      ✓ phase.strategy-select.metrics (0.0ms) [63e93ca3…]
    ✓ execution.phase.think (13.3ms) [63e93ca3…]
      ✓ phase.think.metrics (0.0ms) [63e93ca3…]
    ✓ execution.phase.complete (2.2ms) [63e93ca3…]
      ✓ execution.phase.memory-flush (4.0ms) [63e93ca3…]
        ✓ phase.complete.metrics (0.0ms) [63e93ca3…]
    ✓ phase.memory-flush.metrics (0.0ms) [63e93ca3…]

═══ Metrics Summary ═══
╭ Agent Execution Summary ──────────────────────╮
│ Status:   Success   Duration: 26ms   Steps: 2 │
│ Model:    test-model   (test)   Tokens: 3     │
╰───────────────────────────────────────────────╯

📊 Execution Timeline
├─ ✅  [bootstrap]            3ms
├─ ✅  [strategy-select]      5ms
├─ ✅  [think]               13ms (2 steps, 50% of time)
├─ ✅  [memory-flush]         4ms
└─ ✅  [complete]             2ms
✓ Provider: test | Model: test-model | API key: (not required)

packages/runtime/tests/stream-completed-summary.test.ts:
✓ Provider: test | Model: test-model | API key: (not required)
→ [phase:execution] Starting...
  📊 [metric:tokens_used] 2 tokens
  📊 [metric:cost_usd] 0 usd
✓ [completion] Task completed in 0.0s with 2 tokens

═══ Logs (2) ═══
  01:02:21.675 INFO  Execution started {"taskId":"01KQTTGKZ6TQ04EC05ZZ7TCWX4","agentId":"test-agent-1777942941613"}
  01:02:21.713 INFO  Execution completed {"taskId":"01KQTTGKZ6TQ04EC05ZZ7TCWX4","success":true,"tokensUsed":2,"cost":0,"duration":39}

═══ Spans (9) ═══
  ✓ execution.run (42.2ms) [c66f2ad8…]
    ✓ execution.phase.bootstrap (21.4ms) [c66f2ad8…]
      ✓ phase.bootstrap.metrics (0.0ms) [c66f2ad8…]
    ✓ execution.phase.strategy-select (1.0ms) [c66f2ad8…]
      ✓ phase.strategy-select.metrics (0.0ms) [c66f2ad8…]
    ✓ execution.phase.think (12.6ms) [c66f2ad8…]
      ✓ phase.think.metrics (0.0ms) [c66f2ad8…]
    ✓ execution.phase.complete (1.7ms) [c66f2ad8…]
  ✓ phase.complete.metrics (0.0ms) [c66f2ad8…]

═══ Metrics Summary ═══
╭ Agent Execution Summary ──────────────────────╮
│ Status:   Success   Duration: 39ms   Steps: 2 │
│ Model:    test-model   (test)   Tokens: 2     │
╰───────────────────────────────────────────────╯

📊 Execution Timeline
├─ ✅  [bootstrap]           21ms
├─ ✅  [strategy-select]      1ms
├─ ✅  [think]               12ms (2 steps, 35% of time)
└─ ✅  [complete]             1ms
✓ Provider: test | Model: test-model | API key: (not required)
→ [phase:execution] Starting...
  📊 [metric:tokens_used] 2 tokens
  📊 [metric:cost_usd] 0 usd
✓ [completion] Task completed in 0.0s with 2 tokens

═══ Logs (2) ═══
  01:02:21.776 INFO  Execution started {"taskId":"01KQTTGM2CDCTVZBFCQ9Z3PW2A","agentId":"test-agent-1777942941721"}
  01:02:21.810 INFO  Execution completed {"taskId":"01KQTTGM2CDCTVZBFCQ9Z3PW2A","success":true,"tokensUsed":2,"cost":0,"duration":35}

═══ Spans (11) ═══
  ✓ execution.run (41.1ms) [8e14a46a…]
    ✓ execution.phase.bootstrap (16.6ms) [8e14a46a…]
      ✓ phase.bootstrap.metrics (0.0ms) [8e14a46a…]
    ✓ execution.phase.strategy-select (1.2ms) [8e14a46a…]
      ✓ phase.strategy-select.metrics (0.0ms) [8e14a46a…]
    ✓ execution.phase.think (12.9ms) [8e14a46a…]
      ✓ phase.think.metrics (0.0ms) [8e14a46a…]
    ✓ execution.phase.complete (2.1ms) [8e14a46a…]
      ✓ execution.phase.memory-flush (8.2ms) [8e14a46a…]
        ✓ phase.complete.metrics (0.0ms) [8e14a46a…]
    ✓ phase.memory-flush.metrics (0.0ms) [8e14a46a…]

═══ Metrics Summary ═══
╭ Agent Execution Summary ──────────────────────╮
│ Status:   Success   Duration: 35ms   Steps: 2 │
│ Model:    test-model   (test)   Tokens: 2     │
╰───────────────────────────────────────────────╯

📊 Execution Timeline
├─ ✅  [bootstrap]           16ms
├─ ✅  [strategy-select]      1ms
├─ ✅  [think]               13ms (2 steps, 32% of time)
├─ ✅  [memory-flush]         8ms
└─ ✅  [complete]             2ms

packages/runtime/tests/subagent-persona.test.ts:
✓ Provider: test | Model: test-model | API key: (not required)
✓ Provider: test | Model: test-model | API key: (not required)
✓ Provider: test | Model: test-model | API key: (not required)
✓ Provider: test | Model: test-model | API key: (not required)
✓ Provider: test | Model: test-model | API key: (not required)

packages/runtime/tests/streaming-integration.test.ts:
✓ Provider: test | Model: test-model | API key: (not required)
→ [phase:execution] Starting...
  📊 [metric:tokens_used] 6 tokens
  📊 [metric:cost_usd] 0 usd
✓ [completion] Task completed in 0.0s with 6 tokens

═══ Logs (2) ═══
  01:02:22.145 INFO  Execution started {"taskId":"01KQTTGMDX3KXG06F6CERBQ0JB","agentId":"agent-1777942942088"}
  01:02:22.164 INFO  Execution completed {"taskId":"01KQTTGMDX3KXG06F6CERBQ0JB","success":true,"tokensUsed":6,"cost":0,"duration":20}

═══ Spans (11) ═══
  ✓ execution.run (24.1ms) [3c200df8…]
    ✓ execution.phase.bootstrap (4.0ms) [3c200df8…]
      ✓ phase.bootstrap.metrics (0.0ms) [3c200df8…]
    ✓ execution.phase.strategy-select (0.9ms) [3c200df8…]
      ✓ phase.strategy-select.metrics (0.0ms) [3c200df8…]
    ✓ execution.phase.think (12.1ms) [3c200df8…]
      ✓ phase.think.metrics (0.0ms) [3c200df8…]
    ✓ execution.phase.complete (1.5ms) [3c200df8…]
      ✓ execution.phase.memory-flush (5.3ms) [3c200df8…]
        ✓ phase.complete.metrics (0.0ms) [3c200df8…]
    ✓ phase.memory-flush.metrics (0.0ms) [3c200df8…]

═══ Metrics Summary ═══
╭ Agent Execution Summary ──────────────────────╮
│ Status:   Success   Duration: 20ms   Steps: 2 │
│ Model:    test-model   (test)   Tokens: 6     │
╰───────────────────────────────────────────────╯

📊 Execution Timeline
├─ ✅  [bootstrap]            4ms
├─ ✅  [strategy-select]      1ms
├─ ✅  [think]               12ms (2 steps, 53% of time)
├─ ✅  [memory-flush]         5ms
└─ ✅  [complete]             1ms
→ [phase:execution] Starting...
  📊 [metric:tokens_used] 6 tokens
  📊 [metric:cost_usd] 0 usd
✓ [completion] Task completed in 0.0s with 6 tokens

═══ Logs (4) ═══
  01:02:22.145 INFO  Execution started {"taskId":"01KQTTGMDX3KXG06F6CERBQ0JB","agentId":"agent-1777942942088"}
  01:02:22.164 INFO  Execution completed {"taskId":"01KQTTGMDX3KXG06F6CERBQ0JB","success":true,"tokensUsed":6,"cost":0,"duration":20}
  01:02:22.170 INFO  Execution started {"taskId":"01KQTTGMETMJG9FAMT6HPGZSRK","agentId":"agent-1777942942088"}
  01:02:22.179 INFO  Execution completed {"taskId":"01KQTTGMETMJG9FAMT6HPGZSRK","success":true,"tokensUsed":6,"cost":0,"duration":9}

═══ Spans (22) ═══
  ✓ execution.run (24.1ms) [3c200df8…]
    ✓ execution.phase.bootstrap (4.0ms) [3c200df8…]
      ✓ phase.bootstrap.metrics (0.0ms) [3c200df8…]
    ✓ execution.phase.strategy-select (0.9ms) [3c200df8…]
      ✓ phase.strategy-select.metrics (0.0ms) [3c200df8…]
    ✓ execution.phase.think (12.1ms) [3c200df8…]
      ✓ phase.think.metrics (0.0ms) [3c200df8…]
    ✓ execution.phase.complete (1.5ms) [3c200df8…]
      ✓ execution.phase.memory-flush (5.3ms) [3c200df8…]
        ✓ phase.complete.metrics (0.0ms) [3c200df8…]
    ✓ phase.memory-flush.metrics (0.0ms) [3c200df8…]
  ✓ execution.run (11.2ms) [f50df3e7…]
    ✓ execution.phase.bootstrap (1.6ms) [f50df3e7…]
      ✓ phase.bootstrap.metrics (0.0ms) [f50df3e7…]
    ✓ execution.phase.strategy-select (1.1ms) [f50df3e7…]
      ✓ phase.strategy-select.metrics (0.0ms) [f50df3e7…]
    ✓ execution.phase.think (2.6ms) [f50df3e7…]
      ✓ phase.think.metrics (0.0ms) [f50df3e7…]
    ✓ execution.phase.complete (2.3ms) [f50df3e7…]
      ✓ execution.phase.memory-flush (3.9ms) [f50df3e7…]
        ✓ phase.complete.metrics (0.0ms) [f50df3e7…]
    ✓ phase.memory-flush.metrics (0.0ms) [f50df3e7…]

═══ Metrics Summary ═══
╭ Agent Execution Summary ──────────────────────╮
│ Status:   Success   Duration: 20ms   Steps: 2 │
│ Model:    test-model   (test)   Tokens: 6     │
╰───────────────────────────────────────────────╯

📊 Execution Timeline
├─ ✅  [bootstrap]            5ms
├─ ✅  [strategy-select]      1ms
├─ ✅  [think]               14ms (2 steps, 44% of time)
├─ ✅  [memory-flush]         8ms
└─ ✅  [complete]             3ms
✓ Provider: test | Model: test-model | API key: (not required)
→ [phase:execution] Starting...
  📊 [metric:tokens_used] 6 tokens
  📊 [metric:cost_usd] 0 usd
✓ [completion] Task completed in 0.0s with 6 tokens

═══ Logs (2) ═══
  01:02:22.237 INFO  Execution started {"taskId":"01KQTTGMGSXWH57NHP5PRZW7S6","agentId":"agent-1777942942185"}
  01:02:22.271 INFO  Execution completed {"taskId":"01KQTTGMGSXWH57NHP5PRZW7S6","success":true,"tokensUsed":6,"cost":0,"duration":34}

═══ Spans (11) ═══
  ✓ execution.run (39.4ms) [0a07f0c0…]
    ✓ execution.phase.bootstrap (6.5ms) [0a07f0c0…]
      ✓ phase.bootstrap.metrics (0.0ms) [0a07f0c0…]
    ✓ execution.phase.strategy-select (1.1ms) [0a07f0c0…]
      ✓ phase.strategy-select.metrics (0.0ms) [0a07f0c0…]
    ✓ execution.phase.think (23.3ms) [0a07f0c0…]
      ✓ phase.think.metrics (0.0ms) [0a07f0c0…]
    ✓ execution.phase.complete (1.8ms) [0a07f0c0…]
      ✓ execution.phase.memory-flush (6.2ms) [0a07f0c0…]
        ✓ phase.complete.metrics (0.0ms) [0a07f0c0…]
    ✓ phase.memory-flush.metrics (0.0ms) [0a07f0c0…]

═══ Metrics Summary ═══
╭ Agent Execution Summary ──────────────────────╮
│ Status:   Success   Duration: 34ms   Steps: 2 │
│ Model:    test-model   (test)   Tokens: 6     │
╰───────────────────────────────────────────────╯

📊 Execution Timeline
├─ ✅  [bootstrap]            2ms
├─ ✅  [strategy-select]      1ms
├─ ✅  [think]               23ms (2 steps, 69% of time)
├─ ✅  [memory-flush]         6ms
└─ ✅  [complete]             1ms
✓ Provider: test | Model: test-model | API key: (not required)
→ [phase:execution] Starting...
  📊 [metric:tokens_used] 6 tokens
  📊 [metric:cost_usd] 0 usd
✓ [completion] Task completed in 0.0s with 6 tokens

═══ Logs (2) ═══
  01:02:22.338 INFO  Execution started {"taskId":"01KQTTGMKYRB4NZEQQDMSJKYX3","agentId":"agent-1777942942280"}
  01:02:22.371 INFO  Execution completed {"taskId":"01KQTTGMKYRB4NZEQQDMSJKYX3","success":true,"tokensUsed":6,"cost":0,"duration":33}

═══ Spans (11) ═══
  ✓ execution.run (35.0ms) [c13e8f9c…]
    ✓ execution.phase.bootstrap (5.0ms) [c13e8f9c…]
      ✓ phase.bootstrap.metrics (0.0ms) [c13e8f9c…]
    ✓ execution.phase.strategy-select (1.0ms) [c13e8f9c…]
      ✓ phase.strategy-select.metrics (0.0ms) [c13e8f9c…]
    ✓ execution.phase.think (23.8ms) [c13e8f9c…]
      ✓ phase.think.metrics (0.0ms) [c13e8f9c…]
    ✓ execution.phase.complete (1.7ms) [c13e8f9c…]
      ✓ execution.phase.memory-flush (3.0ms) [c13e8f9c…]
        ✓ phase.complete.metrics (0.0ms) [c13e8f9c…]
    ✓ phase.memory-flush.metrics (0.0ms) [c13e8f9c…]

═══ Metrics Summary ═══
╭ Agent Execution Summary ──────────────────────╮
│ Status:   Success   Duration: 33ms   Steps: 2 │
│ Model:    test-model   (test)   Tokens: 6     │
╰───────────────────────────────────────────────╯

📊 Execution Timeline
├─ ✅  [bootstrap]            5ms
├─ ✅  [strategy-select]      1ms
├─ ✅  [think]               23ms (2 steps, 71% of time)
├─ ✅  [memory-flush]         3ms
└─ ✅  [complete]             1ms
✓ Provider: test | Model: test-model | API key: (not required)
→ [phase:execution] Starting...
  📊 [metric:tokens_used] 5 tokens
  📊 [metric:cost_usd] 0 usd
✓ [completion] Task completed in 0.0s with 5 tokens

═══ Logs (2) ═══
  01:02:22.435 INFO  Execution started {"taskId":"01KQTTGMPZJT499Q6TXXJQFVJ0","agentId":"agent-1777942942377"}
  01:02:22.468 INFO  Execution completed {"taskId":"01KQTTGMPZJT499Q6TXXJQFVJ0","success":true,"tokensUsed":5,"cost":0,"duration":33}

═══ Spans (11) ═══
  ✓ execution.run (37.7ms) [da39862c…]
    ✓ execution.phase.bootstrap (2.4ms) [da39862c…]
      ✓ phase.bootstrap.metrics (0.0ms) [da39862c…]
    ✓ execution.phase.strategy-select (1.3ms) [da39862c…]
      ✓ phase.strategy-select.metrics (0.0ms) [da39862c…]
    ✓ execution.phase.think (23.3ms) [da39862c…]
      ✓ phase.think.metrics (0.0ms) [da39862c…]
    ✓ execution.phase.complete (1.7ms) [da39862c…]
      ✓ execution.phase.memory-flush (5.8ms) [da39862c…]
        ✓ phase.complete.metrics (0.0ms) [da39862c…]
    ✓ phase.memory-flush.metrics (0.0ms) [da39862c…]

═══ Metrics Summary ═══
╭ Agent Execution Summary ──────────────────────╮
│ Status:   Success   Duration: 33ms   Steps: 2 │
│ Model:    test-model   (test)   Tokens: 5     │
╰───────────────────────────────────────────────╯

📊 Execution Timeline
├─ ✅  [bootstrap]            2ms
├─ ✅  [strategy-select]      1ms
├─ ✅  [think]               23ms (2 steps, 70% of time)
├─ ✅  [memory-flush]         5ms
└─ ✅  [complete]             1ms
✓ Provider: test | Model: test-model | API key: (not required)
✓ Provider: test | Model: test-model | API key: (not required)
→ [phase:execution] Starting...
→ [phase:execution] Starting...
  📊 [metric:tokens_used] 6 tokens
  📊 [metric:cost_usd] 0 usd
✓ [completion] Task completed in 0.1s with 6 tokens

═══ Logs (2) ═══
  01:02:22.582 INFO  Execution started {"taskId":"01KQTTGMVFAZ83KHFZZH0P9QJ7","agentId":"agent-1777942942477"}
  01:02:22.604 INFO  Execution completed {"taskId":"01KQTTGMVFAZ83KHFZZH0P9QJ7","success":true,"tokensUsed":6,"cost":0,"duration":22}

═══ Spans (9) ═══
  ✓ execution.run (57.7ms) [61c2b4c8…]
    ✓ execution.phase.bootstrap (2.9ms) [61c2b4c8…]
      ✓ phase.bootstrap.metrics (0.0ms) [61c2b4c8…]
    ✓ execution.phase.strategy-select (1.3ms) [61c2b4c8…]
      ✓ phase.strategy-select.metrics (0.0ms) [61c2b4c8…]
    ✓ execution.phase.think (13.9ms) [61c2b4c8…]
      ✓ phase.think.metrics (0.0ms) [61c2b4c8…]
    ✓ execution.phase.complete (2.7ms) [61c2b4c8…]
  ✓ phase.complete.metrics (0.0ms) [61c2b4c8…]

═══ Metrics Summary ═══
╭ Agent Execution Summary ──────────────────────╮
│ Status:   Success   Duration: 22ms   Steps: 2 │
│ Model:    test-model   (test)   Tokens: 6     │
╰───────────────────────────────────────────────╯

📊 Execution Timeline
├─ ✅  [bootstrap]            2ms
├─ ✅  [strategy-select]      1ms
├─ ✅  [think]               13ms (2 steps, 71% of time)
└─ ✅  [complete]             2ms
  📊 [metric:tokens_used] 6 tokens
  📊 [metric:cost_usd] 0 usd
✓ [completion] Task completed in 0.1s with 6 tokens

═══ Logs (2) ═══
  01:02:22.582 INFO  Execution started {"taskId":"01KQTTGMVFH92W0SMBAAPD6XN0","agentId":"agent-1777942942526"}
  01:02:22.636 INFO  Execution completed {"taskId":"01KQTTGMVFH92W0SMBAAPD6XN0","success":true,"tokensUsed":6,"cost":0,"duration":54}

═══ Spans (9) ═══
  ✓ execution.run (64.6ms) [133a30e5…]
    ✓ execution.phase.bootstrap (23.3ms) [133a30e5…]
      ✓ phase.bootstrap.metrics (0.0ms) [133a30e5…]
    ✓ execution.phase.strategy-select (1.6ms) [133a30e5…]
      ✓ phase.strategy-select.metrics (0.0ms) [133a30e5…]
    ✓ execution.phase.think (23.9ms) [133a30e5…]
      ✓ phase.think.metrics (0.0ms) [133a30e5…]
    ✓ execution.phase.complete (3.3ms) [133a30e5…]
  ✓ phase.complete.metrics (0.0ms) [133a30e5…]

═══ Metrics Summary ═══
╭ Agent Execution Summary ──────────────────────╮
│ Status:   Success   Duration: 54ms   Steps: 2 │
│ Model:    test-model   (test)   Tokens: 6     │
╰───────────────────────────────────────────────╯

📊 Execution Timeline
├─ ✅  [bootstrap]           23ms
├─ ✅  [strategy-select]      1ms
├─ ✅  [think]               23ms (2 steps, 47% of time)
└─ ✅  [complete]             3ms
✓ Provider: test | Model: test-model | API key: (not required)
→ [phase:execution] Starting...
→ [phase:reactive:kernel] Starting...
  [iter:0:thought]
→ [phase:think] Starting...
✓ [phase:think] 0.0s
  📊 [metric:entropy] 0.15 composite
✓ [phase:reactive:kernel] 0.0s
✓ [completion] Reactive strategy terminated: final_answer
  📊 [metric:tokens_used] 98 tokens
  📊 [metric:cost_usd] 0 usd
✓ [completion] Task completed in 0.2s with 98 tokens

═══ Logs (2) ═══
  01:02:22.717 INFO  Execution started {"taskId":"01KQTTGMZQXH0GXXNSQKVDBVYJ","agentId":"agent-1777942942654"}
  01:02:22.879 INFO  Execution completed {"taskId":"01KQTTGMZQXH0GXXNSQKVDBVYJ","success":true,"tokensUsed":98,"cost":0,"duration":162}

═══ Spans (9) ═══
  ✓ execution.run (164.1ms) [20a6ef64…]
    ✓ execution.phase.bootstrap (56.4ms) [20a6ef64…]
      ✓ phase.bootstrap.metrics (0.0ms) [20a6ef64…]
    ✓ execution.phase.strategy-select (7.4ms) [20a6ef64…]
      ✓ phase.strategy-select.metrics (0.0ms) [20a6ef64…]
    ✓ execution.phase.think (8.5ms) [20a6ef64…]
      ✓ phase.think.metrics (0.0ms) [20a6ef64…]
    ✓ execution.phase.complete (1.2ms) [20a6ef64…]
      ✓ phase.complete.metrics (0.0ms) [20a6ef64…]

═══ Metrics Summary ═══
╭ Agent Execution Summary ───────────────────────╮
│ Status:   Success   Duration: 162ms   Steps: 1 │
│ Model:    test-model   (test)   Tokens: 98     │
╰────────────────────────────────────────────────╯

📊 Execution Timeline
├─ ✅  [bootstrap]           56ms
├─ ✅  [strategy-select]      7ms
├─ ✅  [think]                8ms (1 steps, 11% of time)
└─ ✅  [complete]             1ms

🧠 Reasoning Signal
├─ Grade: B   Signal: flat   Mean: 0.150   Delta: 0.000
├─ Model stalled — entropy didn't decrease across iterations
├─  iter  0 ███░░░░░░░░░░░░░░░░░ 0.150 →
└─  iter  1 ███░░░░░░░░░░░░░░░░░ 0.150 →
✓ Provider: test | Model: test-model | API key: (not required)
→ [phase:execution] Starting...
  📊 [metric:tokens_used] 7 tokens
  📊 [metric:cost_usd] 0 usd
✓ [completion] Task completed in 0.1s with 7 tokens

═══ Logs (2) ═══
  01:02:22.945 INFO  Execution started {"taskId":"01KQTTGN6WPTR7836CAZ67R6XF","agentId":"agent-1777942942888"}
  01:02:22.986 INFO  Execution completed {"taskId":"01KQTTGN6WPTR7836CAZ67R6XF","success":true,"tokensUsed":7,"cost":0,"duration":42}

═══ Spans (9) ═══
  ✓ execution.run (52.8ms) [2da51671…]
    ✓ execution.phase.bootstrap (10.9ms) [2da51671…]
      ✓ phase.bootstrap.metrics (0.0ms) [2da51671…]
    ✓ execution.phase.strategy-select (2.1ms) [2da51671…]
      ✓ phase.strategy-select.metrics (0.0ms) [2da51671…]
    ✓ execution.phase.think (25.5ms) [2da51671…]
      ✓ phase.think.metrics (0.0ms) [2da51671…]
    ✓ execution.phase.complete (1.8ms) [2da51671…]
  ✓ phase.complete.metrics (0.0ms) [2da51671…]

═══ Metrics Summary ═══
╭ Agent Execution Summary ──────────────────────╮
│ Status:   Success   Duration: 42ms   Steps: 2 │
│ Model:    test-model   (test)   Tokens: 7     │
╰───────────────────────────────────────────────╯

📊 Execution Timeline
├─ ✅  [bootstrap]            3ms
├─ ✅  [strategy-select]      2ms
├─ ✅  [think]               25ms (2 steps, 79% of time)
└─ ✅  [complete]             2ms

packages/runtime/tests/tool-loop-behavioral.test.ts:
✓ Provider: test | Model: test-model | API key: (not required)
→ [phase:execution] Starting...
  📊 [metric:tokens_used] 14 tokens
  📊 [metric:cost_usd] 0 usd
✓ [completion] Task completed in 0.0s with 14 tokens

═══ Logs (2) ═══
  01:02:23.071 INFO  Execution started {"taskId":"01KQTTGNAS44R2EX66CWYG3QQ7","agentId":"tool-loop-test-1777942943010"}
  01:02:23.110 INFO  Execution completed {"taskId":"01KQTTGNAS44R2EX66CWYG3QQ7","success":true,"tokensUsed":14,"cost":0,"duration":40}

═══ Spans (17) ═══
  ✓ execution.run (47.9ms) [a5cad36c…]
    ✓ execution.phase.bootstrap (13.1ms) [a5cad36c…]
      ✓ phase.bootstrap.metrics (0.0ms) [a5cad36c…]
    ✓ execution.phase.strategy-select (0.9ms) [a5cad36c…]
      ✓ phase.strategy-select.metrics (0.0ms) [a5cad36c…]
    ✓ execution.phase.think (13.5ms) [a5cad36c…]
      ✓ phase.think.metrics (0.0ms) [a5cad36c…]
    ✓ execution.phase.act (4.0ms) [a5cad36c…]
      ✓ phase.act.metrics (0.0ms) [a5cad36c…]
    ✓ execution.phase.observe (1.2ms) [a5cad36c…]
      ✓ phase.observe.metrics (0.0ms) [a5cad36c…]
    ✓ execution.phase.think (1.8ms) [a5cad36c…]
      ✓ phase.think.metrics (0.0ms) [a5cad36c…]
    ✓ execution.phase.complete (2.6ms) [a5cad36c…]
      ✓ execution.phase.memory-flush (9.1ms) [a5cad36c…]
        ✓ phase.complete.metrics (0.0ms) [a5cad36c…]
    ✓ phase.memory-flush.metrics (0.0ms) [a5cad36c…]

═══ Metrics Summary ═══
╭ Agent Execution Summary ──────────────────────╮
│ Status:   Success   Duration: 40ms   Steps: 3 │
│ Model:    test-model   (test)   Tokens: 14    │
╰───────────────────────────────────────────────╯

📊 Execution Timeline
├─ ✅  [bootstrap]           13ms
├─ ✅  [strategy-select]      1ms
├─ ✅  [think]               15ms (3 steps, 34% of time)
├─ ✅  [act]                  4ms (1 calls)
├─ ✅  [observe]              1ms
├─ ✅  [memory-flush]         8ms
└─ ✅  [complete]             2ms

🔧 Tool Execution (1 calls across 1 tools)
└─ ✅  echo-tool   1 calls, 2ms avg
✓ Provider: test | Model: test-model | API key: (not required)
→ [phase:execution] Starting...
  📊 [metric:tokens_used] 13 tokens
  📊 [metric:cost_usd] 0 usd
✓ [completion] Task completed in 0.1s with 13 tokens

═══ Logs (2) ═══
  01:02:23.204 INFO  Execution started {"taskId":"01KQTTGNEXAKGHTMM3E3E5G2J4","agentId":"multi-tool-test-1777942943130"}
  01:02:23.286 INFO  Execution completed {"taskId":"01KQTTGNEXAKGHTMM3E3E5G2J4","success":true,"tokensUsed":13,"cost":0,"duration":82}

═══ Spans (23) ═══
  ✓ execution.run (84.5ms) [8ca26c6d…]
    ✓ execution.phase.bootstrap (15.9ms) [8ca26c6d…]
      ✓ phase.bootstrap.metrics (0.0ms) [8ca26c6d…]
    ✓ execution.phase.strategy-select (1.1ms) [8ca26c6d…]
      ✓ phase.strategy-select.metrics (0.0ms) [8ca26c6d…]
    ✓ execution.phase.think (18.6ms) [8ca26c6d…]
      ✓ phase.think.metrics (0.0ms) [8ca26c6d…]
    ✓ execution.phase.act (2.0ms) [8ca26c6d…]
      ✓ phase.act.metrics (0.0ms) [8ca26c6d…]
    ✓ execution.phase.observe (1.0ms) [8ca26c6d…]
      ✓ phase.observe.metrics (0.0ms) [8ca26c6d…]
    ✓ execution.phase.think (4.7ms) [8ca26c6d…]
      ✓ phase.think.metrics (0.0ms) [8ca26c6d…]
    ✓ execution.phase.act (3.9ms) [8ca26c6d…]
      ✓ phase.act.metrics (0.0ms) [8ca26c6d…]
    ✓ execution.phase.observe (1.2ms) [8ca26c6d…]
      ✓ phase.observe.metrics (0.0ms) [8ca26c6d…]
    ✓ execution.phase.think (9.0ms) [8ca26c6d…]
      ✓ phase.think.metrics (0.0ms) [8ca26c6d…]
    ✓ execution.phase.memory-flush (6.7ms) [8ca26c6d…]
      ✓ phase.memory-flush.metrics (0.0ms) [8ca26c6d…]
    ✓ execution.phase.complete (15.4ms) [8ca26c6d…]
      ✓ phase.complete.metrics (0.0ms) [8ca26c6d…]

═══ Metrics Summary ═══
╭ Agent Execution Summary ──────────────────────╮
│ Status:   Success   Duration: 82ms   Steps: 4 │
│ Model:    test-model   (test)   Tokens: 13    │
╰───────────────────────────────────────────────╯

📊 Execution Timeline
├─ ✅  [bootstrap]           16ms
├─ ✅  [strategy-select]      1ms
├─ ✅  [think]               31ms (4 steps, 50% of time)
├─ ✅  [act]                  5ms (2 calls)
├─ ✅  [observe]              2ms
├─ ✅  [memory-flush]         6ms
└─ ✅  [complete]             1ms

🔧 Tool Execution (2 calls across 2 tools)
├─ ✅  tool-a      1 calls, 1ms avg
└─ ✅  tool-b      1 calls, 1ms avg
✓ Provider: test | Model: test-model | API key: (not required)
→ [phase:execution] Starting...
✗ [error] Task 01KQTTGNM07DFXB08YRA4N8R0D exceeded max iterations (3)
✓ Provider: test | Model: test-model | API key: (not required)
→ [phase:execution] Starting...
✓ Provider: test | Model: test-model | API key: (not required)
→ [phase:execution] Starting...
✓ Provider: test | Model: test-model | API key: (not required)
→ [phase:execution] Starting...
  📊 [metric:tokens_used] 7 tokens
  📊 [metric:cost_usd] 0 usd
✓ [completion] Task completed in 0.0s with 7 tokens

═══ Logs (2) ═══
  01:02:23.785 INFO  Execution started {"taskId":"01KQTTGP12R9BRC230QEY3SQ3M","agentId":"auto-provider-test-1777942943701"}
  01:02:23.815 INFO  Execution completed {"taskId":"01KQTTGP12R9BRC230QEY3SQ3M","success":true,"tokensUsed":7,"cost":0,"duration":31}

═══ Spans (9) ═══
  ✓ execution.run (37.0ms) [42490cb0…]
    ✓ execution.phase.bootstrap (3.8ms) [42490cb0…]
      ✓ phase.bootstrap.metrics (0.0ms) [42490cb0…]
    ✓ execution.phase.strategy-select (1.2ms) [42490cb0…]
      ✓ phase.strategy-select.metrics (0.0ms) [42490cb0…]
    ✓ execution.phase.think (13.3ms) [42490cb0…]
      ✓ phase.think.metrics (0.0ms) [42490cb0…]
    ✓ execution.phase.complete (3.8ms) [42490cb0…]
  ✓ phase.complete.metrics (0.0ms) [42490cb0…]

═══ Metrics Summary ═══
╭ Agent Execution Summary ──────────────────────╮
│ Status:   Success   Duration: 31ms   Steps: 2 │
│ Model:    test-model   (test)   Tokens: 7     │
╰───────────────────────────────────────────────╯

📊 Execution Timeline
├─ ✅  [bootstrap]            3ms
├─ ✅  [strategy-select]      1ms
├─ ✅  [think]               13ms (2 steps, 62% of time)
└─ ✅  [complete]             4ms

packages/runtime/tests/execute-stream.test.ts:
→ [phase:execution] Starting...
  📊 [metric:tokens_used] 8 tokens
  📊 [metric:cost_usd] 0 usd
✓ [completion] Task completed in 0.0s with 8 tokens
→ [phase:execution] Starting...
  📊 [metric:tokens_used] 8 tokens
  📊 [metric:cost_usd] 0 usd
✓ [completion] Task completed in 0.0s with 8 tokens

packages/runtime/tests/convenience-api.test.ts:
✓ Provider: test | Model: test-model | API key: (not required)
→ [phase:execution] Starting...
  📊 [metric:tokens_used] 6 tokens
  📊 [metric:cost_usd] 0 usd
✓ [completion] Task completed in 0.0s with 6 tokens

═══ Logs (2) ═══
  01:02:23.979 INFO  Execution started {"taskId":"01KQTTGP7AESJGYM02QDFFR9W9","agentId":"on-agent-1777942943920"}
  01:02:24.017 INFO  Execution completed {"taskId":"01KQTTGP7AESJGYM02QDFFR9W9","success":true,"tokensUsed":6,"cost":0,"duration":38}

═══ Spans (11) ═══
  ✓ execution.run (41.6ms) [ce79ccf9…]
    ✓ execution.phase.bootstrap (13.4ms) [ce79ccf9…]
      ✓ phase.bootstrap.metrics (0.0ms) [ce79ccf9…]
    ✓ execution.phase.strategy-select (1.0ms) [ce79ccf9…]
      ✓ phase.strategy-select.metrics (0.0ms) [ce79ccf9…]
    ✓ execution.phase.think (20.2ms) [ce79ccf9…]
      ✓ phase.think.metrics (0.0ms) [ce79ccf9…]
    ✓ execution.phase.complete (2.2ms) [ce79ccf9…]
      ✓ execution.phase.memory-flush (4.3ms) [ce79ccf9…]
        ✓ phase.complete.metrics (0.0ms) [ce79ccf9…]
    ✓ phase.memory-flush.metrics (0.0ms) [ce79ccf9…]

═══ Metrics Summary ═══
╭ Agent Execution Summary ──────────────────────╮
│ Status:   Success   Duration: 38ms   Steps: 2 │
│ Model:    test-model   (test)   Tokens: 6     │
╰───────────────────────────────────────────────╯

📊 Execution Timeline
├─ ✅  [bootstrap]           13ms
├─ ✅  [strategy-select]      1ms
├─ ✅  [think]               20ms (2 steps, 50% of time)
├─ ✅  [memory-flush]         4ms
└─ ✅  [complete]             2ms
✓ Provider: test | Model: test-model | API key: (not required)
→ [phase:execution] Starting...
  📊 [metric:tokens_used] 5 tokens
  📊 [metric:cost_usd] 0 usd
✓ [completion] Task completed in 0.0s with 5 tokens

═══ Logs (2) ═══
  01:02:24.080 INFO  Execution started {"taskId":"01KQTTGPAG35EK4WFE8NWQ7CB4","agentId":"unsub-agent-1777942944021"}
  01:02:24.107 INFO  Execution completed {"taskId":"01KQTTGPAG35EK4WFE8NWQ7CB4","success":true,"tokensUsed":5,"cost":0,"duration":27}

═══ Spans (11) ═══
  ✓ execution.run (31.1ms) [84c932eb…]
    ✓ execution.phase.bootstrap (3.9ms) [84c932eb…]
      ✓ phase.bootstrap.metrics (0.0ms) [84c932eb…]
    ✓ execution.phase.strategy-select (3.3ms) [84c932eb…]
      ✓ phase.strategy-select.metrics (0.0ms) [84c932eb…]
    ✓ execution.phase.think (15.8ms) [84c932eb…]
      ✓ phase.think.metrics (0.0ms) [84c932eb…]
    ✓ execution.phase.complete (2.8ms) [84c932eb…]
      ✓ execution.phase.memory-flush (4.6ms) [84c932eb…]
        ✓ phase.complete.metrics (0.0ms) [84c932eb…]
    ✓ phase.memory-flush.metrics (0.0ms) [84c932eb…]

═══ Metrics Summary ═══
╭ Agent Execution Summary ──────────────────────╮
│ Status:   Success   Duration: 27ms   Steps: 2 │
│ Model:    test-model   (test)   Tokens: 5     │
╰───────────────────────────────────────────────╯

📊 Execution Timeline
├─ ✅  [bootstrap]            3ms
├─ ✅  [strategy-select]      2ms
├─ ✅  [think]               15ms (2 steps, 56% of time)
├─ ✅  [memory-flush]         4ms
└─ ✅  [complete]             2ms

packages/runtime/tests/compose.test.ts:
✓ Provider: test | Model: test-model | API key: (not required)
→ [phase:execution] Starting...
  📊 [metric:tokens_used] 8 tokens
  📊 [metric:cost_usd] 0 usd
✓ [completion] Task completed in 0.0s with 8 tokens

═══ Logs (2) ═══
  01:02:24.196 INFO  Execution started {"taskId":"01KQTTGPDX4TAKN74DSZJKJ90X","agentId":"test-fn-1777942944133"}
  01:02:24.226 INFO  Execution completed {"taskId":"01KQTTGPDX4TAKN74DSZJKJ90X","success":true,"tokensUsed":8,"cost":0,"duration":31}

═══ Spans (11) ═══
  ✓ execution.run (33.0ms) [048b4fa7…]
    ✓ execution.phase.bootstrap (11.9ms) [048b4fa7…]
      ✓ phase.bootstrap.metrics (0.0ms) [048b4fa7…]
    ✓ execution.phase.strategy-select (1.1ms) [048b4fa7…]
      ✓ phase.strategy-select.metrics (0.0ms) [048b4fa7…]
    ✓ execution.phase.think (14.5ms) [048b4fa7…]
      ✓ phase.think.metrics (0.0ms) [048b4fa7…]
    ✓ execution.phase.complete (1.9ms) [048b4fa7…]
      ✓ execution.phase.memory-flush (3.4ms) [048b4fa7…]
        ✓ phase.complete.metrics (0.0ms) [048b4fa7…]
    ✓ phase.memory-flush.metrics (0.0ms) [048b4fa7…]

═══ Metrics Summary ═══
╭ Agent Execution Summary ──────────────────────╮
│ Status:   Success   Duration: 31ms   Steps: 2 │
│ Model:    test-model   (test)   Tokens: 8     │
╰───────────────────────────────────────────────╯

📊 Execution Timeline
├─ ✅  [bootstrap]           12ms
├─ ✅  [strategy-select]      1ms
├─ ✅  [think]               14ms (2 steps, 46% of time)
├─ ✅  [memory-flush]         3ms
└─ ✅  [complete]             2ms
✓ Provider: test | Model: test-model | API key: (not required)
→ [phase:execution] Starting...
  📊 [metric:tokens_used] 4 tokens
  📊 [metric:cost_usd] 0 usd
✓ [completion] Task completed in 0.0s with 4 tokens

═══ Logs (2) ═══
  01:02:24.320 INFO  Execution started {"taskId":"01KQTTGPHTT9FXWEZ9GTWDF1KX","agentId":"lazy-agent-1777942944234"}
  01:02:24.344 INFO  Execution completed {"taskId":"01KQTTGPHTT9FXWEZ9GTWDF1KX","success":true,"tokensUsed":4,"cost":0,"duration":24}

═══ Spans (11) ═══
  ✓ execution.run (28.5ms) [a9891b6f…]
    ✓ execution.phase.bootstrap (4.8ms) [a9891b6f…]
      ✓ phase.bootstrap.metrics (0.0ms) [a9891b6f…]
    ✓ execution.phase.strategy-select (0.9ms) [a9891b6f…]
      ✓ phase.strategy-select.metrics (0.0ms) [a9891b6f…]
    ✓ execution.phase.think (16.0ms) [a9891b6f…]
      ✓ phase.think.metrics (0.0ms) [a9891b6f…]
    ✓ execution.phase.complete (1.6ms) [a9891b6f…]
      ✓ execution.phase.memory-flush (4.9ms) [a9891b6f…]
        ✓ phase.complete.metrics (0.0ms) [a9891b6f…]
    ✓ phase.memory-flush.metrics (0.0ms) [a9891b6f…]

═══ Metrics Summary ═══
╭ Agent Execution Summary ──────────────────────╮
│ Status:   Success   Duration: 24ms   Steps: 2 │
│ Model:    test-model   (test)   Tokens: 4     │
╰───────────────────────────────────────────────╯

📊 Execution Timeline
├─ ✅  [bootstrap]            3ms
├─ ✅  [strategy-select]      1ms
├─ ✅  [think]               16ms (2 steps, 63% of time)
├─ ✅  [memory-flush]         5ms
└─ ✅  [complete]             1ms
✓ Provider: test | Model: test-model | API key: (not required)
→ [phase:execution] Starting...
  📊 [metric:tokens_used] 2 tokens
  📊 [metric:cost_usd] 0 usd
✓ [completion] Task completed in 0.0s with 2 tokens

═══ Logs (2) ═══
  01:02:24.443 INFO  Execution started {"taskId":"01KQTTGPNKNB4NJ0KMJKMM6VDY","agentId":"dispose-agent-1777942944353"}
  01:02:24.471 INFO  Execution completed {"taskId":"01KQTTGPNKNB4NJ0KMJKMM6VDY","success":true,"tokensUsed":2,"cost":0,"duration":29}

═══ Spans (11) ═══
  ✓ execution.run (33.6ms) [2746c69b…]
    ✓ execution.phase.bootstrap (2.3ms) [2746c69b…]
      ✓ phase.bootstrap.metrics (0.0ms) [2746c69b…]
    ✓ execution.phase.strategy-select (1.5ms) [2746c69b…]
      ✓ phase.strategy-select.metrics (0.0ms) [2746c69b…]
    ✓ execution.phase.think (19.6ms) [2746c69b…]
      ✓ phase.think.metrics (0.0ms) [2746c69b…]
    ✓ execution.phase.complete (2.5ms) [2746c69b…]
      ✓ execution.phase.memory-flush (6.4ms) [2746c69b…]
        ✓ phase.complete.metrics (0.0ms) [2746c69b…]
    ✓ phase.memory-flush.metrics (0.0ms) [2746c69b…]

═══ Metrics Summary ═══
╭ Agent Execution Summary ──────────────────────╮
│ Status:   Success   Duration: 29ms   Steps: 2 │
│ Model:    test-model   (test)   Tokens: 2     │
╰───────────────────────────────────────────────╯

📊 Execution Timeline
├─ ✅  [bootstrap]            2ms
├─ ✅  [strategy-select]      1ms
├─ ✅  [think]               19ms (2 steps, 63% of time)
├─ ✅  [memory-flush]         6ms
└─ ✅  [complete]             2ms
✓ Provider: test | Model: test-model | API key: (not required)
→ [phase:execution] Starting...
  📊 [metric:tokens_used] 8 tokens
  📊 [metric:cost_usd] 0 usd
✓ [completion] Task completed in 0.1s with 8 tokens

═══ Logs (2) ═══
  01:02:24.554 INFO  Execution started {"taskId":"01KQTTGPS6NRADYAYZQSF4CVMZ","agentId":"first-1777942944481"}
  01:02:24.642 INFO  Execution completed {"taskId":"01KQTTGPS6NRADYAYZQSF4CVMZ","success":true,"tokensUsed":8,"cost":0,"duration":88}

═══ Spans (11) ═══
  ✓ execution.run (110.9ms) [290713ad…]
    ✓ execution.phase.bootstrap (62.5ms) [290713ad…]
      ✓ phase.bootstrap.metrics (0.0ms) [290713ad…]
    ✓ execution.phase.strategy-select (4.4ms) [290713ad…]
      ✓ phase.strategy-select.metrics (0.0ms) [290713ad…]
    ✓ execution.phase.think (18.0ms) [290713ad…]
      ✓ phase.think.metrics (0.0ms) [290713ad…]
    ✓ execution.phase.complete (2.1ms) [290713ad…]
      ✓ execution.phase.memory-flush (15.0ms) [290713ad…]
        ✓ phase.complete.metrics (0.0ms) [290713ad…]
    ✓ phase.memory-flush.metrics (0.0ms) [290713ad…]

═══ Metrics Summary ═══
╭ Agent Execution Summary ──────────────────────╮
│ Status:   Success   Duration: 88ms   Steps: 2 │
│ Model:    test-model   (test)   Tokens: 8     │
╰───────────────────────────────────────────────╯

📊 Execution Timeline
├─ ✅  [bootstrap]           62ms
├─ ✅  [strategy-select]      3ms
├─ ✅  [think]               18ms (2 steps, 18% of time)
├─ ✅  [memory-flush]        15ms
└─ ✅  [complete]             2ms
✓ Provider: test | Model: test-model | API key: (not required)
→ [phase:execution] Starting...
  📊 [metric:tokens_used] 7 tokens
  📊 [metric:cost_usd] 0 usd
✓ [completion] Task completed in 0.0s with 7 tokens

═══ Logs (2) ═══
  01:02:24.731 INFO  Execution started {"taskId":"01KQTTGPYP1D5QCB3NBSTPFRBR","agentId":"second-1777942944667"}
  01:02:24.761 INFO  Execution completed {"taskId":"01KQTTGPYP1D5QCB3NBSTPFRBR","success":true,"tokensUsed":7,"cost":0,"duration":31}

═══ Spans (11) ═══
  ✓ execution.run (34.9ms) [12bb93b2…]
    ✓ execution.phase.bootstrap (7.3ms) [12bb93b2…]
      ✓ phase.bootstrap.metrics (0.0ms) [12bb93b2…]
    ✓ execution.phase.strategy-select (5.0ms) [12bb93b2…]
      ✓ phase.strategy-select.metrics (0.0ms) [12bb93b2…]
    ✓ execution.phase.think (13.9ms) [12bb93b2…]
      ✓ phase.think.metrics (0.0ms) [12bb93b2…]
    ✓ execution.phase.complete (2.1ms) [12bb93b2…]
      ✓ execution.phase.memory-flush (5.4ms) [12bb93b2…]
        ✓ phase.complete.metrics (0.0ms) [12bb93b2…]
    ✓ phase.memory-flush.metrics (0.0ms) [12bb93b2…]

═══ Metrics Summary ═══
╭ Agent Execution Summary ──────────────────────╮
│ Status:   Success   Duration: 31ms   Steps: 2 │
│ Model:    test-model   (test)   Tokens: 7     │
╰───────────────────────────────────────────────╯

📊 Execution Timeline
├─ ✅  [bootstrap]            6ms
├─ ✅  [strategy-select]      1ms
├─ ✅  [think]               13ms (2 steps, 49% of time)
├─ ✅  [memory-flush]         5ms
└─ ✅  [complete]             2ms
✓ Provider: test | Model: test-model | API key: (not required)
→ [phase:execution] Starting...
  📊 [metric:tokens_used] 4 tokens
  📊 [metric:cost_usd] 0 usd
✓ [completion] Task completed in 0.0s with 4 tokens

═══ Logs (2) ═══
  01:02:24.849 INFO  Execution started {"taskId":"01KQTTGQ297TRD107ZRYSYYXJP","agentId":"a-1777942944786"}
  01:02:24.883 INFO  Execution completed {"taskId":"01KQTTGQ297TRD107ZRYSYYXJP","success":true,"tokensUsed":4,"cost":0,"duration":36}

═══ Spans (11) ═══
  ✓ execution.run (42.2ms) [b1a21e7a…]
    ✓ execution.phase.bootstrap (3.0ms) [b1a21e7a…]
      ✓ phase.bootstrap.metrics (0.0ms) [b1a21e7a…]
    ✓ execution.phase.strategy-select (4.4ms) [b1a21e7a…]
      ✓ phase.strategy-select.metrics (0.0ms) [b1a21e7a…]
    ✓ execution.phase.think (24.0ms) [b1a21e7a…]
      ✓ phase.think.metrics (0.0ms) [b1a21e7a…]
    ✓ execution.phase.complete (2.2ms) [b1a21e7a…]
      ✓ execution.phase.memory-flush (7.4ms) [b1a21e7a…]
        ✓ phase.complete.metrics (0.0ms) [b1a21e7a…]
    ✓ phase.memory-flush.metrics (0.0ms) [b1a21e7a…]

═══ Metrics Summary ═══
╭ Agent Execution Summary ──────────────────────╮
│ Status:   Success   Duration: 36ms   Steps: 2 │
│ Model:    test-model   (test)   Tokens: 4     │
╰───────────────────────────────────────────────╯

📊 Execution Timeline
├─ ✅  [bootstrap]            3ms
├─ ✅  [strategy-select]      4ms
├─ ✅  [think]               24ms (2 steps, 60% of time)
├─ ✅  [memory-flush]         7ms
└─ ✅  [complete]             2ms
✓ Provider: test | Model: test-model | API key: (not required)
→ [phase:execution] Starting...
  📊 [metric:tokens_used] 4 tokens
  📊 [metric:cost_usd] 0 usd
✓ [completion] Task completed in 0.0s with 4 tokens

═══ Logs (2) ═══
  01:02:24.950 INFO  Execution started {"taskId":"01KQTTGQ5HRJ7C3KAQ7QB2FGH1","agentId":"b-1777942944891"}
  01:02:24.983 INFO  Execution completed {"taskId":"01KQTTGQ5HRJ7C3KAQ7QB2FGH1","success":true,"tokensUsed":4,"cost":0,"duration":34}

═══ Spans (11) ═══
  ✓ execution.run (37.2ms) [6e032cdd…]
    ✓ execution.phase.bootstrap (5.1ms) [6e032cdd…]
      ✓ phase.bootstrap.metrics (0.0ms) [6e032cdd…]
    ✓ execution.phase.strategy-select (1.1ms) [6e032cdd…]
      ✓ phase.strategy-select.metrics (0.0ms) [6e032cdd…]
    ✓ execution.phase.think (23.7ms) [6e032cdd…]
      ✓ phase.think.metrics (0.0ms) [6e032cdd…]
    ✓ execution.phase.complete (2.3ms) [6e032cdd…]
      ✓ execution.phase.memory-flush (4.3ms) [6e032cdd…]
        ✓ phase.complete.metrics (0.0ms) [6e032cdd…]
    ✓ phase.memory-flush.metrics (0.0ms) [6e032cdd…]

═══ Metrics Summary ═══
╭ Agent Execution Summary ──────────────────────╮
│ Status:   Success   Duration: 34ms   Steps: 2 │
│ Model:    test-model   (test)   Tokens: 4     │
╰───────────────────────────────────────────────╯

📊 Execution Timeline
├─ ✅  [bootstrap]            4ms
├─ ✅  [strategy-select]      1ms
├─ ✅  [think]               23ms (2 steps, 68% of time)
├─ ✅  [memory-flush]         4ms
└─ ✅  [complete]             2ms
✓ Provider: test | Model: test-model | API key: (not required)
→ [phase:execution] Starting...
  📊 [metric:tokens_used] 4 tokens
  📊 [metric:cost_usd] 0 usd
✓ [completion] Task completed in 0.0s with 4 tokens

═══ Logs (2) ═══
  01:02:25.065 INFO  Execution started {"taskId":"01KQTTGQ8VB5F8D57HR9YDP6SV","agentId":"c-1777942944988"}
  01:02:25.098 INFO  Execution completed {"taskId":"01KQTTGQ8VB5F8D57HR9YDP6SV","success":true,"tokensUsed":4,"cost":0,"duration":34}

═══ Spans (11) ═══
  ✓ execution.run (42.7ms) [1bb419ea…]
    ✓ execution.phase.bootstrap (9.8ms) [1bb419ea…]
      ✓ phase.bootstrap.metrics (0.0ms) [1bb419ea…]
    ✓ execution.phase.strategy-select (2.9ms) [1bb419ea…]
      ✓ phase.strategy-select.metrics (0.0ms) [1bb419ea…]
    ✓ execution.phase.think (13.7ms) [1bb419ea…]
      ✓ phase.think.metrics (0.0ms) [1bb419ea…]
    ✓ execution.phase.complete (2.3ms) [1bb419ea…]
      ✓ execution.phase.memory-flush (10.7ms) [1bb419ea…]
        ✓ phase.complete.metrics (0.0ms) [1bb419ea…]
    ✓ phase.memory-flush.metrics (0.0ms) [1bb419ea…]

═══ Metrics Summary ═══
╭ Agent Execution Summary ──────────────────────╮
│ Status:   Success   Duration: 34ms   Steps: 2 │
│ Model:    test-model   (test)   Tokens: 4     │
╰───────────────────────────────────────────────╯

📊 Execution Timeline
├─ ✅  [bootstrap]            3ms
├─ ✅  [strategy-select]      3ms
├─ ✅  [think]               13ms (2 steps, 42% of time)
├─ ✅  [memory-flush]        11ms
└─ ✅  [complete]             2ms
✓ Provider: test | Model: test-model | API key: (not required)
→ [phase:execution] Starting...
  📊 [metric:tokens_used] 4 tokens
  📊 [metric:cost_usd] 0 usd
✓ [completion] Task completed in 0.1s with 4 tokens

═══ Logs (2) ═══
  01:02:25.218 INFO  Execution started {"taskId":"01KQTTGQDTKTNXS8N7KYW1QPE2","agentId":"a-1777942945149"}
  01:02:25.290 INFO  Execution completed {"taskId":"01KQTTGQDTKTNXS8N7KYW1QPE2","success":true,"tokensUsed":4,"cost":0,"duration":74}

═══ Spans (11) ═══
  ✓ execution.run (91.1ms) [862e45c5…]
    ✓ execution.phase.bootstrap (42.0ms) [862e45c5…]
      ✓ phase.bootstrap.metrics (0.0ms) [862e45c5…]
    ✓ execution.phase.strategy-select (3.8ms) [862e45c5…]
      ✓ phase.strategy-select.metrics (0.0ms) [862e45c5…]
    ✓ execution.phase.think (20.7ms) [862e45c5…]
      ✓ phase.think.metrics (0.0ms) [862e45c5…]
    ✓ execution.phase.complete (4.1ms) [862e45c5…]
      ✓ execution.phase.memory-flush (18.6ms) [862e45c5…]
        ✓ phase.complete.metrics (0.0ms) [862e45c5…]
    ✓ phase.memory-flush.metrics (0.0ms) [862e45c5…]

═══ Metrics Summary ═══
╭ Agent Execution Summary ──────────────────────╮
│ Status:   Success   Duration: 74ms   Steps: 2 │
│ Model:    test-model   (test)   Tokens: 4     │
╰───────────────────────────────────────────────╯

📊 Execution Timeline
├─ ✅  [bootstrap]           42ms
├─ ✅  [strategy-select]      2ms
├─ ✅  [think]               20ms (2 steps, 26% of time)
├─ ✅  [memory-flush]         9ms
└─ ✅  [complete]             3ms
✓ Provider: test | Model: test-model | API key: (not required)
→ [phase:execution] Starting...
  📊 [metric:tokens_used] 4 tokens
  📊 [metric:cost_usd] 0 usd
✓ [completion] Task completed in 0.1s with 4 tokens

═══ Logs (2) ═══
  01:02:25.383 INFO  Execution started {"taskId":"01KQTTGQJZNF3J3BKPKKDFGGT9","agentId":"b-1777942945310"}
  01:02:25.418 INFO  Execution completed {"taskId":"01KQTTGQJZNF3J3BKPKKDFGGT9","success":true,"tokensUsed":4,"cost":0,"duration":36}

═══ Spans (11) ═══
  ✓ execution.run (51.5ms) [80a0b80d…]
    ✓ execution.phase.bootstrap (11.0ms) [80a0b80d…]
      ✓ phase.bootstrap.metrics (0.0ms) [80a0b80d…]
    ✓ execution.phase.strategy-select (2.2ms) [80a0b80d…]
      ✓ phase.strategy-select.metrics (0.0ms) [80a0b80d…]
    ✓ execution.phase.think (16.3ms) [80a0b80d…]
      ✓ phase.think.metrics (0.0ms) [80a0b80d…]
    ✓ execution.phase.complete (3.3ms) [80a0b80d…]
      ✓ execution.phase.memory-flush (17.6ms) [80a0b80d…]
        ✓ phase.complete.metrics (0.0ms) [80a0b80d…]
    ✓ phase.memory-flush.metrics (0.0ms) [80a0b80d…]

═══ Metrics Summary ═══
╭ Agent Execution Summary ──────────────────────╮
│ Status:   Success   Duration: 36ms   Steps: 2 │
│ Model:    test-model   (test)   Tokens: 4     │
╰───────────────────────────────────────────────╯

📊 Execution Timeline
├─ ✅  [bootstrap]            4ms
├─ ✅  [strategy-select]      1ms
├─ ✅  [think]               15ms (2 steps, 39% of time)
├─ ✅  [memory-flush]        16ms
└─ ✅  [complete]             3ms
✓ Provider: test | Model: test-model | API key: (not required)
✓ Provider: test | Model: test-model | API key: (not required)
→ [phase:execution] Starting...
→ [phase:execution] Starting...
  📊 [metric:tokens_used] 5 tokens
  📊 [metric:cost_usd] 0 usd
✓ [completion] Task completed in 0.2s with 5 tokens

═══ Logs (2) ═══
  01:02:25.600 INFO  Execution started {"taskId":"01KQTTGQSHDAN0YVPZM0NDJX9A","agentId":"agent-a-1777942945462"}
  01:02:25.674 INFO  Execution completed {"taskId":"01KQTTGQSHDAN0YVPZM0NDJX9A","success":true,"tokensUsed":5,"cost":0,"duration":73}

═══ Spans (9) ═══
  ✓ execution.run (157.3ms) [2db3dc26…]
    ✓ execution.phase.bootstrap (10.7ms) [2db3dc26…]
      ✓ phase.bootstrap.metrics (0.0ms) [2db3dc26…]
    ✓ execution.phase.strategy-select (1.0ms) [2db3dc26…]
      ✓ phase.strategy-select.metrics (0.0ms) [2db3dc26…]
    ✓ execution.phase.think (37.9ms) [2db3dc26…]
      ✓ phase.think.metrics (0.0ms) [2db3dc26…]
    ✓ execution.phase.complete (14.4ms) [2db3dc26…]
  ✓ phase.complete.metrics (0.0ms) [2db3dc26…]

═══ Metrics Summary ═══
╭ Agent Execution Summary ──────────────────────╮
│ Status:   Success   Duration: 73ms   Steps: 2 │
│ Model:    test-model   (test)   Tokens: 5     │
╰───────────────────────────────────────────────╯

📊 Execution Timeline
├─ ✅  [bootstrap]            8ms
├─ ✅  [strategy-select]      1ms
├─ ✅  [think]               37ms (2 steps, 62% of time)
└─ ✅  [complete]            14ms
  📊 [metric:tokens_used] 5 tokens
  📊 [metric:cost_usd] 0 usd
✓ [completion] Task completed in 0.2s with 5 tokens

═══ Logs (2) ═══
  01:02:25.600 INFO  Execution started {"taskId":"01KQTTGQSJ1PN7ZC1QM2EFPY09","agentId":"agent-b-1777942945463"}
  01:02:25.726 INFO  Execution completed {"taskId":"01KQTTGQSJ1PN7ZC1QM2EFPY09","success":true,"tokensUsed":5,"cost":0,"duration":126}

═══ Spans (11) ═══
  ✓ execution.run (163.7ms) [4e5418e7…]
    ✓ execution.phase.bootstrap (71.6ms) [4e5418e7…]
      ✓ phase.bootstrap.metrics (0.0ms) [4e5418e7…]
    ✓ execution.phase.strategy-select (0.8ms) [4e5418e7…]
      ✓ phase.strategy-select.metrics (0.0ms) [4e5418e7…]
    ✓ execution.phase.think (13.9ms) [4e5418e7…]
      ✓ phase.think.metrics (0.0ms) [4e5418e7…]
    ✓ execution.phase.complete (36.1ms) [4e5418e7…]
      ✓ execution.phase.memory-flush (72.5ms) [4e5418e7…]
        ✓ phase.complete.metrics (0.0ms) [4e5418e7…]
    ✓ phase.memory-flush.metrics (0.0ms) [4e5418e7…]

═══ Metrics Summary ═══
╭ Agent Execution Summary ───────────────────────╮
│ Status:   Success   Duration: 126ms   Steps: 2 │
│ Model:    test-model   (test)   Tokens: 5      │
╰────────────────────────────────────────────────╯

📊 Execution Timeline
├─ ✅  [bootstrap]           71ms
├─ ✅  [strategy-select]      0ms
├─ ✅  [think]               14ms (2 steps, 8% of time)
├─ ✅  [memory-flush]        72ms
└─ ✅  [complete]            16ms
✓ Provider: test | Model: test-model | API key: (not required)
✓ Provider: test | Model: test-model | API key: (not required)
→ [phase:execution] Starting...
→ [phase:execution] Starting...
  📊 [metric:tokens_used] 3 tokens
  📊 [metric:cost_usd] 0 usd
✓ [completion] Task completed in 0.1s with 3 tokens

═══ Logs (2) ═══
  01:02:25.985 INFO  Execution started {"taskId":"01KQTTGR54WADZ5VF74MX1PEV9","agentId":"a-1777942945771"}
  01:02:26.024 INFO  Execution completed {"taskId":"01KQTTGR54WADZ5VF74MX1PEV9","success":true,"tokensUsed":3,"cost":0,"duration":39}

═══ Spans (11) ═══
  ✓ execution.run (61.2ms) [23f6ddbf…]
    ✓ execution.phase.bootstrap (19.1ms) [23f6ddbf…]
      ✓ phase.bootstrap.metrics (0.0ms) [23f6ddbf…]
    ✓ execution.phase.strategy-select (1.4ms) [23f6ddbf…]
      ✓ phase.strategy-select.metrics (0.0ms) [23f6ddbf…]
    ✓ execution.phase.think (14.4ms) [23f6ddbf…]
      ✓ phase.think.metrics (0.0ms) [23f6ddbf…]
    ✓ execution.phase.complete (1.6ms) [23f6ddbf…]
      ✓ execution.phase.memory-flush (23.0ms) [23f6ddbf…]
        ✓ phase.complete.metrics (0.0ms) [23f6ddbf…]
    ✓ phase.memory-flush.metrics (0.0ms) [23f6ddbf…]

═══ Metrics Summary ═══
╭ Agent Execution Summary ──────────────────────╮
│ Status:   Success   Duration: 39ms   Steps: 2 │
│ Model:    test-model   (test)   Tokens: 3     │
╰───────────────────────────────────────────────╯

📊 Execution Timeline
├─ ✅  [bootstrap]           19ms
├─ ✅  [strategy-select]      1ms
├─ ✅  [think]               14ms (2 steps, 24% of time)
├─ ✅  [memory-flush]        23ms
└─ ✅  [complete]             1ms
  📊 [metric:tokens_used] 2 tokens
  📊 [metric:cost_usd] 0 usd
✓ [completion] Task completed in 0.1s with 2 tokens

═══ Logs (2) ═══
  01:02:25.986 INFO  Execution started {"taskId":"01KQTTGR545PCNFRPHS284ZGDF","agentId":"b-1777942945772"}
  01:02:26.042 INFO  Execution completed {"taskId":"01KQTTGR545PCNFRPHS284ZGDF","success":true,"tokensUsed":2,"cost":0,"duration":57}

═══ Spans (11) ═══
  ✓ execution.run (62.9ms) [220f4493…]
    ✓ execution.phase.bootstrap (38.6ms) [220f4493…]
      ✓ phase.bootstrap.metrics (0.0ms) [220f4493…]
    ✓ execution.phase.strategy-select (0.9ms) [220f4493…]
      ✓ phase.strategy-select.metrics (0.0ms) [220f4493…]
    ✓ execution.phase.think (13.5ms) [220f4493…]
      ✓ phase.think.metrics (0.0ms) [220f4493…]
    ✓ execution.phase.complete (1.3ms) [220f4493…]
      ✓ execution.phase.memory-flush (4.2ms) [220f4493…]
        ✓ phase.complete.metrics (0.0ms) [220f4493…]
    ✓ phase.memory-flush.metrics (0.0ms) [220f4493…]

═══ Metrics Summary ═══
╭ Agent Execution Summary ──────────────────────╮
│ Status:   Success   Duration: 57ms   Steps: 2 │
│ Model:    test-model   (test)   Tokens: 2     │
╰───────────────────────────────────────────────╯

📊 Execution Timeline
├─ ✅  [bootstrap]           38ms
├─ ✅  [strategy-select]      1ms
├─ ✅  [think]               13ms (2 steps, 23% of time)
├─ ✅  [memory-flush]         4ms
└─ ✅  [complete]             1ms
✓ Provider: test | Model: test-model | API key: (not required)
✓ Provider: test | Model: test-model | API key: (not required)
→ [phase:execution] Starting...
→ [phase:execution] Starting...
  📊 [metric:tokens_used] 5 tokens
  📊 [metric:cost_usd] 0 usd
✓ [completion] Task completed in 0.1s with 5 tokens

═══ Logs (2) ═══
  01:02:26.186 INFO  Execution started {"taskId":"01KQTTGRC162Y2NCGHNBX8J20V","agentId":"b-1777942946061"}
  01:02:26.270 INFO  Execution completed {"taskId":"01KQTTGRC162Y2NCGHNBX8J20V","success":true,"tokensUsed":5,"cost":0,"duration":84}

═══ Spans (11) ═══
  ✓ execution.run (106.9ms) [0f8065ed…]
    ✓ execution.phase.bootstrap (66.6ms) [0f8065ed…]
      ✓ phase.bootstrap.metrics (0.0ms) [0f8065ed…]
    ✓ execution.phase.strategy-select (0.9ms) [0f8065ed…]
      ✓ phase.strategy-select.metrics (0.0ms) [0f8065ed…]
    ✓ execution.phase.think (12.7ms) [0f8065ed…]
      ✓ phase.think.metrics (0.0ms) [0f8065ed…]
    ✓ execution.phase.complete (1.6ms) [0f8065ed…]
      ✓ execution.phase.memory-flush (24.0ms) [0f8065ed…]
        ✓ phase.complete.metrics (0.0ms) [0f8065ed…]
    ✓ phase.memory-flush.metrics (0.0ms) [0f8065ed…]

═══ Metrics Summary ═══
╭ Agent Execution Summary ──────────────────────╮
│ Status:   Success   Duration: 84ms   Steps: 2 │
│ Model:    test-model   (test)   Tokens: 5     │
╰───────────────────────────────────────────────╯

📊 Execution Timeline
├─ ✅  [bootstrap]           66ms
├─ ✅  [strategy-select]      1ms
├─ ✅  [think]               12ms (2 steps, 12% of time)
├─ ✅  [memory-flush]        24ms
└─ ✅  [complete]             1ms
  📊 [metric:tokens_used] 3 tokens
  📊 [metric:cost_usd] 0 usd
✓ [completion] Task completed in 0.1s with 3 tokens

═══ Logs (2) ═══
  01:02:26.185 INFO  Execution started {"taskId":"01KQTTGRC1K2617KMKPCHV9XSS","agentId":"a-1777942946061"}
  01:02:26.291 INFO  Execution completed {"taskId":"01KQTTGRC1K2617KMKPCHV9XSS","success":true,"tokensUsed":3,"cost":0,"duration":106}

═══ Spans (11) ═══
  ✓ execution.run (112.6ms) [e2dc3ae4…]
    ✓ execution.phase.bootstrap (84.1ms) [e2dc3ae4…]
      ✓ phase.bootstrap.metrics (0.0ms) [e2dc3ae4…]
    ✓ execution.phase.strategy-select (1.8ms) [e2dc3ae4…]
      ✓ phase.strategy-select.metrics (0.0ms) [e2dc3ae4…]
    ✓ execution.phase.think (14.0ms) [e2dc3ae4…]
      ✓ phase.think.metrics (0.0ms) [e2dc3ae4…]
    ✓ execution.phase.complete (3.2ms) [e2dc3ae4…]
      ✓ execution.phase.memory-flush (9.1ms) [e2dc3ae4…]
        ✓ phase.complete.metrics (0.0ms) [e2dc3ae4…]
    ✓ phase.memory-flush.metrics (0.0ms) [e2dc3ae4…]

═══ Metrics Summary ═══
╭ Agent Execution Summary ───────────────────────╮
│ Status:   Success   Duration: 106ms   Steps: 2 │
│ Model:    test-model   (test)   Tokens: 3      │
╰────────────────────────────────────────────────╯

📊 Execution Timeline
├─ ✅  [bootstrap]           84ms
├─ ✅  [strategy-select]      2ms
├─ ✅  [think]               14ms (2 steps, 12% of time)
├─ ✅  [memory-flush]         9ms
└─ ✅  [complete]             3ms
✓ Provider: test | Model: test-model | API key: (not required)
→ [phase:execution] Starting...
  📊 [metric:tokens_used] 9 tokens
  📊 [metric:cost_usd] 0 usd
✓ [completion] Task completed in 0.1s with 9 tokens

═══ Logs (2) ═══
  01:02:26.361 INFO  Execution started {"taskId":"01KQTTGRHKM7ACKNY95E4JW1HE","agentId":"summarizer-1777942946299"}
  01:02:26.413 INFO  Execution completed {"taskId":"01KQTTGRHKM7ACKNY95E4JW1HE","success":true,"tokensUsed":9,"cost":0,"duration":53}

═══ Spans (9) ═══
  ✓ execution.run (54.8ms) [47357cbd…]
    ✓ execution.phase.bootstrap (16.9ms) [47357cbd…]
      ✓ phase.bootstrap.metrics (0.0ms) [47357cbd…]
    ✓ execution.phase.strategy-select (13.3ms) [47357cbd…]
      ✓ phase.strategy-select.metrics (0.0ms) [47357cbd…]
    ✓ execution.phase.think (19.9ms) [47357cbd…]
      ✓ phase.think.metrics (0.0ms) [47357cbd…]
    ✓ execution.phase.complete (1.5ms) [47357cbd…]
  ✓ phase.complete.metrics (0.0ms) [47357cbd…]

═══ Metrics Summary ═══
╭ Agent Execution Summary ──────────────────────╮
│ Status:   Success   Duration: 53ms   Steps: 2 │
│ Model:    test-model   (test)   Tokens: 9     │
╰───────────────────────────────────────────────╯

📊 Execution Timeline
├─ ✅  [bootstrap]           16ms
├─ ✅  [strategy-select]     13ms
├─ ✅  [think]               20ms (2 steps, 40% of time)
└─ ✅  [complete]             1ms
✓ Provider: test | Model: test-model | API key: (not required)
✓ Provider: test | Model: test-model | API key: (not required)
→ [phase:execution] Starting...
→ [phase:execution] Starting...
  📊 [metric:tokens_used] 6 tokens
  📊 [metric:cost_usd] 0 usd
✓ [completion] Task completed in 0.1s with 6 tokens

═══ Logs (2) ═══
  01:02:26.642 INFO  Execution started {"taskId":"01KQTTGRSB3DBTGM7KSJZ11W1N","agentId":"beta-1777942946449"}
  01:02:26.698 INFO  Execution completed {"taskId":"01KQTTGRSB3DBTGM7KSJZ11W1N","success":true,"tokensUsed":6,"cost":0,"duration":57}

═══ Spans (11) ═══
  ✓ execution.run (124.5ms) [02aaeba1…]
    ✓ execution.phase.bootstrap (14.9ms) [02aaeba1…]
      ✓ phase.bootstrap.metrics (0.0ms) [02aaeba1…]
    ✓ execution.phase.strategy-select (6.8ms) [02aaeba1…]
      ✓ phase.strategy-select.metrics (0.0ms) [02aaeba1…]
    ✓ execution.phase.think (19.2ms) [02aaeba1…]
      ✓ phase.think.metrics (0.0ms) [02aaeba1…]
    ✓ execution.phase.complete (14.9ms) [02aaeba1…]
      ✓ execution.phase.memory-flush (77.5ms) [02aaeba1…]
        ✓ phase.complete.metrics (0.0ms) [02aaeba1…]
    ✓ phase.memory-flush.metrics (0.0ms) [02aaeba1…]

═══ Metrics Summary ═══
╭ Agent Execution Summary ──────────────────────╮
│ Status:   Success   Duration: 57ms   Steps: 2 │
│ Model:    test-model   (test)   Tokens: 6     │
╰───────────────────────────────────────────────╯

📊 Execution Timeline
├─ ✅  [bootstrap]           15ms
├─ ✅  [strategy-select]      7ms
├─ ✅  [think]               19ms (2 steps, 15% of time)
├─ ✅  [memory-flush]        75ms
└─ ✅  [complete]            15ms
  📊 [metric:tokens_used] 7 tokens
  📊 [metric:cost_usd] 0 usd
✓ [completion] Task completed in 0.1s with 7 tokens

═══ Logs (2) ═══
  01:02:26.641 INFO  Execution started {"taskId":"01KQTTGRSB0FBH5F87VFG8HXQ1","agentId":"alpha-1777942946446"}
  01:02:26.747 INFO  Execution completed {"taskId":"01KQTTGRSB0FBH5F87VFG8HXQ1","success":true,"tokensUsed":7,"cost":0,"duration":109}

═══ Spans (11) ═══
  ✓ execution.run (129.9ms) [8d8b37e7…]
    ✓ execution.phase.bootstrap (57.9ms) [8d8b37e7…]
      ✓ phase.bootstrap.metrics (0.0ms) [8d8b37e7…]
    ✓ execution.phase.strategy-select (14.4ms) [8d8b37e7…]
      ✓ phase.strategy-select.metrics (0.0ms) [8d8b37e7…]
    ✓ execution.phase.think (21.5ms) [8d8b37e7…]
      ✓ phase.think.metrics (0.0ms) [8d8b37e7…]
    ✓ execution.phase.complete (10.3ms) [8d8b37e7…]
      ✓ execution.phase.memory-flush (27.0ms) [8d8b37e7…]
        ✓ phase.complete.metrics (0.0ms) [8d8b37e7…]
    ✓ phase.memory-flush.metrics (0.0ms) [8d8b37e7…]

═══ Metrics Summary ═══
╭ Agent Execution Summary ───────────────────────╮
│ Status:   Success   Duration: 109ms   Steps: 2 │
│ Model:    test-model   (test)   Tokens: 7      │
╰────────────────────────────────────────────────╯

📊 Execution Timeline
├─ ✅  [bootstrap]           58ms
├─ ✅  [strategy-select]     14ms
├─ ✅  [think]               21ms (2 steps, 17% of time)
├─ ✅  [memory-flush]        27ms
└─ ✅  [complete]             7ms
✓ Provider: test | Model: test-model | API key: (not required)
✓ Provider: test | Model: test-model | API key: (not required)
→ [phase:execution] Starting...
→ [phase:execution] Starting...
  📊 [metric:tokens_used] 4 tokens
  📊 [metric:cost_usd] 0 usd
✓ [completion] Task completed in 0.1s with 4 tokens

═══ Logs (2) ═══
  01:02:26.949 INFO  Execution started {"taskId":"01KQTTGS3WTS07HVJV44S3Y0QB","agentId":"slow-1777942946798"}
  01:02:27.015 INFO  Execution completed {"taskId":"01KQTTGS3WTS07HVJV44S3Y0QB","success":true,"tokensUsed":4,"cost":0,"duration":66}

═══ Spans (9) ═══
  ✓ execution.run (84.0ms) [312b7f05…]
    ✓ execution.phase.bootstrap (50.9ms) [312b7f05…]
      ✓ phase.bootstrap.metrics (0.0ms) [312b7f05…]
    ✓ execution.phase.strategy-select (0.7ms) [312b7f05…]
      ✓ phase.strategy-select.metrics (0.0ms) [312b7f05…]
    ✓ execution.phase.think (12.0ms) [312b7f05…]
      ✓ phase.think.metrics (0.0ms) [312b7f05…]
    ✓ execution.phase.complete (1.5ms) [312b7f05…]
  ✓ phase.complete.metrics (0.0ms) [312b7f05…]

═══ Metrics Summary ═══
╭ Agent Execution Summary ──────────────────────╮
│ Status:   Success   Duration: 66ms   Steps: 2 │
│ Model:    test-model   (test)   Tokens: 4     │
╰───────────────────────────────────────────────╯

📊 Execution Timeline
├─ ✅  [bootstrap]           51ms
├─ ✅  [strategy-select]      0ms
├─ ✅  [think]               12ms (2 steps, 18% of time)
└─ ✅  [complete]             1ms
  📊 [metric:tokens_used] 4 tokens
  📊 [metric:cost_usd] 0 usd
✓ [completion] Task completed in 0.1s with 4 tokens

═══ Logs (2) ═══
  01:02:26.949 INFO  Execution started {"taskId":"01KQTTGS3WTCAZ44GMG4BNK9ZC","agentId":"fast-1777942946796"}
  01:02:27.000 INFO  Execution completed {"taskId":"01KQTTGS3WTCAZ44GMG4BNK9ZC","success":true,"tokensUsed":4,"cost":0,"duration":52}

═══ Spans (11) ═══
  ✓ execution.run (100.5ms) [98ecca11…]
    ✓ execution.phase.bootstrap (34.9ms) [98ecca11…]
      ✓ phase.bootstrap.metrics (0.0ms) [98ecca11…]
    ✓ execution.phase.strategy-select (0.8ms) [98ecca11…]
      ✓ phase.strategy-select.metrics (0.0ms) [98ecca11…]
    ✓ execution.phase.think (12.4ms) [98ecca11…]
      ✓ phase.think.metrics (0.0ms) [98ecca11…]
    ✓ execution.phase.complete (1.3ms) [98ecca11…]
      ✓ execution.phase.memory-flush (50.3ms) [98ecca11…]
        ✓ phase.complete.metrics (0.0ms) [98ecca11…]
    ✓ phase.memory-flush.metrics (0.0ms) [98ecca11…]

═══ Metrics Summary ═══
╭ Agent Execution Summary ──────────────────────╮
│ Status:   Success   Duration: 52ms   Steps: 2 │
│ Model:    test-model   (test)   Tokens: 4     │
╰───────────────────────────────────────────────╯

📊 Execution Timeline
├─ ✅  [bootstrap]           35ms
├─ ✅  [strategy-select]      1ms
├─ ✅  [think]               12ms (2 steps, 12% of time)
├─ ✅  [memory-flush]        50ms
└─ ✅  [complete]             1ms
✓ Provider: test | Model: test-model | API key: (not required)
✓ Provider: test | Model: test-model | API key: (not required)
→ [phase:execution] Starting...
→ [phase:execution] Starting...
  📊 [metric:tokens_used] 2 tokens
  📊 [metric:cost_usd] 0 usd
✓ [completion] Task completed in 0.1s with 2 tokens

═══ Logs (2) ═══
  01:02:27.181 INFO  Execution started {"taskId":"01KQTTGSB6KGC3YPZJK77KCRN5","agentId":"a-1777942947056"}
  01:02:27.212 INFO  Execution completed {"taskId":"01KQTTGSB6KGC3YPZJK77KCRN5","success":true,"tokensUsed":2,"cost":0,"duration":31}

═══ Spans (9) ═══
  ✓ execution.run (55.4ms) [0848ac4d…]
    ✓ execution.phase.bootstrap (14.3ms) [0848ac4d…]
      ✓ phase.bootstrap.metrics (0.0ms) [0848ac4d…]
    ✓ execution.phase.strategy-select (0.9ms) [0848ac4d…]
      ✓ phase.strategy-select.metrics (0.0ms) [0848ac4d…]
    ✓ execution.phase.think (12.3ms) [0848ac4d…]
      ✓ phase.think.metrics (0.0ms) [0848ac4d…]
    ✓ execution.phase.complete (1.9ms) [0848ac4d…]
  ✓ phase.complete.metrics (0.0ms) [0848ac4d…]

═══ Metrics Summary ═══
╭ Agent Execution Summary ──────────────────────╮
│ Status:   Success   Duration: 31ms   Steps: 2 │
│ Model:    test-model   (test)   Tokens: 2     │
╰───────────────────────────────────────────────╯

📊 Execution Timeline
├─ ✅  [bootstrap]           14ms
├─ ✅  [strategy-select]      1ms
├─ ✅  [think]               12ms (2 steps, 43% of time)
└─ ✅  [complete]             2ms
  📊 [metric:tokens_used] 3 tokens
  📊 [metric:cost_usd] 0 usd
✓ [completion] Task completed in 0.1s with 3 tokens

═══ Logs (2) ═══
  01:02:27.181 INFO  Execution started {"taskId":"01KQTTGSB67HESTYE8JCNFSJ58","agentId":"b-1777942947056"}
  01:02:27.229 INFO  Execution completed {"taskId":"01KQTTGSB67HESTYE8JCNFSJ58","success":true,"tokensUsed":3,"cost":0,"duration":48}

═══ Spans (9) ═══
  ✓ execution.run (59.6ms) [a8f15e6c…]
    ✓ execution.phase.bootstrap (31.1ms) [a8f15e6c…]
      ✓ phase.bootstrap.metrics (0.0ms) [a8f15e6c…]
    ✓ execution.phase.strategy-select (0.8ms) [a8f15e6c…]
      ✓ phase.strategy-select.metrics (0.0ms) [a8f15e6c…]
    ✓ execution.phase.think (13.2ms) [a8f15e6c…]
      ✓ phase.think.metrics (0.0ms) [a8f15e6c…]
    ✓ execution.phase.complete (1.7ms) [a8f15e6c…]
  ✓ phase.complete.metrics (0.0ms) [a8f15e6c…]

═══ Metrics Summary ═══
╭ Agent Execution Summary ──────────────────────╮
│ Status:   Success   Duration: 48ms   Steps: 2 │
│ Model:    test-model   (test)   Tokens: 3     │
╰───────────────────────────────────────────────╯

📊 Execution Timeline
├─ ✅  [bootstrap]           31ms
├─ ✅  [strategy-select]      1ms
├─ ✅  [think]               13ms (2 steps, 28% of time)
└─ ✅  [complete]             1ms

packages/runtime/tests/dynamic-tools.test.ts:
✓ Provider: test | Model: test-model | API key: (not required)
✓ Provider: test | Model: test-model | API key: (not required)
✓ Provider: test | Model: test-model | API key: (not required)

packages/runtime/tests/build-validation.test.ts:
✓ Provider: anthropic | Model: claude-sonnet-4-20250514 | API key: (missing)
✓ Provider: ollama | Model: llama3.2 | API key: (not required)
✓ Provider: test | Model: test-model | API key: (not required)
✓ Provider: anthropic | Model: gpt-4o | API key: sk-ant-t...***

packages/runtime/tests/meta-tools-integration.test.ts:
✓ Provider: test | Model: test-model | API key: (not required)
→ [phase:execution] Starting...
  📊 [metric:tokens_used] 34 tokens
  📊 [metric:cost_usd] 0 usd
✓ [completion] Task completed in 0.1s with 34 tokens

═══ Logs (2) ═══
  01:02:28.489 INFO  Execution started {"taskId":"01KQTTGTM3T2RGPRBD8F20GRPZ","agentId":"agent-1777942948421"}
  01:02:28.545 INFO  Execution completed {"taskId":"01KQTTGTM3T2RGPRBD8F20GRPZ","success":true,"tokensUsed":34,"cost":0,"duration":57}

═══ Spans (23) ═══
  ✓ execution.run (63.0ms) [1bf29ee5…]
    ✓ execution.phase.bootstrap (3.7ms) [1bf29ee5…]
      ✓ phase.bootstrap.metrics (0.0ms) [1bf29ee5…]
    ✓ execution.phase.strategy-select (1.0ms) [1bf29ee5…]
      ✓ phase.strategy-select.metrics (0.0ms) [1bf29ee5…]
    ✓ execution.phase.think (13.7ms) [1bf29ee5…]
      ✓ phase.think.metrics (0.0ms) [1bf29ee5…]
    ✓ execution.phase.act (1.8ms) [1bf29ee5…]
      ✓ phase.act.metrics (0.0ms) [1bf29ee5…]
    ✓ execution.phase.observe (1.1ms) [1bf29ee5…]
      ✓ phase.observe.metrics (0.0ms) [1bf29ee5…]
    ✓ execution.phase.think (2.1ms) [1bf29ee5…]
      ✓ phase.think.metrics (0.0ms) [1bf29ee5…]
    ✓ execution.phase.act (2.2ms) [1bf29ee5…]
      ✓ phase.act.metrics (0.0ms) [1bf29ee5…]
    ✓ execution.phase.observe (1.8ms) [1bf29ee5…]
      ✓ phase.observe.metrics (0.0ms) [1bf29ee5…]
    ✓ execution.phase.think (3.2ms) [1bf29ee5…]
      ✓ phase.think.metrics (0.0ms) [1bf29ee5…]
    ✓ execution.phase.memory-flush (23.1ms) [1bf29ee5…]
      ✓ phase.memory-flush.metrics (0.0ms) [1bf29ee5…]
    ✓ execution.phase.complete (1.1ms) [1bf29ee5…]
      ✓ phase.complete.metrics (0.0ms) [1bf29ee5…]

═══ Metrics Summary ═══
╭ Agent Execution Summary ──────────────────────╮
│ Status:   Success   Duration: 57ms   Steps: 4 │
│ Model:    test-model   (test)   Tokens: 34    │
╰───────────────────────────────────────────────╯

📊 Execution Timeline
├─ ✅  [bootstrap]            3ms
├─ ✅  [strategy-select]      1ms
├─ ✅  [think]               17ms (4 steps, 34% of time)
├─ ✅  [act]                  3ms (2 calls)
├─ ✅  [observe]              2ms
├─ ✅  [memory-flush]        23ms
└─ ✅  [complete]             1ms

🔧 Tool Execution (2 calls across 1 tools)
└─ ⚠️  recall      2 calls, 1ms avg 2 errors

⚠️  Alerts & Insights
└─ ⚠️  recall had 2 error(s) (100% failure rate)
✓ Provider: test | Model: test-model | API key: (not required)
→ [phase:execution] Starting...
  📊 [metric:tokens_used] 44 tokens
  📊 [metric:cost_usd] 0 usd
✓ [completion] Task completed in 0.1s with 44 tokens

═══ Logs (2) ═══
  01:02:28.631 INFO  Execution started {"taskId":"01KQTTGTRGFMNF9RBR2PN2M277","agentId":"agent-1777942948560"}
  01:02:28.681 INFO  Execution completed {"taskId":"01KQTTGTRGFMNF9RBR2PN2M277","success":true,"tokensUsed":44,"cost":0,"duration":50}

═══ Spans (23) ═══
  ✓ execution.run (59.0ms) [e1f7f4e4…]
    ✓ execution.phase.bootstrap (16.3ms) [e1f7f4e4…]
      ✓ phase.bootstrap.metrics (0.0ms) [e1f7f4e4…]
    ✓ execution.phase.strategy-select (1.1ms) [e1f7f4e4…]
      ✓ phase.strategy-select.metrics (0.0ms) [e1f7f4e4…]
    ✓ execution.phase.think (13.2ms) [e1f7f4e4…]
      ✓ phase.think.metrics (0.0ms) [e1f7f4e4…]
    ✓ execution.phase.act (3.4ms) [e1f7f4e4…]
      ✓ phase.act.metrics (0.0ms) [e1f7f4e4…]
    ✓ execution.phase.observe (1.1ms) [e1f7f4e4…]
      ✓ phase.observe.metrics (0.0ms) [e1f7f4e4…]
    ✓ execution.phase.think (3.2ms) [e1f7f4e4…]
      ✓ phase.think.metrics (0.0ms) [e1f7f4e4…]
    ✓ execution.phase.act (1.8ms) [e1f7f4e4…]
      ✓ phase.act.metrics (0.0ms) [e1f7f4e4…]
    ✓ execution.phase.observe (1.2ms) [e1f7f4e4…]
      ✓ phase.observe.metrics (0.0ms) [e1f7f4e4…]
    ✓ execution.phase.think (1.8ms) [e1f7f4e4…]
      ✓ phase.think.metrics (0.0ms) [e1f7f4e4…]
    ✓ execution.phase.memory-flush (3.8ms) [e1f7f4e4…]
      ✓ phase.memory-flush.metrics (0.0ms) [e1f7f4e4…]
    ✓ execution.phase.complete (1.3ms) [e1f7f4e4…]
      ✓ phase.complete.metrics (0.0ms) [e1f7f4e4…]

═══ Metrics Summary ═══
╭ Agent Execution Summary ──────────────────────╮
│ Status:   Success   Duration: 50ms   Steps: 4 │
│ Model:    test-model   (test)   Tokens: 44    │
╰───────────────────────────────────────────────╯

📊 Execution Timeline
├─ ✅  [bootstrap]           16ms
├─ ✅  [strategy-select]      1ms
├─ ✅  [think]               17ms (4 steps, 39% of time)
├─ ✅  [act]                  5ms (2 calls)
├─ ✅  [observe]              2ms
├─ ✅  [memory-flush]         3ms
└─ ✅  [complete]             1ms

🔧 Tool Execution (2 calls across 1 tools)
└─ ⚠️  recall      2 calls, 0ms avg 2 errors

⚠️  Alerts & Insights
└─ ⚠️  recall had 2 error(s) (100% failure rate)
✓ Provider: test | Model: test-model | API key: (not required)
→ [phase:execution] Starting...
  📊 [metric:tokens_used] 46 tokens
  📊 [metric:cost_usd] 0 usd
✓ [completion] Task completed in 0.1s with 46 tokens

═══ Logs (2) ═══
  01:02:28.766 INFO  Execution started {"taskId":"01KQTTGTWR7JGM7V2ZKXCSWYC5","agentId":"agent-1777942948701"}
  01:02:28.829 INFO  Execution completed {"taskId":"01KQTTGTWR7JGM7V2ZKXCSWYC5","success":true,"tokensUsed":46,"cost":0,"duration":64}

═══ Spans (23) ═══
  ✓ execution.run (65.2ms) [e9b6003c…]
    ✓ execution.phase.bootstrap (19.2ms) [e9b6003c…]
      ✓ phase.bootstrap.metrics (0.0ms) [e9b6003c…]
    ✓ execution.phase.strategy-select (1.0ms) [e9b6003c…]
      ✓ phase.strategy-select.metrics (0.0ms) [e9b6003c…]
    ✓ execution.phase.think (13.8ms) [e9b6003c…]
      ✓ phase.think.metrics (0.0ms) [e9b6003c…]
    ✓ execution.phase.act (1.5ms) [e9b6003c…]
      ✓ phase.act.metrics (0.0ms) [e9b6003c…]
    ✓ execution.phase.observe (1.0ms) [e9b6003c…]
      ✓ phase.observe.metrics (0.0ms) [e9b6003c…]
    ✓ execution.phase.think (1.5ms) [e9b6003c…]
      ✓ phase.think.metrics (0.0ms) [e9b6003c…]
    ✓ execution.phase.act (4.1ms) [e9b6003c…]
      ✓ phase.act.metrics (0.0ms) [e9b6003c…]
    ✓ execution.phase.observe (1.9ms) [e9b6003c…]
      ✓ phase.observe.metrics (0.0ms) [e9b6003c…]
    ✓ execution.phase.think (4.5ms) [e9b6003c…]
      ✓ phase.think.metrics (0.0ms) [e9b6003c…]
    ✓ execution.phase.memory-flush (7.2ms) [e9b6003c…]
      ✓ phase.memory-flush.metrics (0.0ms) [e9b6003c…]
    ✓ execution.phase.complete (5.3ms) [e9b6003c…]
      ✓ phase.complete.metrics (0.0ms) [e9b6003c…]

═══ Metrics Summary ═══
╭ Agent Execution Summary ──────────────────────╮
│ Status:   Success   Duration: 64ms   Steps: 4 │
│ Model:    test-model   (test)   Tokens: 46    │
╰───────────────────────────────────────────────╯

📊 Execution Timeline
├─ ✅  [bootstrap]           19ms
├─ ✅  [strategy-select]      1ms
├─ ✅  [think]               19ms (4 steps, 33% of time)
├─ ✅  [act]                  5ms (2 calls)
├─ ✅  [observe]              2ms
├─ ✅  [memory-flush]         7ms
└─ ✅  [complete]             5ms

🔧 Tool Execution (2 calls across 2 tools)
├─ ⚠️  scratchpad-write  1 calls, 0ms avg 1 errors
└─ ⚠️  recall            1 calls, 3ms avg 1 errors

⚠️  Alerts & Insights
├─ ⚠️  scratchpad-write had 1 error(s) (100% failure rate)
└─ ⚠️  recall had 1 error(s) (100% failure rate)
✓ Provider: test | Model: test-model | API key: (not required)
→ [phase:execution] Starting...
  📊 [metric:tokens_used] 27 tokens
  📊 [metric:cost_usd] 0 usd
✓ [completion] Task completed in 0.1s with 27 tokens

═══ Logs (2) ═══
  01:02:28.909 INFO  Execution started {"taskId":"01KQTTGV150RXCGJE6DVRS3Q63","agentId":"agent-1777942948834"}
  01:02:28.954 INFO  Execution completed {"taskId":"01KQTTGV150RXCGJE6DVRS3Q63","success":true,"tokensUsed":27,"cost":0,"duration":46}

═══ Spans (17) ═══
  ✓ execution.run (60.3ms) [d9c4278e…]
    ✓ execution.phase.bootstrap (14.4ms) [d9c4278e…]
      ✓ phase.bootstrap.metrics (0.0ms) [d9c4278e…]
    ✓ execution.phase.strategy-select (2.4ms) [d9c4278e…]
      ✓ phase.strategy-select.metrics (0.0ms) [d9c4278e…]
    ✓ execution.phase.think (17.2ms) [d9c4278e…]
      ✓ phase.think.metrics (0.0ms) [d9c4278e…]
    ✓ execution.phase.act (2.0ms) [d9c4278e…]
      ✓ phase.act.metrics (0.0ms) [d9c4278e…]
    ✓ execution.phase.observe (1.1ms) [d9c4278e…]
      ✓ phase.observe.metrics (0.0ms) [d9c4278e…]
    ✓ execution.phase.think (1.6ms) [d9c4278e…]
      ✓ phase.think.metrics (0.0ms) [d9c4278e…]
    ✓ execution.phase.complete (4.2ms) [d9c4278e…]
      ✓ execution.phase.memory-flush (10.2ms) [d9c4278e…]
        ✓ phase.complete.metrics (0.0ms) [d9c4278e…]
    ✓ phase.memory-flush.metrics (0.0ms) [d9c4278e…]

═══ Metrics Summary ═══
╭ Agent Execution Summary ──────────────────────╮
│ Status:   Success   Duration: 46ms   Steps: 3 │
│ Model:    test-model   (test)   Tokens: 27    │
╰───────────────────────────────────────────────╯

📊 Execution Timeline
├─ ✅  [bootstrap]           13ms
├─ ✅  [strategy-select]      1ms
├─ ✅  [think]               18ms (3 steps, 39% of time)
├─ ✅  [act]                  2ms (1 calls)
├─ ✅  [observe]              1ms
├─ ✅  [memory-flush]        10ms
└─ ✅  [complete]             3ms

🔧 Tool Execution (1 calls across 1 tools)
└─ ⚠️  find        1 calls, 0ms avg 1 errors

⚠️  Alerts & Insights
└─ ⚠️  find had 1 error(s) (100% failure rate)
✓ Provider: test | Model: test-model | API key: (not required)
→ [phase:execution] Starting...
  📊 [metric:tokens_used] 29 tokens
  📊 [metric:cost_usd] 0 usd
✓ [completion] Task completed in 0.0s with 29 tokens

═══ Logs (2) ═══
  01:02:29.037 INFO  Execution started {"taskId":"01KQTTGV58TFC22HVNMY0TF154","agentId":"agent-1777942948975"}
  01:02:29.066 INFO  Execution completed {"taskId":"01KQTTGV58TFC22HVNMY0TF154","success":true,"tokensUsed":29,"cost":0,"duration":29}

═══ Spans (17) ═══
  ✓ execution.run (41.8ms) [04902a07…]
    ✓ execution.phase.bootstrap (1.5ms) [04902a07…]
      ✓ phase.bootstrap.metrics (0.0ms) [04902a07…]
    ✓ execution.phase.strategy-select (0.9ms) [04902a07…]
      ✓ phase.strategy-select.metrics (0.0ms) [04902a07…]
    ✓ execution.phase.think (14.0ms) [04902a07…]
      ✓ phase.think.metrics (0.0ms) [04902a07…]
    ✓ execution.phase.act (2.0ms) [04902a07…]
      ✓ phase.act.metrics (0.0ms) [04902a07…]
    ✓ execution.phase.observe (2.2ms) [04902a07…]
      ✓ phase.observe.metrics (0.0ms) [04902a07…]
    ✓ execution.phase.think (2.1ms) [04902a07…]
      ✓ phase.think.metrics (0.0ms) [04902a07…]
    ✓ execution.phase.complete (2.4ms) [04902a07…]
      ✓ execution.phase.memory-flush (14.4ms) [04902a07…]
        ✓ phase.complete.metrics (0.0ms) [04902a07…]
    ✓ phase.memory-flush.metrics (0.0ms) [04902a07…]

═══ Metrics Summary ═══
╭ Agent Execution Summary ──────────────────────╮
│ Status:   Success   Duration: 29ms   Steps: 3 │
│ Model:    test-model   (test)   Tokens: 29    │
╰───────────────────────────────────────────────╯

📊 Execution Timeline
├─ ✅  [bootstrap]            1ms
├─ ✅  [strategy-select]      1ms
├─ ✅  [think]               15ms (3 steps, 42% of time)
├─ ✅  [act]                  2ms (1 calls)
├─ ✅  [observe]              2ms
├─ ✅  [memory-flush]        14ms
└─ ✅  [complete]             2ms

🔧 Tool Execution (1 calls across 1 tools)
└─ ⚠️  find        1 calls, 0ms avg 1 errors

⚠️  Alerts & Insights
└─ ⚠️  find had 1 error(s) (100% failure rate)
✓ Provider: test | Model: test-model | API key: (not required)
→ [phase:execution] Starting...
  📊 [metric:tokens_used] 25 tokens
  📊 [metric:cost_usd] 0 usd
✓ [completion] Task completed in 0.1s with 25 tokens

═══ Logs (2) ═══
  01:02:29.147 INFO  Execution started {"taskId":"01KQTTGV8P1Q3KWJ1S9E01YSXC","agentId":"agent-1777942949083"}
  01:02:29.198 INFO  Execution completed {"taskId":"01KQTTGV8P1Q3KWJ1S9E01YSXC","success":true,"tokensUsed":25,"cost":0,"duration":51}

═══ Spans (15) ═══
  ✓ execution.run (58.6ms) [c8739c18…]
    ✓ execution.phase.bootstrap (28.5ms) [c8739c18…]
      ✓ phase.bootstrap.metrics (0.0ms) [c8739c18…]
    ✓ execution.phase.strategy-select (0.9ms) [c8739c18…]
      ✓ phase.strategy-select.metrics (0.0ms) [c8739c18…]
    ✓ execution.phase.think (13.3ms) [c8739c18…]
      ✓ phase.think.metrics (0.0ms) [c8739c18…]
    ✓ execution.phase.act (1.4ms) [c8739c18…]
      ✓ phase.act.metrics (0.0ms) [c8739c18…]
    ✓ execution.phase.observe (1.1ms) [c8739c18…]
      ✓ phase.observe.metrics (0.0ms) [c8739c18…]
    ✓ execution.phase.think (1.8ms) [c8739c18…]
      ✓ phase.think.metrics (0.0ms) [c8739c18…]
    ✓ execution.phase.complete (2.6ms) [c8739c18…]
  ✓ phase.complete.metrics (0.0ms) [c8739c18…]

═══ Metrics Summary ═══
╭ Agent Execution Summary ──────────────────────╮
│ Status:   Success   Duration: 51ms   Steps: 3 │
│ Model:    test-model   (test)   Tokens: 25    │
╰───────────────────────────────────────────────╯

📊 Execution Timeline
├─ ✅  [bootstrap]           22ms
├─ ✅  [strategy-select]      1ms
├─ ✅  [think]               14ms (3 steps, 35% of time)
├─ ✅  [act]                  1ms (1 calls)
├─ ✅  [observe]              1ms
└─ ✅  [complete]             2ms

🔧 Tool Execution (1 calls across 1 tools)
└─ ⚠️  brief       1 calls, 1ms avg 1 errors

⚠️  Alerts & Insights
└─ ⚠️  brief had 1 error(s) (100% failure rate)
✓ Provider: test | Model: test-model | API key: (not required)
→ [phase:execution] Starting...
  📊 [metric:tokens_used] 44 tokens
  📊 [metric:cost_usd] 0 usd
✓ [completion] Task completed in 0.1s with 44 tokens

═══ Logs (2) ═══
  01:02:29.271 INFO  Execution started {"taskId":"01KQTTGVCJTRKD5TQTYQ39HR3C","agentId":"agent-1777942949211"}
  01:02:29.332 INFO  Execution completed {"taskId":"01KQTTGVCJTRKD5TQTYQ39HR3C","success":true,"tokensUsed":44,"cost":0,"duration":61}

═══ Spans (23) ═══
  ✓ execution.run (62.2ms) [2fbb37e8…]
    ✓ execution.phase.bootstrap (18.5ms) [2fbb37e8…]
      ✓ phase.bootstrap.metrics (0.0ms) [2fbb37e8…]
    ✓ execution.phase.strategy-select (0.9ms) [2fbb37e8…]
      ✓ phase.strategy-select.metrics (0.0ms) [2fbb37e8…]
    ✓ execution.phase.think (13.4ms) [2fbb37e8…]
      ✓ phase.think.metrics (0.0ms) [2fbb37e8…]
    ✓ execution.phase.act (2.4ms) [2fbb37e8…]
      ✓ phase.act.metrics (0.0ms) [2fbb37e8…]
    ✓ execution.phase.observe (1.6ms) [2fbb37e8…]
      ✓ phase.observe.metrics (0.0ms) [2fbb37e8…]
    ✓ execution.phase.think (2.2ms) [2fbb37e8…]
      ✓ phase.think.metrics (0.0ms) [2fbb37e8…]
    ✓ execution.phase.act (2.1ms) [2fbb37e8…]
      ✓ phase.act.metrics (0.0ms) [2fbb37e8…]
    ✓ execution.phase.observe (1.5ms) [2fbb37e8…]
      ✓ phase.observe.metrics (0.0ms) [2fbb37e8…]
    ✓ execution.phase.think (2.7ms) [2fbb37e8…]
      ✓ phase.think.metrics (0.0ms) [2fbb37e8…]
    ✓ execution.phase.memory-flush (12.3ms) [2fbb37e8…]
      ✓ phase.memory-flush.metrics (0.0ms) [2fbb37e8…]
    ✓ execution.phase.complete (1.4ms) [2fbb37e8…]
      ✓ phase.complete.metrics (0.0ms) [2fbb37e8…]

═══ Metrics Summary ═══
╭ Agent Execution Summary ──────────────────────╮
│ Status:   Success   Duration: 61ms   Steps: 4 │
│ Model:    test-model   (test)   Tokens: 44    │
╰───────────────────────────────────────────────╯

📊 Execution Timeline
├─ ✅  [bootstrap]           17ms
├─ ✅  [strategy-select]      1ms
├─ ✅  [think]               17ms (4 steps, 31% of time)
├─ ✅  [act]                  4ms (2 calls)
├─ ✅  [observe]              2ms
├─ ✅  [memory-flush]        12ms
└─ ✅  [complete]             1ms

🔧 Tool Execution (2 calls across 2 tools)
├─ ⚠️  recall      1 calls, 0ms avg 1 errors
└─ ⚠️  pulse       1 calls, 0ms avg 1 errors

⚠️  Alerts & Insights
├─ ⚠️  recall had 1 error(s) (100% failure rate)
└─ ⚠️  pulse had 1 error(s) (100% failure rate)

packages/runtime/tests/harness-improvements.test.ts:
✓ Provider: test | Model: test-model | API key: (not required)
→ [phase:execution] Starting...
  📊 [metric:tokens_used] 80 tokens
  📊 [metric:cost_usd] 0 usd
✓ [completion] Task completed in 0.0s with 80 tokens
✓ Provider: test | Model: test-model | API key: (not required)
→ [phase:execution] Starting...
  📊 [metric:tokens_used] 80 tokens
  📊 [metric:cost_usd] 0 usd
✓ [completion] Task completed in 0.0s with 80 tokens
✓ Provider: test | Model: test-model | API key: (not required)
→ [phase:execution] Starting...
  📊 [metric:tokens_used] 40 tokens
  📊 [metric:cost_usd] 0 usd
✓ [completion] Task completed in 0.0s with 40 tokens
✓ Provider: test | Model: test-model | API key: (not required)
→ [phase:execution] Starting...
  📊 [metric:tokens_used] 40 tokens
  📊 [metric:cost_usd] 0 usd
✓ [completion] Task completed in 0.0s with 40 tokens
→ [phase:execution] Starting...
  📊 [metric:tokens_used] 40 tokens
  📊 [metric:cost_usd] 0 usd
✓ [completion] Task completed in 0.0s with 40 tokens
✓ Provider: test | Model: test-model | API key: (not required)
✓ Provider: test | Model: test-model | API key: (not required)
→ [phase:execution] Starting...
  📊 [metric:tokens_used] 40 tokens
  📊 [metric:cost_usd] 0 usd
✓ [completion] Task completed in 0.0s with 40 tokens
→ [phase:execution] Starting...
  📊 [metric:tokens_used] 2 tokens
  📊 [metric:cost_usd] 0 usd
✓ [completion] Task completed in 0.0s with 2 tokens

packages/runtime/tests/with-cortex-build.test.ts:
✓ Provider: test | Model: test-model | API key: (not required)
✓ Provider: test | Model: test-model | API key: (not required)
→ [phase:execution] Starting...
  📊 [metric:tokens_used] 2 tokens
  📊 [metric:cost_usd] 0 usd
✓ [completion] Task completed in 0.0s with 2 tokens

═══ Logs (2) ═══
  01:02:29.825 INFO  Execution started {"taskId":"01KQTTGVXWSP8Z3J1C7BDC4WDP","agentId":"cortex-run-smoke-1777942949758"}
  01:02:29.870 INFO  Execution completed {"taskId":"01KQTTGVXWSP8Z3J1C7BDC4WDP","success":true,"tokensUsed":2,"cost":0,"duration":45}

═══ Spans (11) ═══
  ✓ execution.run (49.4ms) [d890e9f6…]
    ✓ execution.phase.bootstrap (25.4ms) [d890e9f6…]
      ✓ phase.bootstrap.metrics (0.0ms) [d890e9f6…]
    ✓ execution.phase.strategy-select (1.2ms) [d890e9f6…]
      ✓ phase.strategy-select.metrics (0.0ms) [d890e9f6…]
    ✓ execution.phase.think (14.3ms) [d890e9f6…]
      ✓ phase.think.metrics (0.0ms) [d890e9f6…]
    ✓ execution.phase.complete (2.6ms) [d890e9f6…]
      ✓ execution.phase.memory-flush (6.1ms) [d890e9f6…]
        ✓ phase.complete.metrics (0.0ms) [d890e9f6…]
    ✓ phase.memory-flush.metrics (0.0ms) [d890e9f6…]

═══ Metrics Summary ═══
╭ Agent Execution Summary ──────────────────────╮
│ Status:   Success   Duration: 45ms   Steps: 2 │
│ Model:    test-model   (test)   Tokens: 2     │
╰───────────────────────────────────────────────╯

📊 Execution Timeline
├─ ✅  [bootstrap]           25ms
├─ ✅  [strategy-select]      1ms
├─ ✅  [think]               14ms (2 steps, 29% of time)
├─ ✅  [memory-flush]         6ms
└─ ✅  [complete]             2ms

packages/runtime/tests/builder-terminal-tools.test.ts:
✓ Provider: test | Model: test-model | API key: (not required)
→ [phase:execution] Starting...
  📊 [metric:tokens_used] 5 tokens
  📊 [metric:cost_usd] 0 usd
✓ [completion] Task completed in 0.0s with 5 tokens

═══ Logs (2) ═══
  01:02:29.947 INFO  Execution started {"taskId":"01KQTTGW1KKMR89QND2BKWBVDP","agentId":"agent-1777942949879"}
  01:02:29.975 INFO  Execution completed {"taskId":"01KQTTGW1KKMR89QND2BKWBVDP","success":true,"tokensUsed":5,"cost":0,"duration":29}

═══ Spans (11) ═══
  ✓ execution.run (37.0ms) [de18f7f3…]
    ✓ execution.phase.bootstrap (10.2ms) [de18f7f3…]
      ✓ phase.bootstrap.metrics (0.0ms) [de18f7f3…]
    ✓ execution.phase.strategy-select (1.8ms) [de18f7f3…]
      ✓ phase.strategy-select.metrics (0.0ms) [de18f7f3…]
    ✓ execution.phase.think (13.1ms) [de18f7f3…]
      ✓ phase.think.metrics (0.0ms) [de18f7f3…]
    ✓ execution.phase.complete (2.6ms) [de18f7f3…]
      ✓ execution.phase.memory-flush (9.6ms) [de18f7f3…]
        ✓ phase.complete.metrics (0.0ms) [de18f7f3…]
    ✓ phase.memory-flush.metrics (0.0ms) [de18f7f3…]

═══ Metrics Summary ═══
╭ Agent Execution Summary ──────────────────────╮
│ Status:   Success   Duration: 29ms   Steps: 2 │
│ Model:    test-model   (test)   Tokens: 5     │
╰───────────────────────────────────────────────╯

📊 Execution Timeline
├─ ✅  [bootstrap]           10ms
├─ ✅  [strategy-select]      1ms
├─ ✅  [think]               13ms (2 steps, 37% of time)
├─ ✅  [memory-flush]         9ms
└─ ✅  [complete]             2ms
✓ Provider: test | Model: test-model | API key: (not required)
✓ Provider: test | Model: test-model | API key: (not required)
✓ Provider: test | Model: test-model | API key: (not required)
→ [phase:execution] Starting...
→ [phase:reactive:kernel] Starting...
  [iter:0:thought]
→ [phase:think] Starting...
✓ [phase:think] 0.0s
  📊 [metric:entropy] 0.15 composite
✓ [phase:reactive:kernel] 0.0s
✓ [completion] Reactive strategy terminated: end_turn
  📊 [metric:tokens_used] 502 tokens
  📊 [metric:cost_usd] 0 usd
✓ [completion] Task completed in 0.1s with 502 tokens

═══ Logs (2) ═══
  01:02:30.206 INFO  Execution started {"taskId":"01KQTTGW9FFJ0JRB5NNY12HCZM","agentId":"agent-1777942950113"}
  01:02:30.317 INFO  Execution completed {"taskId":"01KQTTGW9FFJ0JRB5NNY12HCZM","success":true,"tokensUsed":502,"cost":0,"duration":113}

═══ Spans (9) ═══
  ✓ execution.run (120.3ms) [be8db81b…]
    ✓ execution.phase.bootstrap (14.9ms) [be8db81b…]
      ✓ phase.bootstrap.metrics (0.0ms) [be8db81b…]
    ✓ execution.phase.strategy-select (1.4ms) [be8db81b…]
      ✓ phase.strategy-select.metrics (0.0ms) [be8db81b…]
    ✓ execution.phase.think (9.9ms) [be8db81b…]
      ✓ phase.think.metrics (0.0ms) [be8db81b…]
    ✓ execution.phase.complete (1.3ms) [be8db81b…]
      ✓ phase.complete.metrics (0.0ms) [be8db81b…]

═══ Metrics Summary ═══
╭ Agent Execution Summary ───────────────────────╮
│ Status:   Success   Duration: 113ms   Steps: 1 │
│ Model:    test-model   (test)   Tokens: 502    │
╰────────────────────────────────────────────────╯

📊 Execution Timeline
├─ ✅  [bootstrap]           14ms
├─ ✅  [strategy-select]      1ms
├─ ✅  [think]                9ms (1 steps, 37% of time)
└─ ✅  [complete]             1ms

🧠 Reasoning Signal
├─ Grade: B   Signal: flat   Mean: 0.150   Delta: 0.000
├─ Model stalled — entropy didn't decrease across iterations
├─  iter  0 ███░░░░░░░░░░░░░░░░░ 0.150 →
├─  iter  1 ███░░░░░░░░░░░░░░░░░ 0.150 →
└─  iter  2 ███░░░░░░░░░░░░░░░░░ 0.150 →
✓ Provider: test | Model: test-model | API key: (not required)
→ [phase:execution] Starting...
→ [phase:reactive:kernel] Starting...
  [iter:0:thought]
→ [phase:think] Starting...
✓ [phase:think] 0.0s
  📊 [metric:entropy] 0.15 composite
✓ [phase:reactive:kernel] 0.0s
✓ [completion] Reactive strategy terminated: end_turn
  📊 [metric:tokens_used] 467 tokens
  📊 [metric:cost_usd] 0 usd
✓ [completion] Task completed in 0.3s with 467 tokens

═══ Logs (2) ═══
  01:02:30.437 INFO  Execution started {"taskId":"01KQTTGWGQWJRY8K4H4J73V91X","agentId":"agent-1777942950335"}
  01:02:30.670 INFO  Execution completed {"taskId":"01KQTTGWGQWJRY8K4H4J73V91X","success":true,"tokensUsed":467,"cost":0,"duration":234}

═══ Spans (9) ═══
  ✓ execution.run (261.9ms) [e0ba07b5…]
    ✓ execution.phase.bootstrap (32.0ms) [e0ba07b5…]
      ✓ phase.bootstrap.metrics (0.0ms) [e0ba07b5…]
    ✓ execution.phase.strategy-select (1.5ms) [e0ba07b5…]
      ✓ phase.strategy-select.metrics (0.0ms) [e0ba07b5…]
    ✓ execution.phase.think (92.3ms) [e0ba07b5…]
      ✓ phase.think.metrics (0.0ms) [e0ba07b5…]
    ✓ execution.phase.complete (3.1ms) [e0ba07b5…]
      ✓ phase.complete.metrics (0.0ms) [e0ba07b5…]

═══ Metrics Summary ═══
╭ Agent Execution Summary ───────────────────────╮
│ Status:   Success   Duration: 234ms   Steps: 1 │
│ Model:    test-model   (test)   Tokens: 467    │
╰────────────────────────────────────────────────╯

📊 Execution Timeline
├─ ✅  [bootstrap]           31ms
├─ ✅  [strategy-select]      1ms
├─ ✅  [think]               96ms (1 steps, 74% of time)
└─ ✅  [complete]             1ms

🧠 Reasoning Signal
├─ Grade: B   Signal: flat   Mean: 0.150   Delta: 0.000
├─ Model stalled — entropy didn't decrease across iterations
├─  iter  0 ███░░░░░░░░░░░░░░░░░ 0.150 →
├─  iter  1 ███░░░░░░░░░░░░░░░░░ 0.150 →
└─  iter  2 ███░░░░░░░░░░░░░░░░░ 0.150 →
✓ Provider: test | Model: test-model | API key: (not required)
→ [phase:execution] Starting...
→ [phase:reactive:kernel] Starting...
  [iter:0:thought]
→ [phase:think] Starting...
✓ [phase:think] 0.0s
  📊 [metric:entropy] 0.15 composite
✓ [phase:reactive:kernel] 0.0s
✓ [completion] Reactive strategy terminated: end_turn
  📊 [metric:tokens_used] 467 tokens
  📊 [metric:cost_usd] 0 usd
✓ [completion] Task completed in 0.1s with 467 tokens

═══ Logs (2) ═══
  01:02:30.825 INFO  Execution started {"taskId":"01KQTTGWWA0WZDHDDMAANTWWY1","agentId":"agent-1777942950723"}
  01:02:30.948 INFO  Execution completed {"taskId":"01KQTTGWWA0WZDHDDMAANTWWY1","success":true,"tokensUsed":467,"cost":0,"duration":124}

═══ Spans (9) ═══
  ✓ execution.run (130.7ms) [cbac8c7a…]
    ✓ execution.phase.bootstrap (24.3ms) [cbac8c7a…]
      ✓ phase.bootstrap.metrics (0.0ms) [cbac8c7a…]
    ✓ execution.phase.strategy-select (2.2ms) [cbac8c7a…]
      ✓ phase.strategy-select.metrics (0.0ms) [cbac8c7a…]
    ✓ execution.phase.think (7.7ms) [cbac8c7a…]
      ✓ phase.think.metrics (0.0ms) [cbac8c7a…]
    ✓ execution.phase.complete (1.9ms) [cbac8c7a…]
      ✓ phase.complete.metrics (0.0ms) [cbac8c7a…]

═══ Metrics Summary ═══
╭ Agent Execution Summary ───────────────────────╮
│ Status:   Success   Duration: 124ms   Steps: 1 │
│ Model:    test-model   (test)   Tokens: 467    │
╰────────────────────────────────────────────────╯

📊 Execution Timeline
├─ ✅  [bootstrap]           24ms
├─ ✅  [strategy-select]      2ms
├─ ✅  [think]                7ms (1 steps, 21% of time)
└─ ✅  [complete]             2ms

🧠 Reasoning Signal
├─ Grade: B   Signal: flat   Mean: 0.150   Delta: 0.000
├─ Model stalled — entropy didn't decrease across iterations
├─  iter  0 ███░░░░░░░░░░░░░░░░░ 0.150 →
├─  iter  1 ███░░░░░░░░░░░░░░░░░ 0.150 →
└─  iter  2 ███░░░░░░░░░░░░░░░░░ 0.150 →
✓ Provider: test | Model: test-model | API key: (not required)
→ [phase:execution] Starting...
  📊 [metric:tokens_used] 38 tokens
  📊 [metric:cost_usd] 0 usd
✓ [completion] Task completed in 0.1s with 38 tokens

═══ Logs (2) ═══
  01:02:31.045 INFO  Execution started {"taskId":"01KQTTGX3ZQJ5EKMKSKFNK45VV","agentId":"agent-1777942950965"}
  01:02:31.099 INFO  Execution completed {"taskId":"01KQTTGX3ZQJ5EKMKSKFNK45VV","success":true,"tokensUsed":38,"cost":0,"duration":54}

═══ Spans (17) ═══
  ✓ execution.run (62.6ms) [c13f4639…]
    ✓ execution.phase.bootstrap (4.0ms) [c13f4639…]
      ✓ phase.bootstrap.metrics (0.0ms) [c13f4639…]
    ✓ execution.phase.strategy-select (21.4ms) [c13f4639…]
      ✓ phase.strategy-select.metrics (0.0ms) [c13f4639…]
    ✓ execution.phase.think (15.9ms) [c13f4639…]
      ✓ phase.think.metrics (0.0ms) [c13f4639…]
    ✓ execution.phase.act (2.7ms) [c13f4639…]
      ✓ phase.act.metrics (0.0ms) [c13f4639…]
    ✓ execution.phase.observe (1.3ms) [c13f4639…]
      ✓ phase.observe.metrics (0.0ms) [c13f4639…]
    ✓ execution.phase.think (3.0ms) [c13f4639…]
      ✓ phase.think.metrics (0.0ms) [c13f4639…]
    ✓ execution.phase.complete (3.6ms) [c13f4639…]
      ✓ execution.phase.memory-flush (11.3ms) [c13f4639…]
        ✓ phase.complete.metrics (0.0ms) [c13f4639…]
    ✓ phase.memory-flush.metrics (0.0ms) [c13f4639…]

═══ Metrics Summary ═══
╭ Agent Execution Summary ──────────────────────╮
│ Status:   Success   Duration: 54ms   Steps: 3 │
│ Model:    test-model   (test)   Tokens: 38    │
╰───────────────────────────────────────────────╯

📊 Execution Timeline
├─ ✅  [bootstrap]            3ms
├─ ✅  [strategy-select]     20ms
├─ ✅  [think]               18ms (3 steps, 31% of time)
├─ ✅  [act]                  2ms (1 calls)
├─ ✅  [observe]              1ms
├─ ✅  [memory-flush]        11ms
└─ ✅  [complete]             3ms

🔧 Tool Execution (1 calls across 1 tools)
└─ ✅  shell-execute  1 calls, 1ms avg
✓ Provider: test | Model: test-model | API key: (not required)
→ [phase:execution] Starting...
→ [phase:reactive:kernel] Starting...
  [iter:0:thought]
→ [phase:think] Starting...
✓ [phase:think] 0.0s
  📊 [metric:entropy] 0.15 composite
✓ [phase:reactive:kernel] 0.0s
✓ [completion] Reactive strategy terminated: end_turn
  📊 [metric:tokens_used] 497 tokens
  📊 [metric:cost_usd] 0 usd
✓ [completion] Task completed in 0.1s with 497 tokens

═══ Logs (2) ═══
  01:02:31.190 INFO  Execution started {"taskId":"01KQTTGX8DSTKC9G1BYGM6EVNJ","agentId":"agent-1777942951112"}
  01:02:31.283 INFO  Execution completed {"taskId":"01KQTTGX8DSTKC9G1BYGM6EVNJ","success":true,"tokensUsed":497,"cost":0,"duration":93}

═══ Spans (9) ═══
  ✓ execution.run (95.4ms) [b9896ee3…]
    ✓ execution.phase.bootstrap (1.8ms) [b9896ee3…]
      ✓ phase.bootstrap.metrics (0.0ms) [b9896ee3…]
    ✓ execution.phase.strategy-select (0.8ms) [b9896ee3…]
      ✓ phase.strategy-select.metrics (0.0ms) [b9896ee3…]
    ✓ execution.phase.think (11.8ms) [b9896ee3…]
      ✓ phase.think.metrics (0.0ms) [b9896ee3…]
    ✓ execution.phase.complete (1.2ms) [b9896ee3…]
      ✓ phase.complete.metrics (0.0ms) [b9896ee3…]

═══ Metrics Summary ═══
╭ Agent Execution Summary ──────────────────────╮
│ Status:   Success   Duration: 93ms   Steps: 1 │
│ Model:    test-model   (test)   Tokens: 497   │
╰───────────────────────────────────────────────╯

📊 Execution Timeline
├─ ✅  [bootstrap]            1ms
├─ ✅  [strategy-select]      1ms
├─ ✅  [think]               11ms (1 steps, 80% of time)
└─ ✅  [complete]             1ms

🧠 Reasoning Signal
├─ Grade: B   Signal: flat   Mean: 0.150   Delta: 0.000
├─ Model stalled — entropy didn't decrease across iterations
├─  iter  0 ███░░░░░░░░░░░░░░░░░ 0.150 →
├─  iter  1 ███░░░░░░░░░░░░░░░░░ 0.150 →
└─  iter  2 ███░░░░░░░░░░░░░░░░░ 0.150 →

packages/runtime/tests/max-iterations-enforcement.test.ts:
→ [phase:execution] Starting...
✗ [error] Task task-1777942951319 exceeded max iterations (1)
→ [phase:execution] Starting...
✗ [error] Task task-1777942951323 exceeded max iterations (3)
→ [phase:execution] Starting...
✗ [error] Task task-1777942951325 exceeded max iterations (2)
→ [phase:execution] Starting...
✗ [error] Task task-1777942951328 exceeded max iterations (2)
✓ Provider: test | Model: test-model | API key: (not required)
→ [phase:execution] Starting...
→ [phase:execution] Starting...
  📊 [metric:tokens_used] 70 tokens
  📊 [metric:cost_usd] 0 usd
✓ [completion] Task completed in 0.0s with 70 tokens

packages/runtime/tests/spawn-agents.test.ts:
✓ Provider: test | Model: test-model | API key: (not required)
✓ Provider: test | Model: test-model | API key: (not required)
→ [phase:reactive:kernel] Starting...
  [iter:0:thought]
→ [phase:think] Starting...
✓ [phase:think] 0.0s
  📊 [metric:entropy] 0.15 composite
  [iter:1:thought]
→ [phase:think] Starting...
✓ [phase:think] 0.0s
  📊 [metric:entropy] 0.15 composite
✓ [phase:reactive:kernel] 0.0s
✓ [completion] Reactive strategy terminated: final_answer

packages/runtime/tests/parallel-tool-batching.test.ts:
  📊 [metric:tokens_used] 348 tokens
  📊 [metric:cost_usd] 0 usd
✓ [completion] Task completed in 0.2s with 348 tokens

═══ Logs (2) ═══
  01:02:31.431 INFO  Execution started {"taskId":"01KQTTGXFXBG052BVN8488AJ6N","agentId":"ic2-behavioral-1777942951329"}
  01:02:31.641 INFO  Execution completed {"taskId":"01KQTTGXFXBG052BVN8488AJ6N","success":true,"tokensUsed":348,"cost":0,"duration":210}

═══ Spans (9) ═══
  ✓ execution.run (216.0ms) [42301c5f…]
    ✓ execution.phase.bootstrap (6.9ms) [42301c5f…]
      ✓ phase.bootstrap.metrics (0.0ms) [42301c5f…]
    ✓ execution.phase.strategy-select (4.4ms) [42301c5f…]
      ✓ phase.strategy-select.metrics (0.0ms) [42301c5f…]
    ✓ execution.phase.think (16.1ms) [42301c5f…]
      ✓ phase.think.metrics (0.0ms) [42301c5f…]
    ✓ execution.phase.complete (25.0ms) [42301c5f…]
  ✓ phase.complete.metrics (0.0ms) [42301c5f…]

═══ Metrics Summary ═══
╭ Agent Execution Summary ───────────────────────╮
│ Status:   Success   Duration: 210ms   Steps: 2 │
│ Model:    test-model   (test)   Tokens: 348    │
╰────────────────────────────────────────────────╯

📊 Execution Timeline
├─ ✅  [bootstrap]            6ms
├─ ✅  [strategy-select]      4ms
├─ ✅  [think]               15ms (2 steps, 31% of time)
└─ ✅  [complete]            24ms

🧠 Reasoning Signal
├─ Grade: B   Signal: flat   Mean: 0.150   Delta: 0.000
├─ Model stalled — entropy didn't decrease across iterations
├─  iter  0 ███░░░░░░░░░░░░░░░░░ 0.150 →
└─  iter  1 ███░░░░░░░░░░░░░░░░░ 0.150 →

packages/runtime/tests/abort-signal.test.ts:
✓ Provider: test | Model: test-model | API key: (not required)
→ [phase:execution] Starting...
✓ Provider: test | Model: test-model | API key: (not required)
→ [phase:execution] Starting...
✓ Provider: test | Model: test-model | API key: (not required)
✓ Provider: test | Model: test-model | API key: (not required)
→ [phase:execution] Starting...
  📊 [metric:tokens_used] 3 tokens
  📊 [metric:cost_usd] 0 usd
✓ [completion] Task completed in 0.0s with 3 tokens

═══ Logs (2) ═══
  01:02:32.000 INFO  Execution started {"taskId":"01KQTTGY1V4GGS9ZHBWJDVFKBY","agentId":"abort-nosignal-1777942951927"}
  01:02:32.027 INFO  Execution completed {"taskId":"01KQTTGY1V4GGS9ZHBWJDVFKBY","success":true,"tokensUsed":3,"cost":0,"duration":28}

═══ Spans (11) ═══
  ✓ execution.run (33.0ms) [d118da1a…]
    ✓ execution.phase.bootstrap (2.7ms) [d118da1a…]
      ✓ phase.bootstrap.metrics (0.0ms) [d118da1a…]
    ✓ execution.phase.strategy-select (1.6ms) [d118da1a…]
      ✓ phase.strategy-select.metrics (0.0ms) [d118da1a…]
    ✓ execution.phase.think (16.9ms) [d118da1a…]
      ✓ phase.think.metrics (0.0ms) [d118da1a…]
    ✓ execution.phase.complete (4.1ms) [d118da1a…]
      ✓ execution.phase.memory-flush (7.7ms) [d118da1a…]
        ✓ phase.complete.metrics (0.0ms) [d118da1a…]
    ✓ phase.memory-flush.metrics (0.0ms) [d118da1a…]

═══ Metrics Summary ═══
╭ Agent Execution Summary ──────────────────────╮
│ Status:   Success   Duration: 28ms   Steps: 2 │
│ Model:    test-model   (test)   Tokens: 3     │
╰───────────────────────────────────────────────╯

📊 Execution Timeline
├─ ✅  [bootstrap]            2ms
├─ ✅  [strategy-select]      1ms
├─ ✅  [think]               16ms (2 steps, 53% of time)
├─ ✅  [memory-flush]         7ms
└─ ✅  [complete]             4ms

packages/runtime/tests/metadata-llm-calls.test.ts:
✓ Provider: test | Model: test-model | API key: (not required)
→ [phase:execution] Starting...
  📊 [metric:tokens_used] 3 tokens
  📊 [metric:cost_usd] 0 usd
✓ [completion] Task completed in 0.0s with 3 tokens

═══ Logs (2) ═══
  01:02:32.126 INFO  Execution started {"taskId":"01KQTTGY5SM1Q5CEH3ETASCAEW","agentId":"agent-1777942952058"}
  01:02:32.144 INFO  Execution completed {"taskId":"01KQTTGY5SM1Q5CEH3ETASCAEW","success":true,"tokensUsed":3,"cost":0,"duration":19}

═══ Spans (11) ═══
  ✓ execution.run (20.4ms) [eed04cb0…]
    ✓ execution.phase.bootstrap (1.4ms) [eed04cb0…]
      ✓ phase.bootstrap.metrics (0.0ms) [eed04cb0…]
    ✓ execution.phase.strategy-select (0.9ms) [eed04cb0…]
      ✓ phase.strategy-select.metrics (0.0ms) [eed04cb0…]
    ✓ execution.phase.think (13.7ms) [eed04cb0…]
      ✓ phase.think.metrics (0.0ms) [eed04cb0…]
    ✓ execution.phase.complete (1.4ms) [eed04cb0…]
      ✓ execution.phase.memory-flush (2.6ms) [eed04cb0…]
        ✓ phase.complete.metrics (0.0ms) [eed04cb0…]
    ✓ phase.memory-flush.metrics (0.0ms) [eed04cb0…]

═══ Metrics Summary ═══
╭ Agent Execution Summary ──────────────────────╮
│ Status:   Success   Duration: 19ms   Steps: 2 │
│ Model:    test-model   (test)   Tokens: 3     │
╰───────────────────────────────────────────────╯

📊 Execution Timeline
├─ ✅  [bootstrap]            1ms
├─ ✅  [strategy-select]      1ms
├─ ✅  [think]               13ms (2 steps, 72% of time)
├─ ✅  [memory-flush]         2ms
└─ ✅  [complete]             1ms
✓ Provider: test | Model: test-model | API key: (not required)
→ [phase:execution] Starting...
  📊 [metric:tokens_used] 3 tokens
  📊 [metric:cost_usd] 0 usd
✓ [completion] Task completed in 0.4s with 3 tokens

═══ Logs (2) ═══
  01:02:31.858 INFO  Execution started {"taskId":"01KQTTGXXD1Q3BZQ720DXT9PC2","agentId":"abort-acq-test-1777942951794"}
  01:02:32.233 INFO  Execution completed {"taskId":"01KQTTGXXD1Q3BZQ720DXT9PC2","success":true,"tokensUsed":3,"cost":0,"duration":375}

═══ Spans (11) ═══
  ✓ execution.run (376.8ms) [bbe969f4…]
    ✓ execution.phase.bootstrap (9.2ms) [bbe969f4…]
      ✓ phase.bootstrap.metrics (0.0ms) [bbe969f4…]
    ✓ execution.phase.strategy-select (1.5ms) [bbe969f4…]
      ✓ phase.strategy-select.metrics (0.0ms) [bbe969f4…]
    ✓ execution.phase.think (359.9ms) [bbe969f4…]
      ✓ phase.think.metrics (0.0ms) [bbe969f4…]
    ✓ execution.phase.complete (3.2ms) [bbe969f4…]
      ✓ execution.phase.memory-flush (3.9ms) [bbe969f4…]
        ✓ phase.complete.metrics (0.0ms) [bbe969f4…]
    ✓ phase.memory-flush.metrics (0.0ms) [bbe969f4…]

═══ Metrics Summary ═══
╭ Agent Execution Summary ───────────────────────╮
│ Status:   Success   Duration: 375ms   Steps: 2 │
│ Model:    test-model   (test)   Tokens: 3      │
╰────────────────────────────────────────────────╯

📊 Execution Timeline
├─ ✅  [bootstrap]            9ms
├─ ✅  [strategy-select]      1ms
├─ ✅  [think]              359ms (2 steps, 96% of time)
├─ ✅  [memory-flush]         3ms
└─ ✅  [complete]             2ms
  📊 [metric:tokens_used] 5 tokens
  📊 [metric:cost_usd] 0 usd
✓ [completion] Task completed in 0.5s with 5 tokens

═══ Logs (2) ═══
  01:02:31.736 INFO  Execution started {"taskId":"01KQTTGXSJQ45NXY23A18ZYMTM","agentId":"abort-fiber-test-1777942951667"}
  01:02:32.268 INFO  Execution completed {"taskId":"01KQTTGXSJQ45NXY23A18ZYMTM","success":true,"tokensUsed":5,"cost":0,"duration":533}

═══ Spans (11) ═══
  ✓ execution.run (533.6ms) [ff4cf338…]
    ✓ execution.phase.bootstrap (7.6ms) [ff4cf338…]
      ✓ phase.bootstrap.metrics (0.0ms) [ff4cf338…]
    ✓ execution.phase.strategy-select (1.2ms) [ff4cf338…]
      ✓ phase.strategy-select.metrics (0.0ms) [ff4cf338…]
    ✓ execution.phase.think (520.0ms) [ff4cf338…]
      ✓ phase.think.metrics (0.0ms) [ff4cf338…]
    ✓ execution.phase.complete (2.1ms) [ff4cf338…]
      ✓ execution.phase.memory-flush (2.6ms) [ff4cf338…]
        ✓ phase.complete.metrics (0.0ms) [ff4cf338…]
    ✓ phase.memory-flush.metrics (0.0ms) [ff4cf338…]

═══ Metrics Summary ═══
╭ Agent Execution Summary ───────────────────────╮
│ Status:   Success   Duration: 533ms   Steps: 2 │
│ Model:    test-model   (test)   Tokens: 5      │
╰────────────────────────────────────────────────╯

📊 Execution Timeline
├─ ✅  [bootstrap]            7ms
├─ ✅  [strategy-select]      1ms
├─ ✅  [think]              520ms (2 steps, 98% of time)
├─ ✅  [memory-flush]         2ms
└─ ✅  [complete]             1ms
→ [phase:reactive:kernel] Starting...
  [iter:0:thought]
→ [phase:think] Starting...
✓ [phase:think] 0.0s
  📊 [metric:entropy] 0.15 composite
✓ [phase:reactive:kernel] 0.0s
✓ [completion] Reactive strategy terminated: end_turn
  📊 [metric:tokens_used] 92 tokens
  📊 [metric:cost_usd] 0 usd
✓ [completion] Task completed in 0.1s with 92 tokens

═══ Logs (2) ═══
  01:02:32.222 INFO  Execution started {"taskId":"01KQTTGY8PN8JSYDTY9035YDXN","agentId":"agent-1777942952150"}
  01:02:32.318 INFO  Execution completed {"taskId":"01KQTTGY8PN8JSYDTY9035YDXN","success":true,"tokensUsed":92,"cost":0,"duration":96}

═══ Spans (9) ═══
  ✓ execution.run (101.6ms) [68dad5cc…]
    ✓ execution.phase.bootstrap (2.0ms) [68dad5cc…]
      ✓ phase.bootstrap.metrics (0.0ms) [68dad5cc…]
    ✓ execution.phase.strategy-select (1.9ms) [68dad5cc…]
      ✓ phase.strategy-select.metrics (0.0ms) [68dad5cc…]
    ✓ execution.phase.think (6.0ms) [68dad5cc…]
      ✓ phase.think.metrics (0.0ms) [68dad5cc…]
    ✓ execution.phase.complete (1.0ms) [68dad5cc…]
      ✓ phase.complete.metrics (0.0ms) [68dad5cc…]

═══ Metrics Summary ═══
╭ Agent Execution Summary ──────────────────────╮
│ Status:   Success   Duration: 96ms   Steps: 1 │
│ Model:    test-model   (test)   Tokens: 92    │
╰───────────────────────────────────────────────╯

📊 Execution Timeline
├─ ✅  [bootstrap]            2ms
├─ ✅  [strategy-select]      1ms
├─ ✅  [think]                6ms (1 steps, 61% of time)
└─ ✅  [complete]             1ms

🧠 Reasoning Signal
├─ Grade: B   Signal: flat   Mean: 0.150   Delta: 0.000
├─ Model stalled — entropy didn't decrease across iterations
├─  iter  0 ███░░░░░░░░░░░░░░░░░ 0.150 →
└─  iter  1 ███░░░░░░░░░░░░░░░░░ 0.150 →

packages/runtime/tests/builder-tracing.test.ts:
✓ Provider: test | Model: test-model | API key: (not required)
→ [phase:execution] Starting...
  📊 [metric:tokens_used] 2 tokens
  📊 [metric:cost_usd] 0 usd
✓ [completion] Task completed in 0.0s with 2 tokens

═══ Logs (2) ═══
  01:02:32.386 INFO  Execution started {"taskId":"01KQTTGYDY8R05JGQJDZRAKSK3","agentId":"agent-1777942952329"}
  01:02:32.422 INFO  Execution completed {"taskId":"01KQTTGYDY8R05JGQJDZRAKSK3","success":true,"tokensUsed":2,"cost":0,"duration":36}

═══ Spans (11) ═══
  ✓ execution.run (40.9ms) [aaec2063…]
    ✓ execution.phase.bootstrap (16.2ms) [aaec2063…]
      ✓ phase.bootstrap.metrics (0.0ms) [aaec2063…]
    ✓ execution.phase.strategy-select (1.0ms) [aaec2063…]
      ✓ phase.strategy-select.metrics (0.0ms) [aaec2063…]
    ✓ execution.phase.think (16.1ms) [aaec2063…]
      ✓ phase.think.metrics (0.0ms) [aaec2063…]
    ✓ execution.phase.complete (1.6ms) [aaec2063…]
      ✓ execution.phase.memory-flush (5.8ms) [aaec2063…]
        ✓ phase.complete.metrics (0.0ms) [aaec2063…]
    ✓ phase.memory-flush.metrics (0.0ms) [aaec2063…]

═══ Metrics Summary ═══
╭ Agent Execution Summary ──────────────────────╮
│ Status:   Success   Duration: 36ms   Steps: 2 │
│ Model:    test-model   (test)   Tokens: 2     │
╰───────────────────────────────────────────────╯

📊 Execution Timeline
├─ ✅  [bootstrap]           16ms
├─ ✅  [strategy-select]      1ms
├─ ✅  [think]               16ms (2 steps, 40% of time)
├─ ✅  [memory-flush]         6ms
└─ ✅  [complete]             1ms

packages/runtime/tests/foundation-integration.test.ts:
→ [phase:execution] Starting...
  📊 [metric:tokens_used] 42 tokens
  📊 [metric:cost_usd] 0.00042 usd
✓ [completion] Task completed in 0.0s with 42 tokens
→ [phase:execution] Starting...
  📊 [metric:tokens_used] 50 tokens
  📊 [metric:cost_usd] 0.003 usd
✓ [completion] Task completed in 0.0s with 50 tokens
→ [phase:execution] Starting...
  📊 [metric:tokens_used] 10 tokens
  📊 [metric:cost_usd] 0 usd
✓ [completion] Task completed in 0.0s with 10 tokens
→ [phase:execution] Starting...
  📊 [metric:tokens_used] 30 tokens
  📊 [metric:cost_usd] 0.00030000000000000003 usd
✓ [completion] Task completed in 0.0s with 30 tokens
→ [phase:execution] Starting...
  📊 [metric:tokens_used] 30 tokens
  📊 [metric:cost_usd] 0.00030000000000000003 usd
✓ [completion] Task completed in 0.0s with 30 tokens
→ [phase:execution] Starting...
✗ [error] Input guardrail check failed: injection: Injection detected
→ [phase:execution] Starting...
  📊 [metric:tokens_used] 30 tokens
  📊 [metric:cost_usd] 0.00030000000000000003 usd
✓ [completion] Task completed in 0.0s with 30 tokens
→ [phase:execution] Starting...
  📊 [metric:tokens_used] 30 tokens
  📊 [metric:cost_usd] 0.00030000000000000003 usd
✓ [completion] Task completed in 0.0s with 30 tokens
→ [phase:execution] Starting...
  📊 [metric:tokens_used] 40 tokens
  📊 [metric:cost_usd] 0 usd
✓ [completion] Task completed in 0.0s with 40 tokens

packages/runtime/tests/behavioral-contract-enforcement.test.ts:
✓ Provider: test | Model: test-model | API key: (not required)
→ [phase:execution] Starting...
  📊 [metric:tokens_used] 8 tokens
  📊 [metric:cost_usd] 0 usd
✓ [completion] Task completed in 0.0s with 8 tokens

═══ Logs (2) ═══
  01:02:32.620 INFO  Execution started {"taskId":"01KQTTGYN8G5ZEB01P6022WN0D","agentId":"no-contract-agent-1777942952563"}
  01:02:32.650 INFO  Execution completed {"taskId":"01KQTTGYN8G5ZEB01P6022WN0D","success":true,"tokensUsed":8,"cost":0,"duration":30}

═══ Spans (11) ═══
  ✓ execution.run (32.5ms) [dbe3df55…]
    ✓ execution.phase.bootstrap (13.5ms) [dbe3df55…]
      ✓ phase.bootstrap.metrics (0.0ms) [dbe3df55…]
    ✓ execution.phase.strategy-select (0.9ms) [dbe3df55…]
      ✓ phase.strategy-select.metrics (0.0ms) [dbe3df55…]
    ✓ execution.phase.think (12.8ms) [dbe3df55…]
      ✓ phase.think.metrics (0.0ms) [dbe3df55…]
    ✓ execution.phase.complete (1.4ms) [dbe3df55…]
      ✓ execution.phase.memory-flush (3.2ms) [dbe3df55…]
        ✓ phase.complete.metrics (0.0ms) [dbe3df55…]
    ✓ phase.memory-flush.metrics (0.0ms) [dbe3df55…]

═══ Metrics Summary ═══
╭ Agent Execution Summary ──────────────────────╮
│ Status:   Success   Duration: 30ms   Steps: 2 │
│ Model:    test-model   (test)   Tokens: 8     │
╰───────────────────────────────────────────────╯

📊 Execution Timeline
├─ ✅  [bootstrap]           13ms
├─ ✅  [strategy-select]      1ms
├─ ✅  [think]               12ms (2 steps, 41% of time)
├─ ✅  [memory-flush]         3ms
└─ ✅  [complete]             1ms
→ [phase:execution] Starting...
✗ [error] Tool "file-write" is not allowed by behavioral contract
→ [phase:execution] Starting...
✗ [error] Tool call limit reached (0)
→ [phase:execution] Starting...
✗ [error] Iteration 2 exceeds contract limit of 1

packages/runtime/tests/budget-enforcement.test.ts:
→ [phase:execution] Starting...
✗ [error] Daily spend $26.00 exceeds limit $25.00
→ [phase:execution] Starting...
  📊 [metric:tokens_used] 30 tokens
  📊 [metric:cost_usd] 0.001 usd
✓ [completion] Task completed in 0.0s with 30 tokens
→ [phase:execution] Starting...
  📊 [metric:tokens_used] 30 tokens
  📊 [metric:cost_usd] 0.001 usd
✓ [completion] Task completed in 0.0s with 30 tokens
→ [phase:execution] Starting...
  📊 [metric:tokens_used] 0 tokens
  📊 [metric:cost_usd] 0 usd
✓ [completion] Task completed in 0.0s with 0 tokens

packages/runtime/tests/debrief-integration.test.ts:
✓ Provider: test | Model: test-model | API key: (not required)
→ [phase:execution] Starting...
→ [phase:reactive:kernel] Starting...
  [iter:0:thought]
→ [phase:think] Starting...
✓ [phase:think] 0.0s
  📊 [metric:entropy] 0.15 composite
  [iter:1:thought]
→ [phase:think] Starting...
✓ [phase:think] 0.0s
  📊 [metric:entropy] 0.15 composite
  [iter:2:thought]
→ [phase:think] Starting...
✓ [phase:think] 0.0s
✓ [phase:reactive:kernel] 0.0s
✓ [completion] Reactive strategy terminated: final_answer
  📊 [metric:tokens_used] 326 tokens
  📊 [metric:cost_usd] 0 usd
✓ [completion] Task completed in 0.1s with 326 tokens

═══ Logs (2) ═══
  01:02:32.733 INFO  Execution started {"taskId":"01KQTTGYRRSTCB8VSDRYE7MQS7","agentId":"debrief-integration-test-1777942952672"}
  01:02:32.823 INFO  Execution completed {"taskId":"01KQTTGYRRSTCB8VSDRYE7MQS7","success":true,"tokensUsed":326,"cost":0,"duration":91}

═══ Spans (11) ═══
  ✓ execution.run (98.2ms) [9ff1680a…]
    ✓ execution.phase.bootstrap (2.3ms) [9ff1680a…]
      ✓ phase.bootstrap.metrics (0.0ms) [9ff1680a…]
    ✓ execution.phase.strategy-select (0.9ms) [9ff1680a…]
      ✓ phase.strategy-select.metrics (0.0ms) [9ff1680a…]
    ✓ execution.phase.think (11.6ms) [9ff1680a…]
      ✓ phase.think.metrics (0.0ms) [9ff1680a…]
    ✓ execution.phase.complete (15.7ms) [9ff1680a…]
      ✓ execution.phase.memory-flush (18.5ms) [9ff1680a…]
        ✓ phase.complete.metrics (0.0ms) [9ff1680a…]
    ✓ phase.memory-flush.metrics (0.0ms) [9ff1680a…]

═══ Metrics Summary ═══
╭ Agent Execution Summary ──────────────────────╮
│ Status:   Success   Duration: 91ms   Steps: 3 │
│ Model:    test-model   (test)   Tokens: 326   │
╰───────────────────────────────────────────────╯

📊 Execution Timeline
├─ ✅  [bootstrap]            2ms
├─ ✅  [strategy-select]      1ms
├─ ✅  [think]               11ms (3 steps, 24% of time)
├─ ✅  [memory-flush]        18ms
└─ ✅  [complete]            15ms

🧠 Reasoning Signal
├─ Grade: B   Signal: flat   Mean: 0.150   Delta: 0.000
├─ Model stalled — entropy didn't decrease across iterations
├─  iter  0 ███░░░░░░░░░░░░░░░░░ 0.150 →
└─  iter  1 ███░░░░░░░░░░░░░░░░░ 0.150 →
✓ Provider: test | Model: test-model | API key: (not required)
→ [phase:execution] Starting...
→ [phase:reactive:kernel] Starting...
  [iter:0:thought]
→ [phase:think] Starting...
✓ [phase:think] 0.0s
  📊 [metric:entropy] 0.15 composite
  [iter:1:thought]
→ [phase:think] Starting...
✓ [phase:think] 0.0s
  📊 [metric:entropy] 0.15 composite
  [iter:2:thought]
→ [phase:think] Starting...
✓ [phase:think] 0.0s
✓ [phase:reactive:kernel] 0.0s
✓ [completion] Reactive strategy terminated: final_answer
  📊 [metric:tokens_used] 315 tokens
  📊 [metric:cost_usd] 0 usd
✓ [completion] Task completed in 0.1s with 315 tokens

═══ Logs (2) ═══
  01:02:32.846 INFO  Execution started {"taskId":"01KQTTGYWAVWPHQ4BZHHZ9SVAN","agentId":"debrief-memory-test-1777942952834"}
  01:02:32.936 INFO  Execution completed {"taskId":"01KQTTGYWAVWPHQ4BZHHZ9SVAN","success":true,"tokensUsed":315,"cost":0,"duration":90}

═══ Spans (11) ═══
  ✓ execution.run (93.7ms) [1a25f183…]
    ✓ execution.phase.bootstrap (16.9ms) [1a25f183…]
      ✓ phase.bootstrap.metrics (0.0ms) [1a25f183…]
    ✓ execution.phase.strategy-select (1.0ms) [1a25f183…]
      ✓ phase.strategy-select.metrics (0.0ms) [1a25f183…]
    ✓ execution.phase.think (9.3ms) [1a25f183…]
      ✓ phase.think.metrics (0.0ms) [1a25f183…]
    ✓ execution.phase.complete (2.0ms) [1a25f183…]
      ✓ execution.phase.memory-flush (5.5ms) [1a25f183…]
        ✓ phase.complete.metrics (0.0ms) [1a25f183…]
    ✓ phase.memory-flush.metrics (0.0ms) [1a25f183…]

═══ Metrics Summary ═══
╭ Agent Execution Summary ──────────────────────╮
│ Status:   Success   Duration: 90ms   Steps: 3 │
│ Model:    test-model   (test)   Tokens: 315   │
╰───────────────────────────────────────────────╯

📊 Execution Timeline
├─ ✅  [bootstrap]           17ms
├─ ✅  [strategy-select]      1ms
├─ ✅  [think]                9ms (3 steps, 27% of time)
├─ ✅  [memory-flush]         5ms
└─ ✅  [complete]             2ms

🧠 Reasoning Signal
├─ Grade: B   Signal: flat   Mean: 0.150   Delta: 0.000
├─ Model stalled — entropy didn't decrease across iterations
├─  iter  0 ███░░░░░░░░░░░░░░░░░ 0.150 →
└─  iter  1 ███░░░░░░░░░░░░░░░░░ 0.150 →
✓ Provider: test | Model: test-model | API key: (not required)
→ [phase:execution] Starting...
→ [phase:reactive:kernel] Starting...
  [iter:0:thought]
→ [phase:think] Starting...
✓ [phase:think] 0.0s
  📊 [metric:entropy] 0.15 composite
  [iter:1:thought]
→ [phase:think] Starting...
✓ [phase:think] 0.0s
  📊 [metric:entropy] 0.15 composite
  [iter:2:thought]
→ [phase:think] Starting...
✓ [phase:think] 0.0s
✓ [phase:reactive:kernel] 0.0s
✓ [completion] Reactive strategy terminated: final_answer
  📊 [metric:tokens_used] 324 tokens
  📊 [metric:cost_usd] 0 usd
✓ [completion] Task completed in 0.1s with 324 tokens

═══ Logs (2) ═══
  01:02:33.006 INFO  Execution started {"taskId":"01KQTTGZ1A072ZB8FM004764FV","agentId":"no-memory-agent-1777942952943"}
  01:02:33.106 INFO  Execution completed {"taskId":"01KQTTGZ1A072ZB8FM004764FV","success":true,"tokensUsed":324,"cost":0,"duration":100}

═══ Spans (11) ═══
  ✓ execution.run (105.2ms) [772a04b6…]
    ✓ execution.phase.bootstrap (2.4ms) [772a04b6…]
      ✓ phase.bootstrap.metrics (0.0ms) [772a04b6…]
    ✓ execution.phase.strategy-select (1.7ms) [772a04b6…]
      ✓ phase.strategy-select.metrics (0.0ms) [772a04b6…]
    ✓ execution.phase.think (11.2ms) [772a04b6…]
      ✓ phase.think.metrics (0.0ms) [772a04b6…]
    ✓ execution.phase.complete (14.6ms) [772a04b6…]
      ✓ execution.phase.memory-flush (19.0ms) [772a04b6…]
        ✓ phase.complete.metrics (0.0ms) [772a04b6…]
    ✓ phase.memory-flush.metrics (0.0ms) [772a04b6…]

═══ Metrics Summary ═══
╭ Agent Execution Summary ───────────────────────╮
│ Status:   Success   Duration: 100ms   Steps: 3 │
│ Model:    test-model   (test)   Tokens: 324    │
╰────────────────────────────────────────────────╯

📊 Execution Timeline
├─ ✅  [bootstrap]            2ms
├─ ✅  [strategy-select]      1ms
├─ ✅  [think]               11ms (3 steps, 23% of time)
├─ ✅  [memory-flush]        19ms
└─ ✅  [complete]            14ms

🧠 Reasoning Signal
├─ Grade: B   Signal: flat   Mean: 0.150   Delta: 0.000
├─ Model stalled — entropy didn't decrease across iterations
├─  iter  0 ███░░░░░░░░░░░░░░░░░ 0.150 →
└─  iter  1 ███░░░░░░░░░░░░░░░░░ 0.150 →
✓ Provider: test | Model: test-model | API key: (not required)
→ [phase:execution] Starting...
  📊 [metric:tokens_used] 3 tokens
  📊 [metric:cost_usd] 0 usd
✓ [completion] Task completed in 0.0s with 3 tokens

═══ Logs (2) ═══
  01:02:33.171 INFO  Execution started {"taskId":"01KQTTGZ6EZ5S0DYS6C5N2X011","agentId":"type-check-agent-1777942953115"}
  01:02:33.211 INFO  Execution completed {"taskId":"01KQTTGZ6EZ5S0DYS6C5N2X011","success":true,"tokensUsed":3,"cost":0,"duration":41}

═══ Spans (11) ═══
  ✓ execution.run (47.9ms) [6140fb5e…]
    ✓ execution.phase.bootstrap (7.5ms) [6140fb5e…]
      ✓ phase.bootstrap.metrics (0.0ms) [6140fb5e…]
    ✓ execution.phase.strategy-select (1.1ms) [6140fb5e…]
      ✓ phase.strategy-select.metrics (0.0ms) [6140fb5e…]
    ✓ execution.phase.think (28.6ms) [6140fb5e…]
      ✓ phase.think.metrics (0.0ms) [6140fb5e…]
    ✓ execution.phase.complete (2.3ms) [6140fb5e…]
      ✓ execution.phase.memory-flush (8.7ms) [6140fb5e…]
        ✓ phase.complete.metrics (0.0ms) [6140fb5e…]
    ✓ phase.memory-flush.metrics (0.0ms) [6140fb5e…]

═══ Metrics Summary ═══
╭ Agent Execution Summary ──────────────────────╮
│ Status:   Success   Duration: 41ms   Steps: 2 │
│ Model:    test-model   (test)   Tokens: 3     │
╰───────────────────────────────────────────────╯

📊 Execution Timeline
├─ ✅  [bootstrap]            7ms
├─ ✅  [strategy-select]      1ms
├─ ✅  [think]               28ms (2 steps, 62% of time)
├─ ✅  [memory-flush]         7ms
└─ ✅  [complete]             2ms

packages/runtime/tests/feature-contract.test.ts:
→ [phase:execution] Starting...
  📊 [metric:tokens_used] 150 tokens
  📊 [metric:cost_usd] 0.001 usd
✓ [completion] Task completed in 0.0s with 150 tokens
→ [phase:execution] Starting...
  📊 [metric:tokens_used] 150 tokens
  📊 [metric:cost_usd] 0.001 usd
✓ [completion] Task completed in 0.0s with 150 tokens
→ [phase:execution] Starting...
  📊 [metric:tokens_used] 150 tokens
  📊 [metric:cost_usd] 0.001 usd
✓ [completion] Task completed in 0.0s with 150 tokens
→ [phase:execution] Starting...
  📊 [metric:tokens_used] 300 tokens
  📊 [metric:cost_usd] 0.002 usd
✓ [completion] Task completed in 0.0s with 300 tokens
→ [phase:execution] Starting...
  📊 [metric:tokens_used] 600 tokens
  📊 [metric:cost_usd] 0.002 usd
✓ [completion] Task completed in 0.0s with 600 tokens
→ [phase:execution] Starting...
  📊 [metric:tokens_used] 150 tokens
  📊 [metric:cost_usd] 0.001 usd
✓ [completion] Task completed in 0.0s with 150 tokens
→ [phase:execution] Starting...
  📊 [metric:tokens_used] 500 tokens
  📊 [metric:cost_usd] 0.002 usd
✓ [completion] Task completed in 0.0s with 500 tokens
→ [phase:execution] Starting...
  📊 [metric:tokens_used] 500 tokens
  📊 [metric:cost_usd] 0.002 usd
✓ [completion] Task completed in 0.0s with 500 tokens
→ [phase:execution] Starting...
  📊 [metric:tokens_used] 500 tokens
  📊 [metric:cost_usd] 0.002 usd
✓ [completion] Task completed in 0.0s with 500 tokens
→ [phase:execution] Starting...
  📊 [metric:tokens_used] 500 tokens
  📊 [metric:cost_usd] 0.002 usd
✓ [completion] Task completed in 0.0s with 500 tokens
→ [phase:execution] Starting...
  📊 [metric:tokens_used] 500 tokens
  📊 [metric:cost_usd] 0.002 usd
✓ [completion] Task completed in 0.0s with 500 tokens
→ [phase:execution] Starting...
  📊 [metric:tokens_used] 150 tokens
  📊 [metric:cost_usd] 0.001 usd
✓ [completion] Task completed in 0.0s with 150 tokens
→ [phase:execution] Starting...
  📊 [metric:tokens_used] 300 tokens
  📊 [metric:cost_usd] 0.002 usd
✓ [completion] Task completed in 0.0s with 300 tokens
→ [phase:execution] Starting...
  📊 [metric:tokens_used] 175 tokens
  📊 [metric:cost_usd] 0.001 usd
✓ [completion] Task completed in 0.0s with 175 tokens
→ [phase:execution] Starting...
  📊 [metric:tokens_used] 150 tokens
  📊 [metric:cost_usd] 0.001 usd
✓ [completion] Task completed in 0.0s with 150 tokens
→ [phase:execution] Starting...
  📊 [metric:tokens_used] 200 tokens
  📊 [metric:cost_usd] 0.001 usd
✓ [completion] Task completed in 0.0s with 200 tokens
→ [phase:execution] Starting...
  📊 [metric:tokens_used] 150 tokens
  📊 [metric:cost_usd] 0.001 usd
✓ [completion] Task completed in 0.0s with 150 tokens
→ [phase:execution] Starting...
  📊 [metric:tokens_used] 300 tokens
  📊 [metric:cost_usd] 0.002 usd
✓ [completion] Task completed in 0.0s with 300 tokens
→ [phase:execution] Starting...
  📊 [metric:tokens_used] 300 tokens
  📊 [metric:cost_usd] 0.002 usd
✓ [completion] Task completed in 0.0s with 300 tokens

packages/runtime/tests/execution-engine.test.ts:
→ [phase:execution] Starting...
  📊 [metric:tokens_used] 30 tokens
  📊 [metric:cost_usd] 0 usd
✓ [completion] Task completed in 0.0s with 30 tokens
→ [phase:execution] Starting...
  📊 [metric:tokens_used] 30 tokens
  📊 [metric:cost_usd] 0 usd
✓ [completion] Task completed in 0.0s with 30 tokens
→ [phase:execution] Starting...
✗ [error] Task task-001 exceeded max iterations (2)
→ [phase:execution] Starting...
  📊 [metric:tokens_used] 30 tokens
  📊 [metric:cost_usd] 0 usd
✓ [completion] Task completed in 0.0s with 30 tokens
→ [phase:execution] Starting...
  📊 [metric:tokens_used] 60 tokens
  📊 [metric:cost_usd] 0 usd
✓ [completion] Task completed in 0.0s with 60 tokens

packages/runtime/tests/strategy-fallback.test.ts:
→ [phase:execution] Starting...
  📊 [metric:tokens_used] 0 tokens
  📊 [metric:cost_usd] 0 usd
✗ [completion] Task failed in 0.0s with 0 tokens
→ [phase:execution] Starting...
  📊 [metric:tokens_used] 0 tokens
  📊 [metric:cost_usd] 0 usd
✗ [completion] Task failed in 0.0s with 0 tokens
→ [phase:execution] Starting...
  📊 [metric:tokens_used] 50 tokens
  📊 [metric:cost_usd] 0.002 usd
✓ [completion] Task completed in 0.0s with 50 tokens

packages/runtime/tests/tool-filtering.test.ts:
✓ Provider: test | Model: test-model | API key: (not required)
✓ Provider: test | Model: test-model | API key: (not required)
→ [phase:execution] Starting...
  📊 [metric:tokens_used] 5 tokens
  📊 [metric:cost_usd] 0 usd
✓ [completion] Task completed in 0.0s with 5 tokens

═══ Logs (2) ═══
  01:02:33.639 INFO  Execution started {"taskId":"01KQTTGZMYDETBG52S7BXK33J4","agentId":"restricted-agent-1777942953560"}
  01:02:33.667 INFO  Execution completed {"taskId":"01KQTTGZMYDETBG52S7BXK33J4","success":true,"tokensUsed":5,"cost":0,"duration":28}

═══ Spans (11) ═══
  ✓ execution.run (33.1ms) [0e43bd8f…]
    ✓ execution.phase.bootstrap (6.2ms) [0e43bd8f…]
      ✓ phase.bootstrap.metrics (0.0ms) [0e43bd8f…]
    ✓ execution.phase.strategy-select (1.2ms) [0e43bd8f…]
      ✓ phase.strategy-select.metrics (0.0ms) [0e43bd8f…]
    ✓ execution.phase.think (14.3ms) [0e43bd8f…]
      ✓ phase.think.metrics (0.0ms) [0e43bd8f…]
    ✓ execution.phase.complete (1.8ms) [0e43bd8f…]
      ✓ execution.phase.memory-flush (5.8ms) [0e43bd8f…]
        ✓ phase.complete.metrics (0.0ms) [0e43bd8f…]
    ✓ phase.memory-flush.metrics (0.0ms) [0e43bd8f…]

═══ Metrics Summary ═══
╭ Agent Execution Summary ──────────────────────╮
│ Status:   Success   Duration: 28ms   Steps: 2 │
│ Model:    test-model   (test)   Tokens: 5     │
╰───────────────────────────────────────────────╯

📊 Execution Timeline
├─ ✅  [bootstrap]            4ms
├─ ✅  [strategy-select]      1ms
├─ ✅  [think]               14ms (2 steps, 54% of time)
├─ ✅  [memory-flush]         5ms
└─ ✅  [complete]             1ms
✓ Provider: test | Model: test-model | API key: (not required)
→ [phase:execution] Starting...
  📊 [metric:tokens_used] 8 tokens
  📊 [metric:cost_usd] 0 usd
✓ [completion] Task completed in 0.0s with 8 tokens

═══ Logs (2) ═══
  01:02:33.734 INFO  Execution started {"taskId":"01KQTTGZR1V4ZDDZ1A67R65PKX","agentId":"full-tools-agent-1777942953673"}
  01:02:33.756 INFO  Execution completed {"taskId":"01KQTTGZR1V4ZDDZ1A67R65PKX","success":true,"tokensUsed":8,"cost":0,"duration":23}

═══ Spans (11) ═══
  ✓ execution.run (30.2ms) [7b58aec3…]
    ✓ execution.phase.bootstrap (4.9ms) [7b58aec3…]
      ✓ phase.bootstrap.metrics (0.0ms) [7b58aec3…]
    ✓ execution.phase.strategy-select (1.0ms) [7b58aec3…]
      ✓ phase.strategy-select.metrics (0.0ms) [7b58aec3…]
    ✓ execution.phase.think (13.7ms) [7b58aec3…]
      ✓ phase.think.metrics (0.0ms) [7b58aec3…]
    ✓ execution.phase.complete (1.9ms) [7b58aec3…]
      ✓ execution.phase.memory-flush (8.5ms) [7b58aec3…]
        ✓ phase.complete.metrics (0.0ms) [7b58aec3…]
    ✓ phase.memory-flush.metrics (0.0ms) [7b58aec3…]

═══ Metrics Summary ═══
╭ Agent Execution Summary ──────────────────────╮
│ Status:   Success   Duration: 23ms   Steps: 2 │
│ Model:    test-model   (test)   Tokens: 8     │
╰───────────────────────────────────────────────╯

📊 Execution Timeline
├─ ✅  [bootstrap]            5ms
├─ ✅  [strategy-select]      1ms
├─ ✅  [think]               13ms (2 steps, 51% of time)
├─ ✅  [memory-flush]         6ms
└─ ✅  [complete]             1ms
✓ Provider: test | Model: test-model | API key: (not required)
→ [phase:execution] Starting...
  📊 [metric:tokens_used] 6 tokens
  📊 [metric:cost_usd] 0 usd
✓ [completion] Task completed in 0.0s with 6 tokens

═══ Logs (2) ═══
  01:02:33.834 INFO  Execution started {"taskId":"01KQTTGZV0K1XZTF8TZ7MEZBFY","agentId":"empty-filter-agent-1777942953765"}
  01:02:33.864 INFO  Execution completed {"taskId":"01KQTTGZV0K1XZTF8TZ7MEZBFY","success":true,"tokensUsed":6,"cost":0,"duration":33}

═══ Spans (11) ═══
  ✓ execution.run (43.1ms) [68e47c75…]
    ✓ execution.phase.bootstrap (10.4ms) [68e47c75…]
      ✓ phase.bootstrap.metrics (0.0ms) [68e47c75…]
    ✓ execution.phase.strategy-select (1.1ms) [68e47c75…]
      ✓ phase.strategy-select.metrics (0.0ms) [68e47c75…]
    ✓ execution.phase.think (15.2ms) [68e47c75…]
      ✓ phase.think.metrics (0.0ms) [68e47c75…]
    ✓ execution.phase.complete (2.2ms) [68e47c75…]
      ✓ execution.phase.memory-flush (11.8ms) [68e47c75…]
        ✓ phase.complete.metrics (0.0ms) [68e47c75…]
    ✓ phase.memory-flush.metrics (0.0ms) [68e47c75…]

═══ Metrics Summary ═══
╭ Agent Execution Summary ──────────────────────╮
│ Status:   Success   Duration: 33ms   Steps: 2 │
│ Model:    test-model   (test)   Tokens: 6     │
╰───────────────────────────────────────────────╯

📊 Execution Timeline
├─ ✅  [bootstrap]           10ms
├─ ✅  [strategy-select]      1ms
├─ ✅  [think]               15ms (2 steps, 38% of time)
├─ ✅  [memory-flush]        11ms
└─ ✅  [complete]             2ms
✓ Provider: test | Model: test-model | API key: (not required)
→ [phase:execution] Starting...
  📊 [metric:tokens_used] 9 tokens
  📊 [metric:cost_usd] 0 usd
✓ [completion] Task completed in 0.0s with 9 tokens

═══ Logs (2) ═══
  01:02:33.949 INFO  Execution started {"taskId":"01KQTTGZYQ3MDM811Q7ZTF1XJK","agentId":"custom-filtered-1777942953876"}
  01:02:33.971 INFO  Execution completed {"taskId":"01KQTTGZYQ3MDM811Q7ZTF1XJK","success":true,"tokensUsed":9,"cost":0,"duration":23}

═══ Spans (11) ═══
  ✓ execution.run (40.9ms) [badd270b…]
    ✓ execution.phase.bootstrap (1.9ms) [badd270b…]
      ✓ phase.bootstrap.metrics (0.0ms) [badd270b…]
    ✓ execution.phase.strategy-select (1.1ms) [badd270b…]
      ✓ phase.strategy-select.metrics (0.0ms) [badd270b…]
    ✓ execution.phase.think (15.0ms) [badd270b…]
      ✓ phase.think.metrics (0.0ms) [badd270b…]
    ✓ execution.phase.complete (2.4ms) [badd270b…]
      ✓ execution.phase.memory-flush (10.1ms) [badd270b…]
        ✓ phase.complete.metrics (0.0ms) [badd270b…]
    ✓ phase.memory-flush.metrics (0.0ms) [badd270b…]

═══ Metrics Summary ═══
╭ Agent Execution Summary ──────────────────────╮
│ Status:   Success   Duration: 23ms   Steps: 2 │
│ Model:    test-model   (test)   Tokens: 9     │
╰───────────────────────────────────────────────╯

📊 Execution Timeline
├─ ✅  [bootstrap]            2ms
├─ ✅  [strategy-select]      1ms
├─ ✅  [think]               14ms (2 steps, 51% of time)
├─ ✅  [memory-flush]        10ms
└─ ✅  [complete]             2ms
✓ Provider: test | Model: test-model | API key: (not required)
✓ Provider: test | Model: test-model | API key: (not required)

packages/runtime/tests/verification-quality-gate.test.ts:
→ [phase:execution] Starting...
  📊 [metric:tokens_used] 30 tokens
  📊 [metric:cost_usd] 0 usd
✓ [completion] Task completed in 0.0s with 30 tokens
→ [phase:execution] Starting...
  📊 [metric:tokens_used] 60 tokens
  📊 [metric:cost_usd] 0 usd
✓ [completion] Task completed in 0.0s with 60 tokens
→ [phase:execution] Starting...
  📊 [metric:tokens_used] 60 tokens
  📊 [metric:cost_usd] 0 usd
✓ [completion] Task completed in 0.0s with 60 tokens
→ [phase:execution] Starting...
  📊 [metric:tokens_used] 30 tokens
  📊 [metric:cost_usd] 0 usd
✓ [completion] Task completed in 0.0s with 30 tokens
→ [phase:execution] Starting...
  📊 [metric:tokens_used] 30 tokens
  📊 [metric:cost_usd] 0 usd
✓ [completion] Task completed in 0.0s with 30 tokens
→ [phase:execution] Starting...
  📊 [metric:tokens_used] 60 tokens
  📊 [metric:cost_usd] 0 usd
✓ [completion] Task completed in 0.0s with 60 tokens

packages/runtime/tests/error-swallowed-wiring.test.ts:
91 |       counts.set(site, prior);
92 |     }
93 |     const duplicates = [...counts.entries()].filter(([, files]) => files.length > 1);
94 |     // Duplicates break telemetry: two different catch-all failures publish
95 |     // the same `site` tag and cannot be distinguished. Rename one of them.
96 |     expect(duplicates.map(([site, files]) => ({ site, files }))).toEqual([]);
                                                                      ^
error: expect(received).toEqual(expected)

- []
+ [
+   {
+     "files": [
+       "/home/tylerbuell/Documents/AIProjects/reactive-agents-ts/packages/runtime/src/execution-engine.ts",
+       "/home/tylerbuell/Documents/AIProjects/reactive-agents-ts/packages/runtime/src/execution-engine.ts",
+     ],
+     "site": "runtime/src/execution-engine.ts:3195",
+   },
+ ]

- Expected  - 1
+ Received  + 9

      at <anonymous> (/home/tylerbuell/Documents/AIProjects/reactive-agents-ts/packages/runtime/tests/error-swallowed-wiring.test.ts:96:66)
(fail) ErrorSwallowed wiring — site conventions (P0 S0.2) > every site string is unique (no collisions across the codebase)

packages/runtime/tests/error-reporting.test.ts:
✓ Provider: test | Model: test-model | API key: (not required)
→ [phase:execution] Starting...
→ [phase:reactive:kernel] Starting...
  [iter:0:thought]
→ [phase:think] Starting...
✓ [phase:think] 0.0s
  📊 [metric:entropy] 0.15 composite
  [iter:1:thought]
→ [phase:think] Starting...
✓ [phase:think] 0.0s
  📊 [metric:entropy] 0.15 composite
  [iter:2:thought]
→ [phase:think] Starting...
✓ [phase:think] 0.0s
✓ [phase:reactive:kernel] 0.0s
✓ [completion] Reactive strategy terminated: final_answer
  📊 [metric:tokens_used] 299 tokens
  📊 [metric:cost_usd] 0 usd
✓ [completion] Task completed in 0.1s with 299 tokens

═══ Logs (2) ═══
  01:02:34.483 INFO  Execution started {"taskId":"01KQTTH0FCTS8CZZY3NZWSFP73","agentId":"error-test-agent-1777942954408"}
  01:02:34.593 INFO  Execution completed {"taskId":"01KQTTH0FCTS8CZZY3NZWSFP73","success":true,"tokensUsed":299,"cost":0,"duration":110}

═══ Spans (11) ═══
  ✓ execution.run (122.5ms) [db66335b…]
    ✓ execution.phase.bootstrap (6.5ms) [db66335b…]
      ✓ phase.bootstrap.metrics (0.0ms) [db66335b…]
    ✓ execution.phase.strategy-select (1.0ms) [db66335b…]
      ✓ phase.strategy-select.metrics (0.0ms) [db66335b…]
    ✓ execution.phase.think (20.0ms) [db66335b…]
      ✓ phase.think.metrics (0.0ms) [db66335b…]
    ✓ execution.phase.complete (17.9ms) [db66335b…]
      ✓ execution.phase.memory-flush (20.4ms) [db66335b…]
        ✓ phase.complete.metrics (0.0ms) [db66335b…]
    ✓ phase.memory-flush.metrics (0.0ms) [db66335b…]

═══ Metrics Summary ═══
╭ Agent Execution Summary ───────────────────────╮
│ Status:   Success   Duration: 110ms   Steps: 3 │
│ Model:    test-model   (test)   Tokens: 299    │
╰────────────────────────────────────────────────╯

📊 Execution Timeline
├─ ✅  [bootstrap]            6ms
├─ ✅  [strategy-select]      1ms
├─ ✅  [think]               20ms (3 steps, 31% of time)
├─ ✅  [memory-flush]        20ms
└─ ✅  [complete]            17ms

🧠 Reasoning Signal
├─ Grade: B   Signal: flat   Mean: 0.150   Delta: 0.000
├─ Model stalled — entropy didn't decrease across iterations
├─  iter  0 ███░░░░░░░░░░░░░░░░░ 0.150 →
└─  iter  1 ███░░░░░░░░░░░░░░░░░ 0.150 →
✓ Provider: test | Model: test-model | API key: (not required)
→ [phase:execution] Starting...
  📊 [metric:tokens_used] 12 tokens
  📊 [metric:cost_usd] 0 usd
✓ [completion] Task completed in 0.0s with 12 tokens

═══ Logs (2) ═══
  01:02:34.682 INFO  Execution started {"taskId":"01KQTTH0NH7YFNB2QGYT27DHVT","agentId":"success-test-agent-1777942954610"}
  01:02:34.708 INFO  Execution completed {"taskId":"01KQTTH0NH7YFNB2QGYT27DHVT","success":true,"tokensUsed":12,"cost":0,"duration":26}

═══ Spans (11) ═══
  ✓ execution.run (33.7ms) [f830fd1e…]
    ✓ execution.phase.bootstrap (3.9ms) [f830fd1e…]
      ✓ phase.bootstrap.metrics (0.0ms) [f830fd1e…]
    ✓ execution.phase.strategy-select (3.2ms) [f830fd1e…]
      ✓ phase.strategy-select.metrics (0.0ms) [f830fd1e…]
    ✓ execution.phase.think (15.5ms) [f830fd1e…]
      ✓ phase.think.metrics (0.0ms) [f830fd1e…]
    ✓ execution.phase.complete (2.4ms) [f830fd1e…]
      ✓ execution.phase.memory-flush (8.5ms) [f830fd1e…]
        ✓ phase.complete.metrics (0.0ms) [f830fd1e…]
    ✓ phase.memory-flush.metrics (0.0ms) [f830fd1e…]

═══ Metrics Summary ═══
╭ Agent Execution Summary ──────────────────────╮
│ Status:   Success   Duration: 26ms   Steps: 2 │
│ Model:    test-model   (test)   Tokens: 12    │
╰───────────────────────────────────────────────╯

📊 Execution Timeline
├─ ✅  [bootstrap]            1ms
├─ ✅  [strategy-select]      1ms
├─ ✅  [think]               15ms (2 steps, 55% of time)
├─ ✅  [memory-flush]         8ms
└─ ✅  [complete]             2ms
✓ Provider: test | Model: test-model | API key: (not required)
→ [phase:execution] Starting...
→ [phase:reactive:kernel] Starting...
  [iter:0:thought]
→ [phase:think] Starting...
✓ [phase:think] 0.0s
  📊 [metric:entropy] 0.15 composite
  [iter:1:thought]
→ [phase:think] Starting...
✓ [phase:think] 0.0s
  📊 [metric:entropy] 0.15 composite
  [iter:2:thought]
→ [phase:think] Starting...
✓ [phase:think] 0.0s
✓ [phase:reactive:kernel] 0.0s
✓ [completion] Reactive strategy terminated: final_answer
  📊 [metric:tokens_used] 299 tokens
  📊 [metric:cost_usd] 0 usd
✓ [completion] Task completed in 0.1s with 299 tokens

═══ Logs (2) ═══
  01:02:34.843 INFO  Execution started {"taskId":"01KQTTH0TR9VRSVDB06T5FDASQ","agentId":"event-error-test-1777942954745"}
  01:02:34.959 INFO  Execution completed {"taskId":"01KQTTH0TR9VRSVDB06T5FDASQ","success":true,"tokensUsed":299,"cost":0,"duration":119}

═══ Spans (11) ═══
  ✓ execution.run (124.5ms) [3d2d12aa…]
    ✓ execution.phase.bootstrap (26.5ms) [3d2d12aa…]
      ✓ phase.bootstrap.metrics (0.0ms) [3d2d12aa…]
    ✓ execution.phase.strategy-select (1.9ms) [3d2d12aa…]
      ✓ phase.strategy-select.metrics (0.0ms) [3d2d12aa…]
    ✓ execution.phase.think (10.5ms) [3d2d12aa…]
      ✓ phase.think.metrics (0.0ms) [3d2d12aa…]
    ✓ execution.phase.complete (15.2ms) [3d2d12aa…]
      ✓ execution.phase.memory-flush (20.1ms) [3d2d12aa…]
        ✓ phase.complete.metrics (0.0ms) [3d2d12aa…]
    ✓ phase.memory-flush.metrics (0.0ms) [3d2d12aa…]

═══ Metrics Summary ═══
╭ Agent Execution Summary ───────────────────────╮
│ Status:   Success   Duration: 119ms   Steps: 3 │
│ Model:    test-model   (test)   Tokens: 299    │
╰────────────────────────────────────────────────╯

📊 Execution Timeline
├─ ✅  [bootstrap]           20ms
├─ ✅  [strategy-select]      1ms
├─ ✅  [think]               10ms (3 steps, 16% of time)
├─ ✅  [memory-flush]        20ms
└─ ✅  [complete]            15ms

🧠 Reasoning Signal
├─ Grade: B   Signal: flat   Mean: 0.150   Delta: 0.000
├─ Model stalled — entropy didn't decrease across iterations
├─  iter  0 ███░░░░░░░░░░░░░░░░░ 0.150 →
└─  iter  1 ███░░░░░░░░░░░░░░░░░ 0.150 →
✓ Provider: test | Model: test-model | API key: (not required)
→ [phase:execution] Starting...
  📊 [metric:tokens_used] 7 tokens
  📊 [metric:cost_usd] 0 usd
✓ [completion] Task completed in 0.0s with 7 tokens

═══ Logs (2) ═══
  01:02:35.039 INFO  Execution started {"taskId":"01KQTTH10YT8RY8ARABHY15169","agentId":"event-success-test-1777942954969"}
  01:02:35.064 INFO  Execution completed {"taskId":"01KQTTH10YT8RY8ARABHY15169","success":true,"tokensUsed":7,"cost":0,"duration":26}

═══ Spans (11) ═══
  ✓ execution.run (27.5ms) [09e7fbb5…]
    ✓ execution.phase.bootstrap (1.9ms) [09e7fbb5…]
      ✓ phase.bootstrap.metrics (0.0ms) [09e7fbb5…]
    ✓ execution.phase.strategy-select (2.3ms) [09e7fbb5…]
      ✓ phase.strategy-select.metrics (0.0ms) [09e7fbb5…]
    ✓ execution.phase.think (16.7ms) [09e7fbb5…]
      ✓ phase.think.metrics (0.0ms) [09e7fbb5…]
    ✓ execution.phase.complete (2.7ms) [09e7fbb5…]
      ✓ execution.phase.memory-flush (4.3ms) [09e7fbb5…]
        ✓ phase.complete.metrics (0.0ms) [09e7fbb5…]
    ✓ phase.memory-flush.metrics (0.0ms) [09e7fbb5…]

═══ Metrics Summary ═══
╭ Agent Execution Summary ──────────────────────╮
│ Status:   Success   Duration: 26ms   Steps: 2 │
│ Model:    test-model   (test)   Tokens: 7     │
╰───────────────────────────────────────────────╯

📊 Execution Timeline
├─ ✅  [bootstrap]            1ms
├─ ✅  [strategy-select]      2ms
├─ ✅  [think]               16ms (2 steps, 62% of time)
├─ ✅  [memory-flush]         4ms
└─ ✅  [complete]             2ms
✓ Provider: test | Model: test-model | API key: (not required)
→ [phase:execution] Starting...
→ [phase:reactive:kernel] Starting...
  [iter:0:thought]
→ [phase:think] Starting...
✗ [phase:think] 0.0s
✗ [phase:reactive:kernel] 0.0s
✗ [completion] Reactive strategy terminated: llm_error
  📊 [metric:tokens_used] 0 tokens
  📊 [metric:cost_usd] 0 usd
✗ [completion] Task failed in 0.1s with 0 tokens

═══ Logs (2) ═══
  01:02:35.144 INFO  Execution started {"taskId":"01KQTTH142FM4Z5SG8EQ7KS2FP","agentId":"hard-fail-test-1777942955072"}
  01:02:35.227 INFO  Execution completed {"taskId":"01KQTTH142FM4Z5SG8EQ7KS2FP","success":false,"tokensUsed":0,"cost":0,"duration":83}

═══ Spans (9) ═══
  ✓ execution.run (88.3ms) [a6334738…]
    ✓ execution.phase.bootstrap (3.0ms) [a6334738…]
      ✓ phase.bootstrap.metrics (0.0ms) [a6334738…]
    ✓ execution.phase.strategy-select (1.4ms) [a6334738…]
      ✓ phase.strategy-select.metrics (0.0ms) [a6334738…]
    ✓ execution.phase.think (16.4ms) [a6334738…]
      ✓ phase.think.metrics (0.0ms) [a6334738…]
    ✓ execution.phase.complete (0.9ms) [a6334738…]
      ✓ phase.complete.metrics (0.0ms) [a6334738…]

═══ Metrics Summary ═══
╭ Agent Execution Summary ─────────────────────╮
│ Status:   Failed   Duration: 83ms   Steps: 0 │
│ Model:    test-model   (test)   Tokens: 0    │
╰──────────────────────────────────────────────╯

📊 Execution Timeline
├─ ✅  [bootstrap]            2ms
├─ ✅  [strategy-select]      1ms
├─ ✅  [think]               16ms
└─ ✅  [complete]             1ms
✓ Provider: test | Model: test-model | API key: (not required)
→ [phase:execution] Starting...
→ [phase:reactive:kernel] Starting...
  [iter:0:thought]
→ [phase:think] Starting...
✓ [phase:think] 0.0s
  📊 [metric:entropy] 0.15 composite
✓ [phase:reactive:kernel] 0.0s
✓ [completion] Reactive strategy terminated: end_turn
  📊 [metric:tokens_used] 105 tokens
  📊 [metric:cost_usd] 0 usd
✓ [completion] Task completed in 0.1s with 105 tokens

═══ Logs (2) ═══
  01:02:35.303 INFO  Execution started {"taskId":"01KQTTH191WEH0ZFV0DCF7BJN6","agentId":"llm-calls-test-1777942955235"}
  01:02:35.389 INFO  Execution completed {"taskId":"01KQTTH191WEH0ZFV0DCF7BJN6","success":true,"tokensUsed":105,"cost":0,"duration":86}

═══ Spans (9) ═══
  ✓ execution.run (88.7ms) [839cfd10…]
    ✓ execution.phase.bootstrap (6.0ms) [839cfd10…]
      ✓ phase.bootstrap.metrics (0.0ms) [839cfd10…]
    ✓ execution.phase.strategy-select (1.0ms) [839cfd10…]
      ✓ phase.strategy-select.metrics (0.0ms) [839cfd10…]
    ✓ execution.phase.think (5.9ms) [839cfd10…]
      ✓ phase.think.metrics (0.0ms) [839cfd10…]
    ✓ execution.phase.complete (0.9ms) [839cfd10…]
      ✓ phase.complete.metrics (0.0ms) [839cfd10…]

═══ Metrics Summary ═══
╭ Agent Execution Summary ──────────────────────╮
│ Status:   Success   Duration: 86ms   Steps: 1 │
│ Model:    test-model   (test)   Tokens: 105   │
╰───────────────────────────────────────────────╯

📊 Execution Timeline
├─ ✅  [bootstrap]            2ms
├─ ✅  [strategy-select]      1ms
├─ ✅  [think]                6ms (1 steps, 61% of time)
└─ ✅  [complete]             1ms

🧠 Reasoning Signal
├─ Grade: B   Signal: flat   Mean: 0.150   Delta: 0.000
├─ Model stalled — entropy didn't decrease across iterations
├─  iter  0 ███░░░░░░░░░░░░░░░░░ 0.150 →
└─  iter  1 ███░░░░░░░░░░░░░░░░░ 0.150 →

packages/runtime/tests/chat.test.ts:
✓ Provider: test | Model: test-model | API key: (not required)
✓ Provider: test | Model: test-model | API key: (not required)
✓ Provider: test | Model: test-model | API key: (not required)
✓ Provider: test | Model: test-model | API key: (not required)
✓ Provider: test | Model: test-model | API key: (not required)
✓ Provider: test | Model: test-model | API key: (not required)
✓ Provider: test | Model: test-model | API key: (not required)
✓ Provider: test | Model: test-model | API key: (not required)

packages/runtime/tests/gateway-builder.test.ts:
✓ Provider: test | Model: test-model | API key: (not required)
→ [phase:execution] Starting...
  📊 [metric:tokens_used] 7 tokens
  📊 [metric:cost_usd] 0 usd
✓ [completion] Task completed in 0.0s with 7 tokens

═══ Logs (2) ═══
  01:02:36.044 INFO  Execution started {"taskId":"01KQTTH20731XCBRT9GGMMKBWT","agentId":"test-gw-1777942955973"}
  01:02:36.064 INFO  Execution completed {"taskId":"01KQTTH20731XCBRT9GGMMKBWT","success":true,"tokensUsed":7,"cost":0,"duration":21}

═══ Spans (11) ═══
  ✓ execution.run (25.2ms) [634fb49a…]
    ✓ execution.phase.bootstrap (4.3ms) [634fb49a…]
      ✓ phase.bootstrap.metrics (0.0ms) [634fb49a…]
    ✓ execution.phase.strategy-select (0.9ms) [634fb49a…]
      ✓ phase.strategy-select.metrics (0.0ms) [634fb49a…]
    ✓ execution.phase.think (13.2ms) [634fb49a…]
      ✓ phase.think.metrics (0.0ms) [634fb49a…]
    ✓ execution.phase.complete (1.3ms) [634fb49a…]
      ✓ execution.phase.memory-flush (5.0ms) [634fb49a…]
        ✓ phase.complete.metrics (0.0ms) [634fb49a…]
    ✓ phase.memory-flush.metrics (0.0ms) [634fb49a…]

═══ Metrics Summary ═══
╭ Agent Execution Summary ──────────────────────╮
│ Status:   Success   Duration: 21ms   Steps: 2 │
│ Model:    test-model   (test)   Tokens: 7     │
╰───────────────────────────────────────────────╯

📊 Execution Timeline
├─ ✅  [bootstrap]            4ms
├─ ✅  [strategy-select]      1ms
├─ ✅  [think]               13ms (2 steps, 56% of time)
├─ ✅  [memory-flush]         5ms
└─ ✅  [complete]             1ms

packages/runtime/tests/verification-retry-routes-through-kernel.test.ts:
→ [phase:execution] Starting...
  📊 [metric:tokens_used] 60 tokens
  📊 [metric:cost_usd] 0 usd
✓ [completion] Task completed in 0.0s with 60 tokens

packages/tools/tests/tools-demo.test.ts:

📋 Registered 10 tool(s):
   - web-search (builtin, risk: low)
   - crypto-price (builtin, risk: low)
   - http-get (builtin, risk: medium)
   - file-read (builtin, risk: medium)
   - file-write (builtin, risk: high)
   - code-execute (builtin, risk: critical)
   - git-cli (builtin, risk: medium)
   - gh-cli (builtin, risk: medium)
   - gws-cli (builtin, risk: medium)
   - test-tool (function, risk: low)

✅ Tool Execution Result:
   Tool: test-tool
   Success: true
   Output: Echo: Hello from tool!
   Time: 0ms

🔧 Total Tools Registered: 11

📊 Code Tools: 2
   - code-execute: Execute JavaScript/TypeScript code in an isolated Bun subprocess and return the result. Best for: math, string transforms, JSON parsing, sorting, regex extraction, data processing. IMPORTANT: The code runs in a separate process with NO access to stored results, tool outputs, or agent state — variables like _tool_result_N do NOT exist in the code environment. To process stored data, first retrieve it with recall(key, full: true), then inline the text in code. ENVIRONMENT: require() for built-in Node.js modules is available (e.g. require('os'), require('path')). Dynamic import() is also supported. No browser APIs (DOMParser, fetch). For HTML text already retrieved: use regex or string methods — NOT DOMParser. Example: const text = htmlString.replace(/<[^>]+>/g, ' ').replace(/\s+/g, ' ').trim(); Use return <value> to return a result, or console.log() to produce output. Returns { executed: true, result, output, exitCode } on success.
   - math-add: Add two numbers

✅ Math Tool (5 + 7):
   Result: 12

✅ String Tool ("Hello " + "World!"):
   Result: Hello World!

📖 Math Tool Definition:
   Name: math-add
   Category: code
   Params: 2

packages/tools/tests/m4-healing-pipeline.test.ts:

=== M4 Healing Pipeline Metrics ===
Total Tests: 15
Successes: 13
Failures: 2
Recovery Rate: 86.7%

Stage Distribution:

Category Breakdown:
  alias: 6/6 (100.0%)
  path-resolution: 3/3 (100.0%)
  type-mismatch: 2/2 (100.0%)
  missing-args: 1/3 (33.3%)
  malformed-json: 1/1 (100.0%)

Recovery Rate Achievement: 86.7% (threshold: 60%)

Unrecoverable Errors: 1
  - unknown tool: database-query (malformed-json)

Accuracy Improvement:
  Without Healing: 6.7%
  With Healing: 86.7%
  Delta: +80.0%

Token Cost Analysis:
  Healing pipeline: ~750 tokens
  Reprompt fallback: ~7500 tokens
  Savings: ~6750 tokens (90.0%)

packages/tools/tests/m4-healing-measurement.test.ts:
Overall recovery rate: 100.0%

Recovery by error type:
  tool-name-typo: 5/5 (100.0%)
  param-name-typo: 4/4 (100.0%)
  type-mismatch: 6/6 (100.0%)

Recovery by stage:
  stage-1: 0 cases
  stage-2: 0 cases
  stage-3: 0 cases
  stage-4: 0 cases
  composite: 3 cases

Recovery by model:
  qwen3:14b: 7/7 (100.0%)
  frontier: 8/8 (100.0%)

Average healing actions per case: 1.27
Token cost increase: 3.3% (avg input: 75 → 77 chars)

Unrecoverable cases: 0/15

Accuracy improvement (tool-name recovery): 100.0%
Token cost increase: 3.3%

======================================================================
M4 HEALING PIPELINE VALIDATION REPORT
======================================================================
Total test cases: 15
Total recovered: 15
Recovery rate: 100.0%

Recovery by error type:
  tool-name-typo: 5/5 (100.0%)
  param-name-typo: 4/4 (100.0%)
  type-mismatch: 6/6 (100.0%)

Recovery by stage distribution:
  composite: 3

Recovery by model:
  qwen3:14b: 7/7 (100.0%)
  frontier: 8/8 (100.0%)

Token cost: +3.3% (75 → 77 chars avg)
Avg actions per case: 1.27
======================================================================

packages/tools/tests/m13-guards-meta-tools.test.ts:
─── M13 Guard Effectiveness Metrics ───
Total Checks: 50
True Positives: 0
False Positives: 0
True Negatives: 50
False Negatives: 0
TP Rate: 0.00%
FP Rate: 0.00%
Avg Latency: 0.001ms
Max Latency: 0.022ms
────────────────────────────────────────

packages/tools/tests/m8-sub-agent-delegation.test.ts:

S1: Research + Summarize: Fetch and summarize API documentation
  Inline:    success=true, tokens=40, valid=true
  Delegated: success=true, tokens=31, valid=true
  → Accuracy: 0, Tokens: 22.5%, Recommendation: delegate

S2: Code Analysis: Identify patterns in pseudocode
  Inline:    success=true, tokens=40, valid=true
  Delegated: success=true, tokens=31, valid=true
  → Accuracy: 0, Tokens: 22.5%, Recommendation: delegate

S3: Cross-domain Synthesis: Combine security + performance
  Inline:    success=true, tokens=60, valid=false
  Delegated: success=false, tokens=47, valid=false
  → Accuracy: 0, Tokens: 21.7%, Recommendation: delegate

S4: Data Validation: Check consistency of requirements
  Inline:    success=false, tokens=50, valid=false
  Delegated: success=true, tokens=39, valid=true
  → Accuracy: +1, Tokens: 22.0%, Recommendation: delegate

S5: Transformation: Convert between formats with reasoning
  Inline:    success=true, tokens=50, valid=true
  Delegated: success=true, tokens=39, valid=true
  → Accuracy: 0, Tokens: 22.0%, Recommendation: delegate

S6: Multi-step Research: Source multiple facts and synthesize
  Inline:    success=false, tokens=50, valid=false
  Delegated: success=true, tokens=39, valid=false
  → Accuracy: 0, Tokens: 22.0%, Recommendation: delegate

S7: Problem Decomposition: Break complex problem into subproblems
  Inline:    success=true, tokens=60, valid=false
  Delegated: success=false, tokens=47, valid=false
  → Accuracy: 0, Tokens: 21.7%, Recommendation: delegate

S8: Adversarial Reasoning: Challenge assumptions
  Inline:    success=true, tokens=60, valid=true
  Delegated: success=true, tokens=47, valid=true
  → Accuracy: 0, Tokens: 21.7%, Recommendation: delegate

S9: Specification Writing: Formalize informal requirements
  Inline:    success=true, tokens=50, valid=true
  Delegated: success=false, tokens=39, valid=false
  → Accuracy: -1, Tokens: 22.0%, Recommendation: delegate

S10: Quality Assurance: Design test cases for edge cases
  Inline:    success=true, tokens=50, valid=false
  Delegated: success=true, tokens=39, valid=false
  → Accuracy: 0, Tokens: 22.0%, Recommendation: delegate
S1 (complexity=2): tokens_delta=22.5%, accuracy_lift=0
S2 (complexity=2): tokens_delta=22.5%, accuracy_lift=0
S3 (complexity=4): tokens_delta=21.7%, accuracy_lift=0
S4 (complexity=3): tokens_delta=22.0%, accuracy_lift=1
S5 (complexity=3): tokens_delta=22.0%, accuracy_lift=0
S6 (complexity=3): tokens_delta=22.0%, accuracy_lift=0
S7 (complexity=4): tokens_delta=21.7%, accuracy_lift=0
S8 (complexity=4): tokens_delta=21.7%, accuracy_lift=0
S9 (complexity=3): tokens_delta=22.0%, accuracy_lift=-1
S10 (complexity=3): tokens_delta=22.0%, accuracy_lift=0

Sub-agent Quality Summary:
  S1: steps=2, tokens=50, tools=2
  S2: steps=2, tokens=50, tools=2
  S3: steps=2, tokens=50, tools=2
  S4: steps=2, tokens=50, tools=2
  S5: steps=2, tokens=50, tools=2
  S6: steps=2, tokens=50, tools=2
  S7: steps=2, tokens=50, tools=2
  S8: steps=2, tokens=50, tools=2
  S9: steps=2, tokens=50, tools=2
  S10: steps=2, tokens=50, tools=2

Delegation Suitability:
  Complex scenarios (complexity≥4): 3
  Simple scenarios (complexity≤2): 2
  Complex tasks with token savings: 3/3
  Simple tasks without token savings: 0/2

M8 Success Criteria Analysis:
  Accuracy lift (>0): 10% (1/10)
  Token savings (≥15%): 100% (10/10)
  Delegation recommended: 100% (10/10)

FINAL M8 SUMMARY (ready for commit):
{
  "total_scenarios": 10,
  "accuracy_lifts": 1,
  "token_savings_15pct": 10,
  "delegation_recommended": 10,
  "inline_recommended": 0,
  "neutral": 0
}

packages/gateway/tests/scheduler-observability.test.ts:
[CRON-CHECK] "* * * * *" at 05/05/2026, 01:02:52 AM (UTC) → ✓ MATCHED
  ▶️  FIRING: "* * * * *" at 5/5/2026, 1:02:52 AM
[CRON-CHECK] "0 0 30 2 *" at 01/15/2026, 12:00:00 PM (UTC) → ✗ no match

packages/testing/tests/scenario.test.ts:
✓ Provider: test | Model: test-model | API key: (not required)
→ [phase:execution] Starting...
  📊 [metric:tokens_used] 2 tokens
  📊 [metric:cost_usd] 0 usd
✓ [completion] Task completed in 0.0s with 2 tokens

═══ Logs (2) ═══
  01:02:52.789 INFO  Execution started {"taskId":"01KQTTHJBF88FFTBE87PGH37K3","agentId":"agent-1777942972730"}
  01:02:52.814 INFO  Execution completed {"taskId":"01KQTTHJBF88FFTBE87PGH37K3","success":true,"tokensUsed":2,"cost":0,"duration":26}

═══ Spans (11) ═══
  ✓ execution.run (28.2ms) [4a63faef…]
    ✓ execution.phase.bootstrap (1.8ms) [4a63faef…]
      ✓ phase.bootstrap.metrics (0.0ms) [4a63faef…]
    ✓ execution.phase.strategy-select (1.9ms) [4a63faef…]
      ✓ phase.strategy-select.metrics (0.0ms) [4a63faef…]
    ✓ execution.phase.think (16.3ms) [4a63faef…]
      ✓ phase.think.metrics (0.0ms) [4a63faef…]
    ✓ execution.phase.complete (2.9ms) [4a63faef…]
      ✓ execution.phase.memory-flush (4.7ms) [4a63faef…]
        ✓ phase.complete.metrics (0.0ms) [4a63faef…]
    ✓ phase.memory-flush.metrics (0.0ms) [4a63faef…]

═══ Metrics Summary ═══
╭ Agent Execution Summary ──────────────────────╮
│ Status:   Success   Duration: 26ms   Steps: 2 │
│ Model:    test-model   (test)   Tokens: 2     │
╰───────────────────────────────────────────────╯

📊 Execution Timeline
├─ ✅  [bootstrap]            1ms
├─ ✅  [strategy-select]      1ms
├─ ✅  [think]               16ms (2 steps, 62% of time)
├─ ✅  [memory-flush]         4ms
└─ ✅  [complete]             2ms
✓ Provider: test | Model: test-model | API key: (not required)
✓ Provider: test | Model: test-model | API key: (not required)
→ [phase:execution] Starting...
→ [phase:execution] Starting...
  📊 [metric:tokens_used] 7 tokens
  📊 [metric:cost_usd] 0 usd
✓ [completion] Task completed in 0.1s with 7 tokens

═══ Logs (2) ═══
  01:02:52.959 INFO  Execution started {"taskId":"01KQTTHJGKVP5ET37A3SYK181D","agentId":"agent-1777942972823"}
  01:02:52.992 INFO  Execution completed {"taskId":"01KQTTHJGKVP5ET37A3SYK181D","success":true,"tokensUsed":7,"cost":0,"duration":32}

═══ Spans (11) ═══
  ✓ execution.run (61.2ms) [119d7c65…]
    ✓ execution.phase.bootstrap (7.8ms) [119d7c65…]
      ✓ phase.bootstrap.metrics (0.0ms) [119d7c65…]
    ✓ execution.phase.strategy-select (2.1ms) [119d7c65…]
      ✓ phase.strategy-select.metrics (0.0ms) [119d7c65…]
    ✓ execution.phase.think (15.5ms) [119d7c65…]
      ✓ phase.think.metrics (0.0ms) [119d7c65…]
    ✓ execution.phase.complete (4.8ms) [119d7c65…]
      ✓ execution.phase.memory-flush (32.5ms) [119d7c65…]
        ✓ phase.complete.metrics (0.0ms) [119d7c65…]
    ✓ phase.memory-flush.metrics (0.0ms) [119d7c65…]

═══ Metrics Summary ═══
╭ Agent Execution Summary ──────────────────────╮
│ Status:   Success   Duration: 32ms   Steps: 2 │
│ Model:    test-model   (test)   Tokens: 7     │
╰───────────────────────────────────────────────╯

📊 Execution Timeline
├─ ✅  [bootstrap]            7ms
├─ ✅  [strategy-select]      1ms
├─ ✅  [think]               15ms (2 steps, 25% of time)
├─ ✅  [memory-flush]        32ms
└─ ✅  [complete]             4ms
  📊 [metric:tokens_used] 4 tokens
  📊 [metric:cost_usd] 0 usd
✓ [completion] Task completed in 0.1s with 4 tokens

═══ Logs (2) ═══
  01:02:52.960 INFO  Execution started {"taskId":"01KQTTHJGMG8K3B2VT1K0XW5ZV","agentId":"agent-1777942972842"}
  01:02:53.017 INFO  Execution completed {"taskId":"01KQTTHJGMG8K3B2VT1K0XW5ZV","success":true,"tokensUsed":4,"cost":0,"duration":56}

═══ Spans (9) ═══
  ✓ execution.run (64.2ms) [9cab675e…]
    ✓ execution.phase.bootstrap (35.0ms) [9cab675e…]
      ✓ phase.bootstrap.metrics (0.0ms) [9cab675e…]
    ✓ execution.phase.strategy-select (1.4ms) [9cab675e…]
      ✓ phase.strategy-select.metrics (0.0ms) [9cab675e…]
    ✓ execution.phase.think (15.1ms) [9cab675e…]
      ✓ phase.think.metrics (0.0ms) [9cab675e…]
    ✓ execution.phase.complete (3.4ms) [9cab675e…]
  ✓ phase.complete.metrics (0.0ms) [9cab675e…]

═══ Metrics Summary ═══
╭ Agent Execution Summary ──────────────────────╮
│ Status:   Success   Duration: 56ms   Steps: 2 │
│ Model:    test-model   (test)   Tokens: 4     │
╰───────────────────────────────────────────────╯

📊 Execution Timeline
├─ ✅  [bootstrap]           33ms
├─ ✅  [strategy-select]      1ms
├─ ✅  [think]               15ms (2 steps, 28% of time)
└─ ✅  [complete]             3ms

packages/benchmarks/tests/benchmark-v2.test.ts:

  [38;2;139;92;246m╔══════════════════════════════════════════════════════╗[0m
  [38;2;139;92;246m║[0m   [1m[38;2;6;182;212mReactive Agents[0m [2mBenchmark Suite[0m                    [38;2;139;92;246m║[0m
  [38;2;139;92;246m╠══════════════════════════════════════════════════════╣[0m
  [38;2;139;92;246m║[0m  [2mProvider[0m [38;2;6;182;212manthropic                                 [0m[38;2;139;92;246m║[0m
  [38;2;139;92;246m║[0m  [2mModel[0m    [38;2;6;182;212mclaude-haiku-4-5                          [0m[38;2;139;92;246m║[0m
  [38;2;139;92;246m║[0m  [2mTasks[0m    [38;2;6;182;212m25                                        [0m[38;2;139;92;246m║[0m
  [38;2;139;92;246m║[0m  [2mTimeout[0m  [38;2;6;182;212m300s                                      [0m[38;2;139;92;246m║[0m
  [38;2;139;92;246m╚══════════════════════════════════════════════════════╝[0m

[2K  [38;2;74;222;128m[0m[2m──────────────────────────────[0m [1m0%[0m [2m(0/25 · 0s)[0m   [38;2;139;92;246m▸[0m [2mtrivial · JS typeof evaluat[0m
packages/reactive-intelligence/tests/m1-dispatcher-validation.test.ts:
163 |       console.log(`  Recovered Tasks: ${result.recoveredTasks.join(", ")}`)
164 |       console.log(`  Mean Intervention Latency: ${result.enabled.meanInterventionLatencyMs.toFixed(1)}ms`)
165 |     } catch (err) {
166 |       // Expected to fail in RED phase: "placeholder data fails the measurement assertions"
167 |       // This confirms the test structure is correct before GREEN phase implementation
168 |       throw new Error(
                      ^
error: RED PHASE EXPECTED FAILURE — measurement infrastructure not yet implemented.
Error: expect(received).toBeGreaterThanOrEqual(expected)

Expected: >= 0.06
Received: 0

Next: Implement GREEN phase measurement hooks to populate metrics.
      at <anonymous> (/home/tylerbuell/Documents/AIProjects/reactive-agents-ts/packages/reactive-intelligence/tests/m1-dispatcher-validation.test.ts:168:17)
(fail) M1 Dispatcher Validation (FM-A2 Recovery) > RED phase: define measurement requirements for RI dispatcher effectiveness [1.00ms]
[2K
packages/trace/__tests__/layer.test.ts:
  [38;2;248;113;113m✗[0m [2mtrivial [0m JS typeof evaluation (MMLU-CS)                   [2m335ms[0m
    [38;2;250;204;21m↳[0m [2mExpected pattern not found in output[0m
[2K  [38;2;74;222;128m━[0m[2m─────────────────────────────[0m [1m4%[0m [2m(1/25 · 0s)[0m [38;2;248;113;113m1✗[0m  [38;2;139;92;246m▸[0m [2mtrivial · Binary arithmet[0m[2K
packages/diagnose/tests/diagnose.test.ts:
  [38;2;248;113;113m✗[0m [2mtrivial [0m Binary arithmetic (MATH baseline)                [2m171ms[0m
    [38;2;250;204;21m↳[0m [2mExpected pattern not found in output[0m
[2K  [38;2;74;222;128m━━[0m[2m────────────────────────────[0m [1m8%[0m [2m(2/25 · 1s)[0m [38;2;248;113;113m2✗[0m  [38;2;139;92;246m▸[0m [2mtrivial · Factual recall [0m[2K
apps/cortex/server/tests/ws-ingest.test.ts:
  [38;2;248;113;113m✗[0m [2mtrivial [0m Factual recall (MMLU-Humanities)                 [2m300ms[0m
    [38;2;250;204;21m↳[0m [2mExpected pattern not found in output[0m
[2K  [38;2;74;222;128m━━━━[0m[2m──────────────────────────[0m [1m12%[0m [2m(3/25 · 1s)[0m [38;2;248;113;113m3✗[0m  [38;2;139;92;246m▸[0m [2mtrivial · Structured out[0m[2K
apps/cortex/server/tests/ws-live.test.ts:
  [38;2;248;113;113m✗[0m [2mtrivial [0m Structured output (AgentEval baseline)           [2m173ms[0m
    [38;2;250;204;21m↳[0m [2mExpected pattern not found in output[0m
[2K  [38;2;74;222;128m━━━━━[0m[2m─────────────────────────[0m [1m16%[0m [2m(4/25 · 1s)[0m [38;2;248;113;113m4✗[0m  [38;2;139;92;246m▸[0m [2msimple · Function implem[0m[2K
apps/cortex/server/tests/gateway-process-manager.test.ts:
  [38;2;248;113;113m✗[0m [38;2;6;182;212msimple  [0m Function implementation (HumanEval Easy)         [2m247ms[0m
    [38;2;250;204;21m↳[0m [2mExpected pattern not found in output[0m
[2K  [38;2;74;222;128m━━━━━━[0m[2m────────────────────────[0m [1m20%[0m [2m(5/25 · 1s)[0m [38;2;248;113;113m5✗[0m  [38;2;139;92;246m▸[0m [2msimple · Case-insensitiv[0m[2K
apps/cortex/server/tests/api-agents.test.ts:
  [38;2;248;113;113m✗[0m [38;2;6;182;212msimple  [0m Case-insensitive palindrome bug (SWE-bench lite) [2m214ms[0m
    [38;2;250;204;21m↳[0m [2mExpected pattern not found in output[0m
[2K  [38;2;74;222;128m━━━━━━━[0m[2m───────────────────────[0m [1m24%[0m [2m(6/25 · 1s)[0m [38;2;248;113;113m6✗[0m  [38;2;139;92;246m▸[0m [2msimple · Time complexity[0m[2K
apps/cortex/server/tests/api-runs.test.ts:
  [38;2;248;113;113m✗[0m [38;2;6;182;212msimple  [0m Time complexity analysis (BIG-Bench Hard CS)     [2m331ms[0m
    [38;2;250;204;21m↳[0m [2mExpected pattern not found in output[0m
[2K  [38;2;74;222;128m━━━━━━━━[0m[2m──────────────────────[0m [1m28%[0m [2m(7/25 · 2s)[0m [38;2;248;113;113m7✗[0m  [38;2;139;92;246m▸[0m [2msimple · Design pattern [0m[2K
apps/cortex/server/tests/config-parity.test.ts:
  [38;2;248;113;113m✗[0m [38;2;6;182;212msimple  [0m Design pattern identification (MMLU-Pro SE)      [2m202ms[0m
    [38;2;250;204;21m↳[0m [2mExpected pattern not found in output[0m
[2K  [38;2;74;222;128m━━━━━━━━━━[0m[2m────────────────────[0m [1m32%[0m [2m(8/25 · 2s)[0m [38;2;248;113;113m8✗[0m  [38;2;139;92;246m▸[0m [2mmoderate · Merge interva[0m[2K
apps/cortex/server/tests/cortex-to-agent-config.test.ts:
  [38;2;248;113;113m✗[0m [38;2;139;92;246mmoderate[0m Merge intervals algorithm (HumanEval Medium)     [2m316ms[0m
    [38;2;250;204;21m↳[0m [2mExpected pattern not found in output[0m
[2K  [38;2;74;222;128m━━━━━━━━━━━[0m[2m───────────────────[0m [1m36%[0m [2m(9/25 · 2s)[0m [38;2;248;113;113m9✗[0m  [38;2;139;92;246m▸[0m [2mmoderate · Multi-step wo[0m[2K  [38;2;248;113;113m✗[0m [38;2;139;92;246mmoderate[0m Multi-step word problem (BIG-Bench Hard)         [2m210ms[0m
    [38;2;250;204;21m↳[0m [2mExpected pattern not found in output[0m
[2K  [38;2;74;222;128m━━━━━━━━━━━━[0m[2m──────────────────[0m [1m40%[0m [2m(10/25 · 3s)[0m [38;2;248;113;113m10✗[0m  [38;2;139;92;246m▸[0m [2mmoderate · SQL injecti[0m[2K
apps/cortex/server/tests/store-service.test.ts:
  [38;2;248;113;113m✗[0m [38;2;139;92;246mmoderate[0m SQL injection fix (SWE-bench / CWE-89)           [2m289ms[0m
    [38;2;250;204;21m↳[0m [2mExpected pattern not found in output[0m
[2K  [38;2;74;222;128m━━━━━━━━━━━━━[0m[2m─────────────────[0m [1m44%[0m [2m(11/25 · 3s)[0m [38;2;248;113;113m11✗[0m  [38;2;139;92;246m▸[0m [2mmoderate · Deduplicate[0m[2K
apps/cortex/server/tests/cortex-ui-tool-merge.test.ts:
  [38;2;248;113;113m✗[0m [38;2;139;92;246mmoderate[0m Deduplicate preserving order (HumanEval #26 adapted) [2m835ms[0m
    [38;2;250;204;21m↳[0m [2mExpected pattern not found in output[0m
[2K  [38;2;74;222;128m━━━━━━━━━━━━━━[0m[2m────────────────[0m [1m48%[0m [2m(12/25 · 4s)[0m [38;2;248;113;113m12✗[0m  [38;2;139;92;246m▸[0m [2mmoderate · Web search [0m[2K
packages/reasoning/tests/strategies/strategy-switching-e2e.test.ts:
  [38;2;248;113;113m✗[0m [38;2;139;92;246mmoderate[0m Web search + synthesis                           [2m316ms[0m
    [38;2;250;204;21m↳[0m [2mExpected pattern not found in output[0m
[2K  [38;2;74;222;128m━━━━━━━━━━━━━━━━[0m[2m──────────────[0m [1m52%[0m [2m(13/25 · 4s)[0m [38;2;248;113;113m13✗[0m  [38;2;139;92;246m▸[0m [2mcomplex · Distributed [0m[2K
packages/reasoning/tests/context/context-engine.test.ts:
  [38;2;248;113;113m✗[0m [38;2;250;204;21mcomplex [0m Distributed task queue design (AgentBench)       [2m201ms[0m
    [38;2;250;204;21m↳[0m [2mExpected pattern not found in output[0m
[2K  [38;2;74;222;128m━━━━━━━━━━━━━━━━━[0m[2m─────────────[0m [1m56%[0m [2m(14/25 · 4s)[0m [38;2;248;113;113m14✗[0m  [38;2;139;92;246m▸[0m [2mcomplex · Multi-vulner[0m[2K
packages/reasoning/tests/shared/kernel-state-evaluating.test.ts:
  [38;2;248;113;113m✗[0m [38;2;250;204;21mcomplex [0m Multi-vulnerability auth review (SWE-bench Security) [2m166ms[0m
    [38;2;250;204;21m↳[0m [2mExpected pattern not found in output[0m
[2K  [38;2;74;222;128m━━━━━━━━━━━━━━━━━━[0m[2m────────────[0m [1m60%[0m [2m(15/25 · 4s)[0m [38;2;248;113;113m15✗[0m  [38;2;139;92;246m▸[0m [2mcomplex · Comprehensiv[0m[2K
packages/runtime/src/__tests__/builder-agent-id.test.ts:
  [38;2;74;222;128m✓[0m [38;2;250;204;21mcomplex [0m Comprehensive test suite generation (TestEval)   [2m277ms[0m
[2K  [38;2;74;222;128m━━━━━━━━━━━━━━━━━━━[0m[2m───────────[0m [1m64%[0m [2m(16/25 · 5s)[0m [38;2;74;222;128m1✓[0m [38;2;248;113;113m15✗[0m  [38;2;139;92;246m▸[0m [2mcomplex · Monolith-[0m[2K
packages/tools/tests/skills/shell-execution.test.ts:
  [38;2;248;113;113m✗[0m [38;2;250;204;21mcomplex [0m Monolith-to-microservices DB decomposition (AgentBench) [2m920ms[0m
    [38;2;250;204;21m↳[0m [2mExpected pattern not found in output[0m
[2K  [38;2;74;222;128m━━━━━━━━━━━━━━━━━━━━[0m[2m──────────[0m [1m68%[0m [2m(17/25 · 6s)[0m [38;2;74;222;128m1✓[0m [38;2;248;113;113m16✗[0m  [38;2;139;92;246m▸[0m [2mcomplex · Multi-too[0m[2K  [38;2;248;113;113m✗[0m [38;2;250;204;21mcomplex [0m Multi-tool data pipeline                         [2m313ms[0m
    [38;2;250;204;21m↳[0m [2mExpected pattern not found in output[0m
[2K  [38;2;74;222;128m━━━━━━━━━━━━━━━━━━━━━━[0m[2m────────[0m [1m72%[0m [2m(18/25 · 6s)[0m [38;2;74;222;128m1✓[0m [38;2;248;113;113m17✗[0m  [38;2;139;92;246m▸[0m [2mcomplex · Multi-age[0m[2K  [38;2;248;113;113m✗[0m [38;2;250;204;21mcomplex [0m Multi-agent task delegation                      [2m344ms[0m
    [38;2;250;204;21m↳[0m [2mExpected pattern not found in output[0m
[2K  [38;2;74;222;128m━━━━━━━━━━━━━━━━━━━━━━━[0m[2m───────[0m [1m76%[0m [2m(19/25 · 6s)[0m [38;2;74;222;128m1✓[0m [38;2;248;113;113m18✗[0m  [38;2;139;92;246m▸[0m [2mexpert · O(n²)→O(n [0m[2K  [38;2;248;113;113m✗[0m [38;2;248;113;113mexpert  [0m O(n²)→O(n log n) algorithm optimization (BIG-Bench Hard) [2m245ms[0m
    [38;2;250;204;21m↳[0m [2mExpected pattern not found in output[0m
[2K  [38;2;74;222;128m━━━━━━━━━━━━━━━━━━━━━━━━[0m[2m──────[0m [1m80%[0m [2m(20/25 · 6s)[0m [38;2;74;222;128m1✓[0m [38;2;248;113;113m19✗[0m  [38;2;139;92;246m▸[0m [2mexpert · Production[0m[2K  [38;2;248;113;113m✗[0m [38;2;248;113;113mexpert  [0m Production SRE incident response (GAIA Level 3)  [2m247ms[0m
    [38;2;250;204;21m↳[0m [2mExpected pattern not found in output[0m
[2K  [38;2;74;222;128m━━━━━━━━━━━━━━━━━━━━━━━━━[0m[2m─────[0m [1m84%[0m [2m(21/25 · 7s)[0m [38;2;74;222;128m1✓[0m [38;2;248;113;113m20✗[0m  [38;2;139;92;246m▸[0m [2mexpert · Logical fa[0m[2K  [38;2;248;113;113m✗[0m [38;2;248;113;113mexpert  [0m Logical fallacy analysis (BIG-Bench Hard reasoning) [2m226ms[0m
    [38;2;250;204;21m↳[0m [2mExpected pattern not found in output[0m
[2K  [38;2;74;222;128m━━━━━━━━━━━━━━━━━━━━━━━━━━[0m[2m────[0m [1m88%[0m [2m(22/25 · 7s)[0m [38;2;74;222;128m1✓[0m [38;2;248;113;113m21✗[0m  [38;2;139;92;246m▸[0m [2mexpert · CRDT colla[0m[2K  [38;2;248;113;113m✗[0m [38;2;248;113;113mexpert  [0m CRDT collaborative editor design (MMLU-Pro / Expert CS) [2m233ms[0m
    [38;2;250;204;21m↳[0m [2mExpected pattern not found in output[0m
[2K  [38;2;74;222;128m━━━━━━━━━━━━━━━━━━━━━━━━━━━━[0m[2m──[0m [1m92%[0m [2m(23/25 · 7s)[0m [38;2;74;222;128m1✓[0m [38;2;248;113;113m22✗[0m  [38;2;139;92;246m▸[0m [2mexpert · Code writi[0m[2K  [38;2;248;113;113m✗[0m [38;2;248;113;113mexpert  [0m Code writing and execution                       [2m335ms[0m
    [38;2;250;204;21m↳[0m [2mExpected pattern not found in output[0m
[2K  [38;2;74;222;128m━━━━━━━━━━━━━━━━━━━━━━━━━━━━━[0m[2m─[0m [1m96%[0m [2m(24/25 · 8s)[0m [38;2;74;222;128m1✓[0m [38;2;248;113;113m23✗[0m  [38;2;139;92;246m▸[0m [2mexpert · Prompt inj[0m[2K  [38;2;248;113;113m✗[0m [38;2;248;113;113mexpert  [0m Prompt injection resistance                      [2m73ms[0m
    [38;2;250;204;21m↳[0m [2mExpected pattern not found in output[0m

  [38;2;74;222;128m━━━━━━━━━━━━━━━━━━━━━━━━━━━━━━[0m[2m[0m [1m100%[0m [2m(25/25 · 8s)[0m [38;2;74;222;128m1✓[0m [38;2;248;113;113m24✗[0m
  [38;2;74;222;128m✨[0m [1mAll 25 tasks completed in 7.6s[0m

  [2mMeasuring framework overhead...[0m
  [38;2;6;182;212m⏱[0m  runtime-creation                 [2m0.012ms avg (10 samples)[0m
  [38;2;6;182;212m⏱[0m  runtime-creation-full            [2m0.015ms avg (10 samples)[0m
  [38;2;6;182;212m⏱[0m  complexity-classification        [2m0.001ms avg (100 samples)[0m

  [38;2;139;92;246m┌─────────────────────────────────────────────────────┐[0m
  [38;2;139;92;246m│[0m  [1m[38;2;6;182;212mResults[0m                                             [38;2;139;92;246m│[0m
  [38;2;139;92;246m├─────────────────────────────────────────────────────┤[0m
  [38;2;139;92;246m│[0m  [38;2;74;222;128m█[0m[2m░░░░░░░░░░░░░░░░░░░░░░░░░░░░░[0m [38;2;248;113;113m[1m1/25[0m [2m(4%)[0m   [38;2;139;92;246m│[0m
  [38;2;139;92;246m│[0m                                                     [38;2;139;92;246m│[0m
  [38;2;139;92;246m│[0m  [2mDuration[0m  [38;2;6;182;212m7.5s total, 0.3s avg                    [0m [38;2;139;92;246m│[0m
  [38;2;139;92;246m│[0m  [2mTokens[0m    [38;2;6;182;212m0                                       [0m [38;2;139;92;246m│[0m
  [38;2;139;92;246m│[0m  [2mCost[0m      [38;2;6;182;212m$0.0000[0m                                 [38;2;139;92;246m│[0m
  [38;2;139;92;246m└─────────────────────────────────────────────────────┘[0m

  [2mPer-tier breakdown:[0m
  [2m  trivial   [0m [38;2;248;113;113m0/4[0m [2m(0%)[0m  [2mavg 245ms[0m
  [38;2;6;182;212m  simple    [0m [38;2;248;113;113m0/4[0m [2m(0%)[0m  [2mavg 248ms[0m
  [38;2;139;92;246m  moderate  [0m [38;2;248;113;113m0/5[0m [2m(0%)[0m  [2mavg 393ms[0m
  [38;2;250;204;21m  complex   [0m [38;2;248;113;113m1/6[0m [2m(17%)[0m  [2mavg 370ms[0m
  [38;2;248;113;113m  expert    [0m [38;2;248;113;113m0/6[0m [2m(0%)[0m  [2mavg 227ms[0m

packages/gateway/tests/services/scheduler-service.test.ts:
[CRON-CHECK] "0 9 * * *" at 05/05/2026, 01:03:10 AM (UTC) → ✗ no match

packages/testing/tests/gate/north-star-gate.test.ts:
✓ Provider: test | Model: test-model | API key: (not required)
→ [phase:execution] Starting...
  📊 [metric:tokens_used] 8 tokens
  📊 [metric:cost_usd] 0 usd
✓ [completion] Task completed in 0.0s with 8 tokens

═══ Logs (2) ═══
  01:03:10.351 INFO  Execution started {"taskId":"01KQTTJ3GBSV5YXPQM65PXB49M","agentId":"agent-1777942990284"}
  01:03:10.373 INFO  Execution completed {"taskId":"01KQTTJ3GBSV5YXPQM65PXB49M","success":true,"tokensUsed":8,"cost":0,"duration":22}

═══ Spans (9) ═══
  ✓ execution.run (27.4ms) [3d8f8305…]
    ✓ execution.phase.bootstrap (5.2ms) [3d8f8305…]
      ✓ phase.bootstrap.metrics (0.0ms) [3d8f8305…]
    ✓ execution.phase.strategy-select (1.0ms) [3d8f8305…]
      ✓ phase.strategy-select.metrics (0.0ms) [3d8f8305…]
    ✓ execution.phase.think (13.2ms) [3d8f8305…]
      ✓ phase.think.metrics (0.0ms) [3d8f8305…]
    ✓ execution.phase.complete (1.8ms) [3d8f8305…]
  ✓ phase.complete.metrics (0.0ms) [3d8f8305…]

═══ Metrics Summary ═══
╭ Agent Execution Summary ──────────────────────╮
│ Status:   Success   Duration: 22ms   Steps: 2 │
│ Model:    test-model   (test)   Tokens: 8     │
╰───────────────────────────────────────────────╯

📊 Execution Timeline
├─ ✅  [bootstrap]            5ms
├─ ✅  [strategy-select]      1ms
├─ ✅  [think]               13ms (2 steps, 65% of time)
└─ ✅  [complete]             1ms
✓ Provider: test | Model: test-model | API key: (not required)
→ [phase:execution] Starting...
  📊 [metric:tokens_used] 2 tokens
  📊 [metric:cost_usd] 0 usd
✓ [completion] Task completed in 0.1s with 2 tokens

═══ Logs (2) ═══
  01:03:10.448 INFO  Execution started {"taskId":"01KQTTJ3K8MDY6A8DDY4MHWHBK","agentId":"agent-1777942990385"}
  01:03:10.486 INFO  Execution completed {"taskId":"01KQTTJ3K8MDY6A8DDY4MHWHBK","success":true,"tokensUsed":2,"cost":0,"duration":39}

═══ Spans (9) ═══
  ✓ execution.run (55.6ms) [26a9f819…]
    ✓ execution.phase.bootstrap (10.0ms) [26a9f819…]
      ✓ phase.bootstrap.metrics (0.0ms) [26a9f819…]
    ✓ execution.phase.strategy-select (1.1ms) [26a9f819…]
      ✓ phase.strategy-select.metrics (0.0ms) [26a9f819…]
    ✓ execution.phase.think (24.5ms) [26a9f819…]
      ✓ phase.think.metrics (0.0ms) [26a9f819…]
    ✓ execution.phase.complete (2.2ms) [26a9f819…]
  ✓ phase.complete.metrics (0.0ms) [26a9f819…]

═══ Metrics Summary ═══
╭ Agent Execution Summary ──────────────────────╮
│ Status:   Success   Duration: 39ms   Steps: 2 │
│ Model:    test-model   (test)   Tokens: 2     │
╰───────────────────────────────────────────────╯

📊 Execution Timeline
├─ ✅  [bootstrap]           10ms
├─ ✅  [strategy-select]      1ms
├─ ✅  [think]               24ms (2 steps, 67% of time)
└─ ✅  [complete]             2ms
✓ Provider: test | Model: test-model | API key: (not required)
→ [phase:execution] Starting...
  📊 [metric:tokens_used] 2 tokens
  📊 [metric:cost_usd] 0 usd
✓ [completion] Task completed in 0.1s with 2 tokens

═══ Logs (2) ═══
  01:03:10.581 INFO  Execution started {"taskId":"01KQTTJ3QB70T3S1J181KED36M","agentId":"agent-1777942990512"}
  01:03:10.631 INFO  Execution completed {"taskId":"01KQTTJ3QB70T3S1J181KED36M","success":true,"tokensUsed":2,"cost":0,"duration":51}

═══ Spans (11) ═══
  ✓ execution.run (53.1ms) [85a8f420…]
    ✓ execution.phase.bootstrap (5.3ms) [85a8f420…]
      ✓ phase.bootstrap.metrics (0.0ms) [85a8f420…]
    ✓ execution.phase.strategy-select (1.0ms) [85a8f420…]
      ✓ phase.strategy-select.metrics (0.0ms) [85a8f420…]
    ✓ execution.phase.think (25.4ms) [85a8f420…]
      ✓ phase.think.metrics (0.0ms) [85a8f420…]
    ✓ execution.phase.complete (17.3ms) [85a8f420…]
      ✓ execution.phase.memory-flush (18.9ms) [85a8f420…]
        ✓ phase.complete.metrics (0.0ms) [85a8f420…]
    ✓ phase.memory-flush.metrics (0.0ms) [85a8f420…]

═══ Metrics Summary ═══
╭ Agent Execution Summary ──────────────────────╮
│ Status:   Success   Duration: 51ms   Steps: 2 │
│ Model:    test-model   (test)   Tokens: 2     │
╰───────────────────────────────────────────────╯

📊 Execution Timeline
├─ ✅  [bootstrap]            5ms
├─ ✅  [strategy-select]      1ms
├─ ✅  [think]               18ms (2 steps, 31% of time)
├─ ✅  [memory-flush]        19ms
└─ ✅  [complete]            17ms
✓ Provider: test | Model: test-model | API key: (not required)
→ [phase:execution] Starting...
  📊 [metric:tokens_used] 5 tokens
  📊 [metric:cost_usd] 0 usd
✓ [completion] Task completed in 0.1s with 5 tokens

═══ Logs (2) ═══
  01:03:10.709 INFO  Execution started {"taskId":"01KQTTJ3VF65TKRTPTBYW2PYZ1","agentId":"agent-1777942990640"}
  01:03:10.762 INFO  Execution completed {"taskId":"01KQTTJ3VF65TKRTPTBYW2PYZ1","success":true,"tokensUsed":5,"cost":0,"duration":54}

═══ Spans (11) ═══
  ✓ execution.run (67.4ms) [3b827a8b…]
    ✓ execution.phase.bootstrap (16.8ms) [3b827a8b…]
      ✓ phase.bootstrap.metrics (0.0ms) [3b827a8b…]
    ✓ execution.phase.strategy-select (4.4ms) [3b827a8b…]
      ✓ phase.strategy-select.metrics (0.0ms) [3b827a8b…]
    ✓ execution.phase.think (27.3ms) [3b827a8b…]
      ✓ phase.think.metrics (0.0ms) [3b827a8b…]
    ✓ execution.phase.complete (3.1ms) [3b827a8b…]
      ✓ execution.phase.memory-flush (16.2ms) [3b827a8b…]
        ✓ phase.complete.metrics (0.0ms) [3b827a8b…]
    ✓ phase.memory-flush.metrics (0.0ms) [3b827a8b…]

═══ Metrics Summary ═══
╭ Agent Execution Summary ──────────────────────╮
│ Status:   Success   Duration: 54ms   Steps: 2 │
│ Model:    test-model   (test)   Tokens: 5     │
╰───────────────────────────────────────────────╯

📊 Execution Timeline
├─ ✅  [bootstrap]            5ms
├─ ✅  [strategy-select]      3ms
├─ ✅  [think]               27ms (2 steps, 52% of time)
├─ ✅  [memory-flush]        16ms
└─ ✅  [complete]             2ms
✓ Provider: test | Model: test-model | API key: (not required)
→ [phase:execution] Starting...
  📊 [metric:tokens_used] 2 tokens
  📊 [metric:cost_usd] 0 usd
✓ [completion] Task completed in 0.1s with 2 tokens

═══ Logs (2) ═══
  01:03:10.863 INFO  Execution started {"taskId":"01KQTTJ404KNCKH9QEKDB3N5JY","agentId":"agent-1777942990784"}
  01:03:10.911 INFO  Execution completed {"taskId":"01KQTTJ404KNCKH9QEKDB3N5JY","success":true,"tokensUsed":2,"cost":0,"duration":48}

═══ Spans (9) ═══
  ✓ execution.run (56.1ms) [60c72045…]
    ✓ execution.phase.bootstrap (9.2ms) [60c72045…]
      ✓ phase.bootstrap.metrics (0.0ms) [60c72045…]
    ✓ execution.phase.strategy-select (1.2ms) [60c72045…]
      ✓ phase.strategy-select.metrics (0.0ms) [60c72045…]
    ✓ execution.phase.think (34.0ms) [60c72045…]
      ✓ phase.think.metrics (0.0ms) [60c72045…]
    ✓ execution.phase.complete (2.3ms) [60c72045…]
  ✓ phase.complete.metrics (0.0ms) [60c72045…]

═══ Metrics Summary ═══
╭ Agent Execution Summary ──────────────────────╮
│ Status:   Success   Duration: 48ms   Steps: 2 │
│ Model:    test-model   (test)   Tokens: 2     │
╰───────────────────────────────────────────────╯

📊 Execution Timeline
├─ ✅  [bootstrap]            9ms
├─ ✅  [strategy-select]      1ms
├─ ✅  [think]               33ms (2 steps, 74% of time)
└─ ✅  [complete]             2ms
✓ Provider: test | Model: test-model | API key: (not required)
→ [phase:execution] Starting...
  📊 [metric:tokens_used] 2 tokens
  📊 [metric:cost_usd] 0 usd
✓ [completion] Task completed in 0.1s with 2 tokens

═══ Logs (2) ═══
  01:03:11.003 INFO  Execution started {"taskId":"01KQTTJ449GD1MG9ZC0Q4582AS","agentId":"agent-1777942990926"}
  01:03:11.056 INFO  Execution completed {"taskId":"01KQTTJ449GD1MG9ZC0Q4582AS","success":true,"tokensUsed":2,"cost":0,"duration":53}

═══ Spans (11) ═══
  ✓ execution.run (63.2ms) [368ff804…]
    ✓ execution.phase.bootstrap (20.4ms) [368ff804…]
      ✓ phase.bootstrap.metrics (0.0ms) [368ff804…]
    ✓ execution.phase.strategy-select (1.6ms) [368ff804…]
      ✓ phase.strategy-select.metrics (0.0ms) [368ff804…]
    ✓ execution.phase.think (27.9ms) [368ff804…]
      ✓ phase.think.metrics (0.0ms) [368ff804…]
    ✓ execution.phase.complete (1.9ms) [368ff804…]
      ✓ execution.phase.memory-flush (4.8ms) [368ff804…]
        ✓ phase.complete.metrics (0.0ms) [368ff804…]
    ✓ phase.memory-flush.metrics (0.0ms) [368ff804…]

═══ Metrics Summary ═══
╭ Agent Execution Summary ──────────────────────╮
│ Status:   Success   Duration: 53ms   Steps: 2 │
│ Model:    test-model   (test)   Tokens: 2     │
╰───────────────────────────────────────────────╯

📊 Execution Timeline
├─ ✅  [bootstrap]           20ms
├─ ✅  [strategy-select]      1ms
├─ ✅  [think]               27ms (2 steps, 50% of time)
├─ ✅  [memory-flush]         4ms
└─ ✅  [complete]             2ms
✓ Provider: test | Model: test-model | API key: (not required)
→ [phase:execution] Starting...
  📊 [metric:tokens_used] 2 tokens
  📊 [metric:cost_usd] 0 usd
✓ [completion] Task completed in 0.1s with 2 tokens

═══ Logs (2) ═══
  01:03:11.127 INFO  Execution started {"taskId":"01KQTTJ48H3J1MHAQHMAXRAHJ3","agentId":"agent-1777942991070"}
  01:03:11.175 INFO  Execution completed {"taskId":"01KQTTJ48H3J1MHAQHMAXRAHJ3","success":true,"tokensUsed":2,"cost":0,"duration":49}

═══ Spans (11) ═══
  ✓ execution.run (56.0ms) [578e7397…]
    ✓ execution.phase.bootstrap (26.6ms) [578e7397…]
      ✓ phase.bootstrap.metrics (0.0ms) [578e7397…]
    ✓ execution.phase.strategy-select (1.1ms) [578e7397…]
      ✓ phase.strategy-select.metrics (0.0ms) [578e7397…]
    ✓ execution.phase.think (14.5ms) [578e7397…]
      ✓ phase.think.metrics (0.0ms) [578e7397…]
    ✓ execution.phase.complete (3.3ms) [578e7397…]
      ✓ execution.phase.memory-flush (10.0ms) [578e7397…]
        ✓ phase.complete.metrics (0.0ms) [578e7397…]
    ✓ phase.memory-flush.metrics (0.0ms) [578e7397…]

═══ Metrics Summary ═══
╭ Agent Execution Summary ──────────────────────╮
│ Status:   Success   Duration: 49ms   Steps: 2 │
│ Model:    test-model   (test)   Tokens: 2     │
╰───────────────────────────────────────────────╯

📊 Execution Timeline
├─ ✅  [bootstrap]           25ms
├─ ✅  [strategy-select]      1ms
├─ ✅  [think]               14ms (2 steps, 27% of time)
├─ ✅  [memory-flush]         9ms
└─ ✅  [complete]             3ms
✓ Provider: test | Model: test-model | API key: (not required)
→ [phase:execution] Starting...
  📊 [metric:tokens_used] 2 tokens
  📊 [metric:cost_usd] 0 usd
✓ [completion] Task completed in 0.0s with 2 tokens

═══ Logs (2) ═══
  01:03:11.254 INFO  Execution started {"taskId":"01KQTTJ4CHDM1577K7WPDYHRS0","agentId":"agent-1777942991187"}
  01:03:11.299 INFO  Execution completed {"taskId":"01KQTTJ4CHDM1577K7WPDYHRS0","success":true,"tokensUsed":2,"cost":0,"duration":45}

═══ Spans (9) ═══
  ✓ execution.run (49.4ms) [6beac8fc…]
    ✓ execution.phase.bootstrap (4.2ms) [6beac8fc…]
      ✓ phase.bootstrap.metrics (0.0ms) [6beac8fc…]
    ✓ execution.phase.strategy-select (1.5ms) [6beac8fc…]
      ✓ phase.strategy-select.metrics (0.0ms) [6beac8fc…]
    ✓ execution.phase.think (27.2ms) [6beac8fc…]
      ✓ phase.think.metrics (0.0ms) [6beac8fc…]
    ✓ execution.phase.complete (5.1ms) [6beac8fc…]
  ✓ phase.complete.metrics (0.0ms) [6beac8fc…]

═══ Metrics Summary ═══
╭ Agent Execution Summary ──────────────────────╮
│ Status:   Success   Duration: 45ms   Steps: 2 │
│ Model:    test-model   (test)   Tokens: 2     │
╰───────────────────────────────────────────────╯

📊 Execution Timeline
├─ ✅  [bootstrap]            4ms
├─ ✅  [strategy-select]      1ms
├─ ✅  [think]               27ms (2 steps, 80% of time)
└─ ✅  [complete]             2ms
✓ Provider: test | Model: test-model | API key: (not required)
→ [phase:execution] Starting...
  📊 [metric:tokens_used] 2 tokens
  📊 [metric:cost_usd] 0 usd
✓ [completion] Task completed in 0.0s with 2 tokens

═══ Logs (2) ═══
  01:03:11.394 INFO  Execution started {"taskId":"01KQTTJ4GW6F6580ZPH93ZTRHD","agentId":"agent-1777942991317"}
  01:03:11.414 INFO  Execution completed {"taskId":"01KQTTJ4GW6F6580ZPH93ZTRHD","success":true,"tokensUsed":2,"cost":0,"duration":20}

═══ Spans (9) ═══
  ✓ execution.run (24.2ms) [f4ebb7c8…]
    ✓ execution.phase.bootstrap (2.7ms) [f4ebb7c8…]
      ✓ phase.bootstrap.metrics (0.0ms) [f4ebb7c8…]
    ✓ execution.phase.strategy-select (1.8ms) [f4ebb7c8…]
      ✓ phase.strategy-select.metrics (0.0ms) [f4ebb7c8…]
    ✓ execution.phase.think (12.9ms) [f4ebb7c8…]
      ✓ phase.think.metrics (0.0ms) [f4ebb7c8…]
    ✓ execution.phase.complete (1.6ms) [f4ebb7c8…]
  ✓ phase.complete.metrics (0.0ms) [f4ebb7c8…]

═══ Metrics Summary ═══
╭ Agent Execution Summary ──────────────────────╮
│ Status:   Success   Duration: 20ms   Steps: 2 │
│ Model:    test-model   (test)   Tokens: 2     │
╰───────────────────────────────────────────────╯

📊 Execution Timeline
├─ ✅  [bootstrap]            2ms
├─ ✅  [strategy-select]      1ms
├─ ✅  [think]               13ms (2 steps, 72% of time)
└─ ✅  [complete]             1ms
✓ Provider: test | Model: test-model | API key: (not required)
→ [phase:execution] Starting...
  📊 [metric:tokens_used] 2 tokens
  📊 [metric:cost_usd] 0 usd
✓ [completion] Task completed in 0.1s with 2 tokens

═══ Logs (2) ═══
  01:03:11.508 INFO  Execution started {"taskId":"01KQTTJ4M9QMJ93JZDWKEHR2K2","agentId":"agent-1777942991434"}
  01:03:11.569 INFO  Execution completed {"taskId":"01KQTTJ4M9QMJ93JZDWKEHR2K2","success":true,"tokensUsed":2,"cost":0,"duration":63}

═══ Spans (11) ═══
  ✓ execution.run (65.9ms) [6b477b89…]
    ✓ execution.phase.bootstrap (38.7ms) [6b477b89…]
      ✓ phase.bootstrap.metrics (0.0ms) [6b477b89…]
    ✓ execution.phase.strategy-select (4.0ms) [6b477b89…]
      ✓ phase.strategy-select.metrics (0.0ms) [6b477b89…]
    ✓ execution.phase.think (14.3ms) [6b477b89…]
      ✓ phase.think.metrics (0.0ms) [6b477b89…]
    ✓ execution.phase.complete (3.8ms) [6b477b89…]
      ✓ execution.phase.memory-flush (6.3ms) [6b477b89…]
        ✓ phase.complete.metrics (0.0ms) [6b477b89…]
    ✓ phase.memory-flush.metrics (0.0ms) [6b477b89…]

═══ Metrics Summary ═══
╭ Agent Execution Summary ──────────────────────╮
│ Status:   Success   Duration: 63ms   Steps: 2 │
│ Model:    test-model   (test)   Tokens: 2     │
╰───────────────────────────────────────────────╯

📊 Execution Timeline
├─ ✅  [bootstrap]           38ms
├─ ✅  [strategy-select]      1ms
├─ ✅  [think]               14ms (2 steps, 22% of time)
├─ ✅  [memory-flush]         6ms
└─ ✅  [complete]             3ms
✓ Provider: test | Model: test-model | API key: (not required)
→ [phase:execution] Starting...
  📊 [metric:tokens_used] 2 tokens
  📊 [metric:cost_usd] 0 usd
✓ [completion] Task completed in 0.0s with 2 tokens

═══ Logs (2) ═══
  01:03:11.652 INFO  Execution started {"taskId":"01KQTTJ4RXHTG02CSNMVGRA073","agentId":"agent-1777942991587"}
  01:03:11.685 INFO  Execution completed {"taskId":"01KQTTJ4RXHTG02CSNMVGRA073","success":true,"tokensUsed":2,"cost":0,"duration":34}

═══ Spans (9) ═══
  ✓ execution.run (44.2ms) [6c77a322…]
    ✓ execution.phase.bootstrap (13.2ms) [6c77a322…]
      ✓ phase.bootstrap.metrics (0.0ms) [6c77a322…]
    ✓ execution.phase.strategy-select (1.6ms) [6c77a322…]
      ✓ phase.strategy-select.metrics (0.0ms) [6c77a322…]
    ✓ execution.phase.think (14.4ms) [6c77a322…]
      ✓ phase.think.metrics (0.0ms) [6c77a322…]
    ✓ execution.phase.complete (3.1ms) [6c77a322…]
  ✓ phase.complete.metrics (0.0ms) [6c77a322…]

═══ Metrics Summary ═══
╭ Agent Execution Summary ──────────────────────╮
│ Status:   Success   Duration: 34ms   Steps: 2 │
│ Model:    test-model   (test)   Tokens: 2     │
╰───────────────────────────────────────────────╯

📊 Execution Timeline
├─ ✅  [bootstrap]           13ms
├─ ✅  [strategy-select]      1ms
├─ ✅  [think]               14ms (2 steps, 47% of time)
└─ ✅  [complete]             2ms
✓ Provider: test | Model: test-model | API key: (not required)
→ [phase:execution] Starting...
  📊 [metric:tokens_used] 2 tokens
  📊 [metric:cost_usd] 0 usd
✓ [completion] Task completed in 0.1s with 2 tokens

═══ Logs (2) ═══
  01:03:11.774 INFO  Execution started {"taskId":"01KQTTJ4WQ7S1JYZBNZ86WYJZG","agentId":"agent-1777942991703"}
  01:03:11.867 INFO  Execution completed {"taskId":"01KQTTJ4WQ7S1JYZBNZ86WYJZG","success":true,"tokensUsed":2,"cost":0,"duration":94}

═══ Spans (9) ═══
  ✓ execution.run (95.8ms) [c1b857e1…]
    ✓ execution.phase.bootstrap (40.0ms) [c1b857e1…]
      ✓ phase.bootstrap.metrics (0.0ms) [c1b857e1…]
    ✓ execution.phase.strategy-select (3.5ms) [c1b857e1…]
      ✓ phase.strategy-select.metrics (0.0ms) [c1b857e1…]
    ✓ execution.phase.think (37.7ms) [c1b857e1…]
      ✓ phase.think.metrics (0.0ms) [c1b857e1…]
    ✓ execution.phase.complete (2.3ms) [c1b857e1…]
  ✓ phase.complete.metrics (0.0ms) [c1b857e1…]

═══ Metrics Summary ═══
╭ Agent Execution Summary ──────────────────────╮
│ Status:   Success   Duration: 94ms   Steps: 2 │
│ Model:    test-model   (test)   Tokens: 2     │
╰───────────────────────────────────────────────╯

📊 Execution Timeline
├─ ✅  [bootstrap]           38ms
├─ ✅  [strategy-select]      3ms
├─ ✅  [think]               37ms (2 steps, 46% of time)
└─ ✅  [complete]             2ms
✓ Provider: test | Model: test-model | API key: (not required)
→ [phase:execution] Starting...
  📊 [metric:tokens_used] 2 tokens
  📊 [metric:cost_usd] 0 usd
✓ [completion] Task completed in 0.0s with 2 tokens

═══ Logs (2) ═══
  01:03:11.954 INFO  Execution started {"taskId":"01KQTTJ52A9R59KP33QKG88NDP","agentId":"agent-1777942991882"}
  01:03:11.975 INFO  Execution completed {"taskId":"01KQTTJ52A9R59KP33QKG88NDP","success":true,"tokensUsed":2,"cost":0,"duration":22}

═══ Spans (11) ═══
  ✓ execution.run (47.3ms) [472eba86…]
    ✓ execution.phase.bootstrap (2.5ms) [472eba86…]
      ✓ phase.bootstrap.metrics (0.0ms) [472eba86…]
    ✓ execution.phase.strategy-select (1.2ms) [472eba86…]
      ✓ phase.strategy-select.metrics (0.0ms) [472eba86…]
    ✓ execution.phase.think (14.7ms) [472eba86…]
      ✓ phase.think.metrics (0.0ms) [472eba86…]
    ✓ execution.phase.complete (1.8ms) [472eba86…]
      ✓ execution.phase.memory-flush (23.5ms) [472eba86…]
        ✓ phase.complete.metrics (0.0ms) [472eba86…]
    ✓ phase.memory-flush.metrics (0.0ms) [472eba86…]

═══ Metrics Summary ═══
╭ Agent Execution Summary ──────────────────────╮
│ Status:   Success   Duration: 22ms   Steps: 2 │
│ Model:    test-model   (test)   Tokens: 2     │
╰───────────────────────────────────────────────╯

📊 Execution Timeline
├─ ✅  [bootstrap]            1ms
├─ ✅  [strategy-select]      1ms
├─ ✅  [think]               14ms (2 steps, 34% of time)
├─ ✅  [memory-flush]        23ms
└─ ✅  [complete]             1ms
✓ Provider: test | Model: test-model | API key: (not required)
→ [phase:execution] Starting...
  📊 [metric:tokens_used] 2 tokens
  📊 [metric:cost_usd] 0 usd
✓ [completion] Task completed in 0.0s with 2 tokens

═══ Logs (2) ═══
  01:03:12.071 INFO  Execution started {"taskId":"01KQTTJ55ZNS7EYECJXQ28RQH4","agentId":"agent-1777942992005"}
  01:03:12.116 INFO  Execution completed {"taskId":"01KQTTJ55ZNS7EYECJXQ28RQH4","success":true,"tokensUsed":2,"cost":0,"duration":46}

═══ Spans (9) ═══
  ✓ execution.run (48.9ms) [25b58334…]
    ✓ execution.phase.bootstrap (21.9ms) [25b58334…]
      ✓ phase.bootstrap.metrics (0.0ms) [25b58334…]
    ✓ execution.phase.strategy-select (2.0ms) [25b58334…]
      ✓ phase.strategy-select.metrics (0.0ms) [25b58334…]
    ✓ execution.phase.think (16.6ms) [25b58334…]
      ✓ phase.think.metrics (0.0ms) [25b58334…]
    ✓ execution.phase.complete (3.6ms) [25b58334…]
  ✓ phase.complete.metrics (0.0ms) [25b58334…]

═══ Metrics Summary ═══
╭ Agent Execution Summary ──────────────────────╮
│ Status:   Success   Duration: 46ms   Steps: 2 │
│ Model:    test-model   (test)   Tokens: 2     │
╰───────────────────────────────────────────────╯

📊 Execution Timeline
├─ ✅  [bootstrap]           21ms
├─ ✅  [strategy-select]      1ms
├─ ✅  [think]               16ms (2 steps, 39% of time)
└─ ✅  [complete]             3ms
✓ Provider: test | Model: test-model | API key: (not required)
→ [phase:execution] Starting...
  📊 [metric:tokens_used] 2 tokens
  📊 [metric:cost_usd] 0 usd
✓ [completion] Task completed in 0.0s with 2 tokens

═══ Logs (2) ═══
  01:03:12.202 INFO  Execution started {"taskId":"01KQTTJ5A5RM2PJRNZD2BHBAAC","agentId":"agent-1777942992130"}
  01:03:12.224 INFO  Execution completed {"taskId":"01KQTTJ5A5RM2PJRNZD2BHBAAC","success":true,"tokensUsed":2,"cost":0,"duration":22}

═══ Spans (9) ═══
  ✓ execution.run (23.7ms) [c16b3e06…]
    ✓ execution.phase.bootstrap (1.4ms) [c16b3e06…]
      ✓ phase.bootstrap.metrics (0.0ms) [c16b3e06…]
    ✓ execution.phase.strategy-select (1.8ms) [c16b3e06…]
      ✓ phase.strategy-select.metrics (0.0ms) [c16b3e06…]
    ✓ execution.phase.think (14.9ms) [c16b3e06…]
      ✓ phase.think.metrics (0.0ms) [c16b3e06…]
    ✓ execution.phase.complete (1.7ms) [c16b3e06…]
  ✓ phase.complete.metrics (0.0ms) [c16b3e06…]

═══ Metrics Summary ═══
╭ Agent Execution Summary ──────────────────────╮
│ Status:   Success   Duration: 22ms   Steps: 2 │
│ Model:    test-model   (test)   Tokens: 2     │
╰───────────────────────────────────────────────╯

📊 Execution Timeline
├─ ✅  [bootstrap]            1ms
├─ ✅  [strategy-select]      1ms
├─ ✅  [think]               14ms (2 steps, 82% of time)
└─ ✅  [complete]             1ms

packages/reactive-intelligence/tests/sensor/validation.test.ts:
High-signal accuracy: 100.0% (22/22)
Low-signal accuracy: 87.0% (20/23)
  FAIL: "empty thought" composite=0.632
  FAIL: "single word repeated" composite=0.650
  FAIL: "single letter spam" composite=0.637
Ambiguous in-range: 100.0% (20/20)
Dataset: 65 total — high-signal: 22, low-signal: 23, ambiguous: 20

packages/reactive-intelligence/tests/skills/skill-registry.test.ts:
[SkillRegistry] Missing required field 'name' in /tmp/test-skill-registry/no-name/SKILL.md
[SkillRegistry] Missing recommended field 'description' in /tmp/test-skill-registry/no-desc/SKILL.md
145 | description: Skill A
146 | ---
147 | Instructions A.
148 | `);
149 |       const result = discoverSkills([skillsDir], "agent-1", TMP_DIR);
150 |       expect(result.skills).toHaveLength(1);
                                  ^
error: expect(received).toHaveLength(expected)

Expected length: 1
Received length: 2

      at <anonymous> (/home/tylerbuell/Documents/AIProjects/reactive-agents-ts/packages/reactive-intelligence/tests/skills/skill-registry.test.ts:150:29)
(fail) SkillRegistry > discoverSkills > finds SKILL.md files in custom paths
165 | description: Low priority version
166 | ---
167 | Low.
168 | `);
169 |       const result = discoverSkills([dir1, dir2], "agent-1", TMP_DIR);
170 |       expect(result.skills).toHaveLength(1);
                                  ^
error: expect(received).toHaveLength(expected)

Expected length: 1
Received length: 2

      at <anonymous> (/home/tylerbuell/Documents/AIProjects/reactive-agents-ts/packages/reactive-intelligence/tests/skills/skill-registry.test.ts:170:29)
(fail) SkillRegistry > discoverSkills > detects name collisions and keeps first by precedence [1.00ms]
175 |     it("ignores directories without SKILL.md", () => {
176 |       const dir = path.join(TMP_DIR, "no-skills");
177 |       fs.mkdirSync(path.join(dir, "random-dir"), { recursive: true });
178 |       fs.writeFileSync(path.join(dir, "random-dir", "README.md"), "Not a skill");
179 |       const result = discoverSkills([dir], "agent-1", TMP_DIR);
180 |       expect(result.skills).toHaveLength(0);
                                  ^
error: expect(received).toHaveLength(expected)

Expected length: 0
Received length: 1

      at <anonymous> (/home/tylerbuell/Documents/AIProjects/reactive-agents-ts/packages/reactive-intelligence/tests/skills/skill-registry.test.ts:180:29)
(fail) SkillRegistry > discoverSkills > ignores directories without SKILL.md
180 |       expect(result.skills).toHaveLength(0);
181 |     });
182 | 
183 |     it("handles non-existent scan paths gracefully", () => {
184 |       const result = discoverSkills(["/nonexistent/path"], "agent-1", TMP_DIR);
185 |       expect(result.skills).toHaveLength(0);
                                  ^
error: expect(received).toHaveLength(expected)

Expected length: 0
Received length: 1

      at <anonymous> (/home/tylerbuell/Documents/AIProjects/reactive-agents-ts/packages/reactive-intelligence/tests/skills/skill-registry.test.ts:185:29)
(fail) SkillRegistry > discoverSkills > handles non-existent scan paths gracefully [1.00ms]

packages/reactive-intelligence/tests/skills/skill-resolver.test.ts:
257 |         const result = yield* resolver.resolve({
258 |           taskDescription: "test",
259 |           modelId: "test",
260 |           agentId: "agent-1",
261 |         });
262 |         expect(result.all.length).toBe(2);
      ^
(FiberFailure) Error: expect(received).toBe(expected)

Expected: 2
Received: 3

 effect/Runtime/FiberFailure: Symbol(effect/Runtime/FiberFailure),
 effect/Runtime/FiberFailure/Cause: {
  _tag: "Die",
  defect: 257 |         const result = yield* resolver.resolve({
258 |           taskDescription: "test",
259 |           modelId: "test",
260 |           agentId: "agent-1",
261 |         });
262 |         expect(result.all.length).toBe(2);
      ^
error: expect(received).toBe(expected)

Expected: 2
Received: 3

      at toBe (unknown:1:1)
      at /home/tylerbuell/Documents/AIProjects/reactive-agents-ts/packages/reactive-intelligence/tests/skills/skill-resolver.test.ts:262:35
      at effect_internal_function (/home/tylerbuell/Documents/AIProjects/reactive-agents-ts/node_modules/effect/dist/esm/Utils.js:339:14)
      at Iterator (/home/tylerbuell/Documents/AIProjects/reactive-agents-ts/node_modules/effect/dist/esm/internal/fiberRuntime.js:136:1)
      at runLoop (/home/tylerbuell/Documents/AIProjects/reactive-agents-ts/node_modules/effect/dist/esm/internal/fiberRuntime.js:1581:25)
      at evaluateEffect (/home/tylerbuell/Documents/AIProjects/reactive-agents-ts/node_modules/effect/dist/esm/internal/fiberRuntime.js:1076:15)
      at evaluateMessageWhileSuspended (/home/tylerbuell/Documents/AIProjects/reactive-agents-ts/node_modules/effect/dist/esm/internal/fiberRuntime.js:1043:12)
      at drainQueueOnCurrentThread (/home/tylerbuell/Documents/AIProjects/reactive-agents-ts/node_modules/effect/dist/esm/internal/fiberRuntime.js:744:39)
      at run (/home/tylerbuell/Documents/AIProjects/reactive-agents-ts/node_modules/effect/dist/esm/internal/fiberRuntime.js:1622:4)
      at starveInternal (/home/tylerbuell/Documents/AIProjects/reactive-agents-ts/node_modules/effect/dist/esm/Scheduler.js:141:11)
      at processTicksAndRejections (native:7:39)
,
  [Symbol(effect/Cause)]: [Object ...],
  [Symbol(effect/Hash)]: [Function],
  [Symbol(effect/Equal)]: [Function],
  pipe: [Function: pipe],
  toJSON: [Function: toJSON],
  toString: [Function: toString],
  [Symbol(nodejs.util.inspect.custom)]: [Function],
},

      at toBe (unknown:1:1)
      at /home/tylerbuell/Documents/AIProjects/reactive-agents-ts/packages/reactive-intelligence/tests/skills/skill-resolver.test.ts:262:35
(fail) SkillResolverService > resolve() sorts by confidence then score [1.00ms]
275 |         const result = yield* resolver.resolve({
276 |           taskDescription: "anything",
277 |           modelId: "test",
278 |           agentId: "agent-1",
279 |         });
280 |         expect(result.all).toHaveLength(0);
      ^
(FiberFailure) Error: expect(received).toHaveLength(expected)

Expected length: 0
Received length: 1

 effect/Runtime/FiberFailure: Symbol(effect/Runtime/FiberFailure),
 effect/Runtime/FiberFailure/Cause: {
  _tag: "Die",
  defect: 275 |         const result = yield* resolver.resolve({
276 |           taskDescription: "anything",
277 |           modelId: "test",
278 |           agentId: "agent-1",
279 |         });
280 |         expect(result.all).toHaveLength(0);
      ^
error: expect(received).toHaveLength(expected)

Expected length: 0
Received length: 1

      at toHaveLength (unknown:1:1)
      at /home/tylerbuell/Documents/AIProjects/reactive-agents-ts/packages/reactive-intelligence/tests/skills/skill-resolver.test.ts:280:28
      at effect_internal_function (/home/tylerbuell/Documents/AIProjects/reactive-agents-ts/node_modules/effect/dist/esm/Utils.js:339:14)
      at Iterator (/home/tylerbuell/Documents/AIProjects/reactive-agents-ts/node_modules/effect/dist/esm/internal/fiberRuntime.js:136:1)
      at runLoop (/home/tylerbuell/Documents/AIProjects/reactive-agents-ts/node_modules/effect/dist/esm/internal/fiberRuntime.js:1581:25)
      at evaluateEffect (/home/tylerbuell/Documents/AIProjects/reactive-agents-ts/node_modules/effect/dist/esm/internal/fiberRuntime.js:1076:15)
      at evaluateMessageWhileSuspended (/home/tylerbuell/Documents/AIProjects/reactive-agents-ts/node_modules/effect/dist/esm/internal/fiberRuntime.js:1043:12)
      at drainQueueOnCurrentThread (/home/tylerbuell/Documents/AIProjects/reactive-agents-ts/node_modules/effect/dist/esm/internal/fiberRuntime.js:744:39)
      at run (/home/tylerbuell/Documents/AIProjects/reactive-agents-ts/node_modules/effect/dist/esm/internal/fiberRuntime.js:1622:4)
      at starveInternal (/home/tylerbuell/Documents/AIProjects/reactive-agents-ts/node_modules/effect/dist/esm/Scheduler.js:141:11)
      at processTicksAndRejections (native:7:39)
,
  [Symbol(effect/Cause)]: [Object ...],
  [Symbol(effect/Hash)]: [Function],
  [Symbol(effect/Equal)]: [Function],
  pipe: [Function: pipe],
  toJSON: [Function: toJSON],
  toString: [Function: toString],
  [Symbol(nodejs.util.inspect.custom)]: [Function],
},

      at toHaveLength (unknown:1:1)
      at /home/tylerbuell/Documents/AIProjects/reactive-agents-ts/packages/reactive-intelligence/tests/skills/skill-resolver.test.ts:280:28
(fail) SkillResolverService > resolve() returns empty when no paths and no store [1.00ms]
[SkillResolver] Collision on 'shared-skill': learned skill overrides installed

 4978 pass
 23 skip
 8 fail
 12404 expect() calls
Ran 5009 tests across 551 files. [96.09s]
